fetch_started=2026-08-11T05:00:51Z
remote=git://review.tizen.org/git/platform/upstream/ffmpeg
branch=tizen
source_dir=/home/linhao/Toolchain/development/musl-libc-research/tmp/ffmpeg-tizen
command=git clone "git://review.tizen.org/git/platform/upstream/ffmpeg" -b tizen /home/linhao/Toolchain/development/musl-libc-research/tmp/ffmpeg-tizen
Cloning into '/home/linhao/Toolchain/development/musl-libc-research/tmp/ffmpeg-tizen'...
freeze=CREATE
checkout_commit=c15459c9fc8976827db7eaac643e84db2d1ea534
checkout_status=clean
archive=CREATE
first_freeze=1
frozen_commit=c15459c9fc8976827db7eaac643e84db2d1ea534
archive_sha256=f12101bcbec88f664bf50daf96bb4dbdd9326615ff11e1555f0eb3b1ff37f2f8
provenance=/home/linhao/Toolchain/development/musl-libc-research/results/logs/ffmpeg-src-provenance.txt
source_review=REQUIRED
fetch_finished=2026-08-11T05:01:01Z
FFMPEG_FETCH_PASS

fetch_started=2026-08-11T05:01:50Z
remote=git://review.tizen.org/git/platform/upstream/ffmpeg
branch=tizen
source_dir=/home/linhao/Toolchain/development/musl-libc-research/tmp/ffmpeg-tizen
clone=SKIP existing_checkout
checkout_commit=c15459c9fc8976827db7eaac643e84db2d1ea534
checkout_status=clean
short_circuit=PASS frozen checkout and archive already match
first_freeze=0
frozen_commit=c15459c9fc8976827db7eaac643e84db2d1ea534
archive_sha256=f12101bcbec88f664bf50daf96bb4dbdd9326615ff11e1555f0eb3b1ff37f2f8
provenance=/home/linhao/Toolchain/development/musl-libc-research/results/logs/ffmpeg-src-provenance.txt
source_review=REQUIRED
fetch_finished=2026-08-11T05:01:52Z
FFMPEG_FETCH_PASS

fetch_started=2026-08-11T05:03:20Z
remote=git://review.tizen.org/git/platform/upstream/ffmpeg
branch=tizen
source_dir=/home/linhao/Toolchain/development/musl-libc-research/tmp/ffmpeg-tizen
clone=SKIP existing_checkout
checkout_commit=c15459c9fc8976827db7eaac643e84db2d1ea534
checkout_status=clean
short_circuit=MISS archived evidence requires regeneration
archive_reproducibility=PASS frozen checkout produces identical archive
first_freeze=0
frozen_commit=c15459c9fc8976827db7eaac643e84db2d1ea534
archive_sha256=f12101bcbec88f664bf50daf96bb4dbdd9326615ff11e1555f0eb3b1ff37f2f8
provenance=/home/linhao/Toolchain/development/musl-libc-research/results/logs/ffmpeg-src-provenance.txt
source_review=REQUIRED
fetch_finished=2026-08-11T05:03:21Z
FFMPEG_FETCH_PASS

fetch_started=2026-08-11T05:03:21Z
remote=git://review.tizen.org/git/platform/upstream/ffmpeg
branch=tizen
source_dir=/home/linhao/Toolchain/development/musl-libc-research/tmp/ffmpeg-tizen
clone=SKIP existing_checkout
checkout_commit=c15459c9fc8976827db7eaac643e84db2d1ea534
checkout_status=clean
short_circuit=PASS frozen checkout and all archived evidence match
frozen_commit=c15459c9fc8976827db7eaac643e84db2d1ea534
archive_sha256=f12101bcbec88f664bf50daf96bb4dbdd9326615ff11e1555f0eb3b1ff37f2f8
source_review=REQUIRED
fetch_finished=2026-08-11T05:03:21Z
FFMPEG_FETCH_PASS

fetch_started=2026-08-11T05:04:14Z
remote=git://review.tizen.org/git/platform/upstream/ffmpeg
branch=tizen
source_dir=/home/linhao/Toolchain/development/musl-libc-research/tmp/ffmpeg-tizen
clone=SKIP existing_checkout
checkout_commit=c15459c9fc8976827db7eaac643e84db2d1ea534
checkout_status=clean
short_circuit=MISS archived evidence requires regeneration
archive_reproducibility=PASS frozen checkout produces identical archive
first_freeze=0
frozen_commit=c15459c9fc8976827db7eaac643e84db2d1ea534
archive_sha256=f12101bcbec88f664bf50daf96bb4dbdd9326615ff11e1555f0eb3b1ff37f2f8
patch_declaration_count=0
patch_file_count=0
prep_patch_apply_count=0
provenance=/home/linhao/Toolchain/development/musl-libc-research/results/logs/ffmpeg-src-provenance.txt
source_review=REQUIRED
fetch_finished=2026-08-11T05:04:16Z
FFMPEG_FETCH_PASS

fetch_started=2026-08-11T05:04:16Z
remote=git://review.tizen.org/git/platform/upstream/ffmpeg
branch=tizen
source_dir=/home/linhao/Toolchain/development/musl-libc-research/tmp/ffmpeg-tizen
clone=SKIP existing_checkout
checkout_commit=c15459c9fc8976827db7eaac643e84db2d1ea534
checkout_status=clean
short_circuit=PASS frozen checkout and all archived evidence match
frozen_commit=c15459c9fc8976827db7eaac643e84db2d1ea534
archive_sha256=f12101bcbec88f664bf50daf96bb4dbdd9326615ff11e1555f0eb3b1ff37f2f8
source_review=REQUIRED
fetch_finished=2026-08-11T05:04:16Z
FFMPEG_FETCH_PASS
