[0;36m[h264 @ 0xcd9040] [0m[0;33mError decoding the extradata
[0m[0;36m[h264 @ 0xcd9040] [0m[1;31mInvalid NAL unit size (0 > 170641).
[0m[0;36m[h264 @ 0xcd9040] [0m[1;31mError splitting the input into NAL units.
[0m[0;36m[h264 @ 0xcd9040] [0m[1;31mInvalid NAL unit size (0 > 102183).
[0m[0;36m[h264 @ 0xcd9040] [0m[1;31mError splitting the input into NAL units.
[0m[0;36m[h264 @ 0xcd9040] [0m[1;31mInvalid NAL unit size (0 > 68961).
[0m[0;36m[h264 @ 0xcd9040] [0m[1;31mError splitting the input into NAL units.
[0m[0;36m[h264 @ 0xcd9040] [0m[1;31mInvalid NAL unit size (0 > 53226).
[0m[0;36m[h264 @ 0xcd9040] [0m[1;31mError splitting the input into NAL units.
[0m[0;36m[h264 @ 0xcd9040] [0m[1;31mInvalid NAL unit size (0 > 54364).
[0m[0;36m[h264 @ 0xcd9040] [0m[1;31mError splitting the input into NAL units.
[0m[0;36m[h264 @ 0xcd9040] [0m[1;31mInvalid NAL unit size (0 > 50725).
[0m[0;36m[h264 @ 0xcd9040] [0m[1;31mError splitting the input into NAL units.
[0m[0;36m[h264 @ 0xcd9040] [0m[1;31mInvalid NAL unit size (0 > 97592).
[0m[0;36m[h264 @ 0xcd9040] [0m[1;31mError splitting the input into NAL units.
[0m[0;36m[h264 @ 0xcd9040] [0m[1;31mInvalid NAL unit size (0 > 63597).
[0m[0;36m[h264 @ 0xcd9040] [0m[1;31mError splitting the input into NAL units.
[0m[0;36m[h264 @ 0xcd9040] [0m[1;31mInvalid NAL unit size (0 > 51420).
[0m[0;36m[h264 @ 0xcd9040] [0m[1;31mError splitting the input into NAL units.
[0m[0;36m[h264 @ 0xcd9040] [0m[1;31mInvalid NAL unit size (0 > 100238).
[0m[0;36m[h264 @ 0xcd9040] [0m[1;31mError splitting the input into NAL units.
[0m[0;36m[h264 @ 0xcd9040] [0m[1;31mInvalid NAL unit size (0 > 76291).
[0m[0;36m[h264 @ 0xcd9040] [0m[1;31mError splitting the input into NAL units.
[0m[0;36m[h264 @ 0xcd9040] [0m[1;31mInvalid NAL unit size (0 > 48575).
[0m[0;36m[h264 @ 0xcd9040] [0m[1;31mError splitting the input into NAL units.
[0m[0;36m[h264 @ 0xcd9040] [0m[1;31mInvalid NAL unit size (0 > 46866).
[0m[0;36m[h264 @ 0xcd9040] [0m[1;31mError splitting the input into NAL units.
[0m[0;36m[h264 @ 0xcd9040] [0m[1;31mInvalid NAL unit size (0 > 98446).
[0m[0;36m[h264 @ 0xcd9040] [0m[1;31mError splitting the input into NAL units.
[0m[0;36m[h264 @ 0xcd9040] [0m[1;31mInvalid NAL unit size (0 > 75126).
[0m[0;36m[h264 @ 0xcd9040] [0m[1;31mError splitting the input into NAL units.
[0m[0;36m[h264 @ 0xcd9040] [0m[1;31mInvalid NAL unit size (0 > 47026).
[0m[0;36m[h264 @ 0xcd9040] [0m[1;31mError splitting the input into NAL units.
[0m[0;36m[h264 @ 0xcd9040] [0m[1;31mInvalid NAL unit size (0 > 47225).
[0m[0;36m[h264 @ 0xcd9040] [0m[1;31mError splitting the input into NAL units.
[0m[0;36m[h264 @ 0xcd9040] [0m[1;31mInvalid NAL unit size (0 > 100261).
[0m[0;36m[h264 @ 0xcd9040] [0m[1;31mError splitting the input into NAL units.
[0m[0;36m[h264 @ 0xcd9040] [0m[1;31mInvalid NAL unit size (0 > 76362).
[0m[0;36m[h264 @ 0xcd9040] [0m[1;31mError splitting the input into NAL units.
[0m[0;36m[h264 @ 0xcd9040] [0m[1;31mInvalid NAL unit size (0 > 48213).
[0m[0;36m[h264 @ 0xcd9040] [0m[1;31mError splitting the input into NAL units.
[0m[0;36m[h264 @ 0xcd9040] [0m[1;31mInvalid NAL unit size (0 > 47002).
[0m[0;36m[h264 @ 0xcd9040] [0m[1;31mError splitting the input into NAL units.
[0m[0;36m[h264 @ 0xcd9040] [0m[1;31mInvalid NAL unit size (0 > 99504).
[0m[0;36m[h264 @ 0xcd9040] [0m[1;31mError splitting the input into NAL units.
[0m[0;36m[h264 @ 0xcd9040] [0m[1;31mInvalid NAL unit size (0 > 65380).
[0m[0;36m[h264 @ 0xcd9040] [0m[1;31mError splitting the input into NAL units.
[0m[0;36m[h264 @ 0xcd9040] [0m[1;31mInvalid NAL unit size (0 > 49897).
[0m[0;36m[h264 @ 0xcd9040] [0m[1;31mError splitting the input into NAL units.
[0m[0;36m[h264 @ 0xcd9040] [0m[1;31mInvalid NAL unit size (0 > 101156).
[0m[0;36m[h264 @ 0xcd9040] [0m[1;31mError splitting the input into NAL units.
[0m[0;36m[h264 @ 0xcd9040] [0m[1;31mInvalid NAL unit size (0 > 76061).
[0m[0;36m[h264 @ 0xcd9040] [0m[1;31mError splitting the input into NAL units.
[0m[0;36m[h264 @ 0xcd9040] [0m[1;31mInvalid NAL unit size (0 > 53527).
[0m[0;36m[h264 @ 0xcd9040] [0m[1;31mError splitting the input into NAL units.
[0m[0;36m[h264 @ 0xcd9040] [0m[1;31mInvalid NAL unit size (0 > 51516).
[0m[0;36m[h264 @ 0xcd9040] [0m[1;31mError splitting the input into NAL units.
[0m[0;36m[h264 @ 0xcd9040] [0m[1;31mInvalid NAL unit size (0 > 104018).
[0m[0;36m[h264 @ 0xcd9040] [0m[1;31mError splitting the input into NAL units.
[0m[0;36m[h264 @ 0xcd9040] [0m[1;31mInvalid NAL unit size (0 > 76736).
[0m[0;36m[h264 @ 0xcd9040] [0m[1;31mError splitting the input into NAL units.
[0m[0;36m[h264 @ 0xcd9040] [0m[1;31mInvalid NAL unit size (0 > 53819).
[0m[0;36m[h264 @ 0xcd9040] [0m[1;31mError splitting the input into NAL units.
[0m[0;36m[h264 @ 0xcd9040] [0m[1;31mInvalid NAL unit size (0 > 52874).
[0m[0;36m[h264 @ 0xcd9040] [0m[1;31mError splitting the input into NAL units.
[0m[0;36m[h264 @ 0xcd9040] [0m[1;31mInvalid NAL unit size (0 > 102313).
[0m[0;36m[h264 @ 0xcd9040] [0m[1;31mError splitting the input into NAL units.
[0m[0;36m[h264 @ 0xcd9040] [0m[1;31mInvalid NAL unit size (0 > 75935).
[0m[0;36m[h264 @ 0xcd9040] [0m[1;31mError splitting the input into NAL units.
[0m[0;36m[h264 @ 0xcd9040] [0m[1;31mInvalid NAL unit size (0 > 53731).
[0m[0;36m[h264 @ 0xcd9040] [0m[1;31mError splitting the input into NAL units.
[0m[0;36m[h264 @ 0xcd9040] [0m[1;31mInvalid NAL unit size (0 > 52005).
[0m[0;36m[h264 @ 0xcd9040] [0m[1;31mError splitting the input into NAL units.
[0m[0;36m[h264 @ 0xcd9040] [0m[1;31mInvalid NAL unit size (0 > 100612).
[0m[0;36m[h264 @ 0xcd9040] [0m[1;31mError splitting the input into NAL units.
[0m[0;36m[h264 @ 0xcd9040] [0m[1;31mInvalid NAL unit size (0 > 71969).
[0m[0;36m[h264 @ 0xcd9040] [0m[1;31mError splitting the input into NAL units.
[0m[0;36m[h264 @ 0xcd9040] [0m[1;31mInvalid NAL unit size (0 > 54172).
[0m[0;36m[h264 @ 0xcd9040] [0m[1;31mError splitting the input into NAL units.
[0m[0;36m[h264 @ 0xcd9040] [0m[1;31mInvalid NAL unit size (0 > 104601).
[0m[0;36m[h264 @ 0xcd9040] [0m[1;31mError splitting the input into NAL units.
[0m[0;36m[h264 @ 0xcd9040] [0m[1;31mInvalid NAL unit size (0 > 78480).
[0m[0;36m[h264 @ 0xcd9040] [0m[1;31mError splitting the input into NAL units.
[0m[0;36m[h264 @ 0xcd9040] [0m[1;31mInvalid NAL unit size (0 > 47806).
[0m[0;36m[h264 @ 0xcd9040] [0m[1;31mError splitting the input into NAL units.
[0m[0;36m[h264 @ 0xcd9040] [0m[1;31mInvalid NAL unit size (0 > 47463).
[0m[0;36m[h264 @ 0xcd9040] [0m[1;31mError splitting the input into NAL units.
[0m[0;36m[h264 @ 0xcd9040] [0m[1;31mInvalid NAL unit size (0 > 108479).
[0m[0;36m[h264 @ 0xcd9040] [0m[1;31mError splitting the input into NAL units.
[0m[0;36m[h264 @ 0xcd9040] [0m[1;31mInvalid NAL unit size (0 > 81314).
[0m[0;36m[h264 @ 0xcd9040] [0m[1;31mError splitting the input into NAL units.
[0m[0;36m[h264 @ 0xcd9040] [0m[1;31mInvalid NAL unit size (0 > 51195).
[0m[0;36m[h264 @ 0xcd9040] [0m[1;31mError splitting the input into NAL units.
[0m[0;36m[h264 @ 0xcd9040] [0m[1;31mInvalid NAL unit size (0 > 53125).
[0m[0;36m[h264 @ 0xcd9040] [0m[1;31mError splitting the input into NAL units.
[0m[0;36m[h264 @ 0xcd9040] [0m[1;31mInvalid NAL unit size (0 > 103271).
[0m[0;36m[h264 @ 0xcd9040] [0m[1;31mError splitting the input into NAL units.
[0m[0;36m[h264 @ 0xcd9040] [0m[1;31mInvalid NAL unit size (0 > 75673).
[0m[0;36m[h264 @ 0xcd9040] [0m[1;31mError splitting the input into NAL units.
[0m[0;36m[h264 @ 0xcd9040] [0m[1;31mInvalid NAL unit size (0 > 44257).
[0m[0;36m[h264 @ 0xcd9040] [0m[1;31mError splitting the input into NAL units.
[0m[0;36m[h264 @ 0xcd9040] [0m[1;31mInvalid NAL unit size (0 > 46262).
[0m[0;36m[h264 @ 0xcd9040] [0m[1;31mError splitting the input into NAL units.
[0m[0;36m[h264 @ 0xcd9040] [0m[1;31mInvalid NAL unit size (0 > 99890).
[0m[0;36m[h264 @ 0xcd9040] [0m[1;31mError splitting the input into NAL units.
[0m[0;36m[h264 @ 0xcd9040] [0m[1;31mInvalid NAL unit size (0 > 65368).
[0m[0;36m[h264 @ 0xcd9040] [0m[1;31mError splitting the input into NAL units.
[0m[0;36m[h264 @ 0xcd9040] [0m[1;31mInvalid NAL unit size (0 > 45902).
[0m[0;36m[h264 @ 0xcd9040] [0m[1;31mError splitting the input into NAL units.
[0m[0;36m[h264 @ 0xcd9040] [0m[1;31mInvalid NAL unit size (0 > 103191).
[0m[0;36m[h264 @ 0xcd9040] [0m[1;31mError splitting the input into NAL units.
[0m[0;36m[h264 @ 0xcd9040] [0m[1;31mInvalid NAL unit size (0 > 77222).
[0m[0;36m[h264 @ 0xcd9040] [0m[1;31mError splitting the input into NAL units.
[0m[0;36m[h264 @ 0xcd9040] [0m[1;31mInvalid NAL unit size (0 > 52239).
[0m[0;36m[h264 @ 0xcd9040] [0m[1;31mError splitting the input into NAL units.
[0m[0;36m[h264 @ 0xcd9040] [0m[1;31mInvalid NAL unit size (0 > 53534).
[0m[0;36m[h264 @ 0xcd9040] [0m[1;31mError splitting the input into NAL units.
[0m[0;36m[h264 @ 0xcd9040] [0m[1;31mInvalid NAL unit size (0 > 104732).
[0m[0;36m[h264 @ 0xcd9040] [0m[1;31mError splitting the input into NAL units.
[0m[0;36m[h264 @ 0xcd9040] [0m[1;31mInvalid NAL unit size (0 > 77365).
[0m[0;36m[h264 @ 0xcd9040] [0m[1;31mError splitting the input into NAL units.
[0m[0;36m[h264 @ 0xcd9040] [0m[1;31mInvalid NAL unit size (0 > 52206).
[0m[0;36m[h264 @ 0xcd9040] [0m[1;31mError splitting the input into NAL units.
[0m[0;36m[h264 @ 0xcd9040] [0m[1;31mInvalid NAL unit size (0 > 52814).
[0m[0;36m[h264 @ 0xcd9040] [0m[1;31mError splitting the input into NAL units.
[0m[0;36m[h264 @ 0xcd9040] [0m[1;31mInvalid NAL unit size (0 > 103428).
[0m[0;36m[h264 @ 0xcd9040] [0m[1;31mError splitting the input into NAL units.
[0m[0;36m[h264 @ 0xcd9040] [0m[1;31mInvalid NAL unit size (0 > 76459).
[0m[0;36m[h264 @ 0xcd9040] [0m[1;31mError splitting the input into NAL units.
[0m[0;36m[h264 @ 0xcd9040] [0m[1;31mInvalid NAL unit size (0 > 51393).
[0m[0;36m[h264 @ 0xcd9040] [0m[1;31mError splitting the input into NAL units.
[0m[0;36m[h264 @ 0xcd9040] [0m[1;31mInvalid NAL unit size (0 > 52577).
[0m[0;36m[h264 @ 0xcd9040] [0m[1;31mError splitting the input into NAL units.
[0m[0;36m[h264 @ 0xcd9040] [0m[1;31mInvalid NAL unit size (0 > 102991).
[0m[0;36m[h264 @ 0xcd9040] [0m[1;31mError splitting the input into NAL units.
[0m[0;36m[h264 @ 0xcd9040] [0m[1;31mInvalid NAL unit size (0 > 75113).
[0m[0;36m[h264 @ 0xcd9040] [0m[1;31mError splitting the input into NAL units.
[0m[0;36m[h264 @ 0xcd9040] [0m[1;31mInvalid NAL unit size (0 > 50733).
[0m[0;36m[h264 @ 0xcd9040] [0m[1;31mError splitting the input into NAL units.
[0m[0;36m[h264 @ 0xcd9040] [0m[1;31mInvalid NAL unit size (0 > 52137).
[0m[0;36m[h264 @ 0xcd9040] [0m[1;31mError splitting the input into NAL units.
[0m[0;35m[mov,mp4,m4a,3gp,3g2,mj2 @ 0xcd85f0] [0m[0;33mCould not find codec parameters for stream 0 (Video: h264 (hev1 / 0x31766568), none, 720x480, 31760 kb/s): unspecified pixel format
Consider increasing the value for the 'analyzeduration' (0) and 'probesize' (5000000) options
[0m[0;35m[mov,mp4,m4a,3gp,3g2,mj2 @ 0xcd85f0] [0m[0;33mCould not find codec parameters for stream 1 (Audio: mp3 (mp4a / 0x6134706D), 44100 Hz, 2 channels, 127 kb/s): unspecified frame size
Consider increasing the value for the 'analyzeduration' (0) and 'probesize' (5000000) options
[0m[0;35m[aist#0:1/mp3 @ 0xcd9190] [0m[0;33mGuessed Channel Layout: stereo
[0mInput #0, mov,mp4,m4a,3gp,3g2,mj2, from '/opt/usr/ffmpeg-demo/data/testclip.mp4':
  Metadata:
    major_brand     : isom
    minor_version   : 512
    compatible_brands: isomiso2mp41
    encoder         : Lavf57.83.100
  Duration: 00:00:15.03, start: 0.000000, bitrate: 31896 kb/s
  Stream #0:0[0x1](und): Video: h264 (hev1 / 0x31766568), none, 720x480, 31760 kb/s, 30.13 fps, 30 tbr, 1200k tbn (default)
    Metadata:
      handler_name    : VideoHandler
      vendor_id       : [0][0][0][0]
  Stream #0:1[0x2](und): Audio: mp3 (mp4a / 0x6134706D), 44100 Hz, stereo, 127 kb/s (default)
    Metadata:
      handler_name    : SoundHandler
      vendor_id       : [0][0][0][0]
[0;36m[h264 @ 0xcdae00] [0m[0;33mError decoding the extradata
[0mStream mapping:
  Stream #0:0 -> #0:0 (h264 (native) -> wrapped_avframe (native))
Press [q] to stop, [?] for help
[0;36m[h264 @ 0xcdae00] [0m[1;31mInvalid NAL unit size (0 > 170641).
[0m[0;36m[h264 @ 0xcdae00] [0m[1;31mError splitting the input into NAL units.
[0m[0;36m[h264 @ 0x11b4090] [0m[1;31mInvalid NAL unit size (0 > 102183).
[0m[0;36m[h264 @ 0x11b4090] [0m[1;31mError splitting the input into NAL units.
[0m[0;36m[h264 @ 0x11c2a40] [0m[1;31mInvalid NAL unit size (0 > 68961).
[0m[0;36m[h264 @ 0x11c2a40] [0m[1;31mError splitting the input into NAL units.
[0m[0;36m[h264 @ 0x11d13f0] [0m[1;31mInvalid NAL unit size (0 > 53226).
[0m[0;36m[h264 @ 0x11d13f0] [0m[1;31mError splitting the input into NAL units.
[0m[0;35m[vist#0:0/h264 @ 0xcd9040] [0m[0;39m[dec:h264 @ 0xcf53d0] [0m[1;31mError submitting packet to decoder: Invalid data found when processing input
[0m[0;35m[vist#0:0/h264 @ 0xcd9040] [0m[0;39m[dec:h264 @ 0xcf53d0] [0m[1;31mError processing packet in decoder: Invalid data found when processing input
[0m[0;35m[vist#0:0/h264 @ 0xcd9040] [0m[0;39m[dec:h264 @ 0xcf53d0] [0m[1;31mTask finished with error code: -1094995529 (Invalid data found when processing input)
[0m[0;35m[vist#0:0/h264 @ 0xcd9040] [0m[0;39m[dec:h264 @ 0xcf53d0] [0m[1;31mTerminating thread with return code -1094995529 (Invalid data found when processing input)
[0m[1;35m[vost#0:0/wrapped_avframe @ 0xcf4110] [0m[0;39m[enc:wrapped_avframe @ 0xcf4390] [0m[1;31mCould not open encoder before EOF
[0m[1;35m[vost#0:0/wrapped_avframe @ 0xcf4110] [0m[1;31mTask finished with error code: -22 (Invalid argument)
[0m[1;35m[vost#0:0/wrapped_avframe @ 0xcf4110] [0m[1;31mTerminating thread with return code -22 (Invalid argument)
[0m[1;35m[out#0/null @ 0xcedde0] [0m[1;31mNothing was written into output file, because at least one of its streams received no packets.
[0m[0;36m[h264 @ 0x11dfda0] [0m[1;31mInvalid NAL unit size (0 > 54364).
[0m[0;36m[h264 @ 0x11dfda0] [0m[1;31mError splitting the input into NAL units.
[0mframe=    0 fps=0.0 q=0.0 Lsize=       0KiB time=N/A bitrate=N/A speed=N/A elapsed=0:00:00.00    
Conversion failed!
CONFIRM_REMOTE_RC=183
