FFmpeg three-source report generation gate

primary_sha256=e1c8378ed3639eb274fb2eefe25a791142ee2bf427b17565aa367a03e93451f6
supplement_sha256=2fa4971036581f1b69412138949604755536ba161e371694737ccda46b4c006d
supplement2_sha256=477149ad2c933a231448e5ad013759131fad4eeb54fb8bf6b5bc80b3b9e6ecb7
source_hash_gate=PASS

decode_valid_rounds=10
decode_metrics=30
decode_native_mappings=30
decode_sentinels=30
decode_invalid=0
decode_L3_failures=0
startup_valid_triples=30
startup_invalid=0
memory_metrics=9
memory_sentinels=9
size_host_cells=12
size_board_cells=6
size_board_verification=PASS
function_surface_verification=PASS

source.decode=results/results-ffmpeg.txt
source.startup=results/results-ffmpeg-supplement.txt
source.memory=results/results-ffmpeg-supplement.txt
source.size=results/results-ffmpeg-supplement2.txt
source.function=results/results-ffmpeg-supplement2.txt

report=results/report-ffmpeg.md
report_lines=215
report_sha256=393d3085ce786b759b9b59ba8c8393620b9801a8d3fa258fe3345088b9e1110d
report_second_generation_sha256=393d3085ce786b759b9b59ba8c8393620b9801a8d3fa258fe3345088b9e1110d
report_determinism_gate=PASS
report_final_disposition=PENDING_FATTANK_DATA_VERIFICATION
REPORT_FFMPEG_PASS
