results=results/results.txt
script_status=MEASUREMENT_PASS
startup_triple_count=30
startup_valid_count=30
startup_invalid_count=0
memcfg_count=9
threadscfg_count=3
malloccfg_expected=30
malloccfg_actual=29
malloc_value_expected=30
malloc_value_actual=29
dnscfg_count=6
localecfg_count=6

raw_anomaly_begin
malloccfg=musl-static,rep=2,threads=4
malloc.threads=4
malloc.iters_per_thread=2000000
malloc.ns_per_op_mean=996.7
malloc.wall_worst_thread_ns=2002596888
malloc.checksum=26cddf
malloccfg=musl-dyn,rep=2,threads=4
malloc.threads=4malloccfg=musl-static,rep=3,threads=1
malloc.threads=1
malloc.iters_per_thread=2000000
malloc.ns_per_op_mean=310.7
malloc.wall_worst_thread_ns=621337092
malloc.checksum=7dc87e4
malloccfg=musl-dyn,rep=3,threads=1
raw_anomaly_end

missing_exact_config_line=malloccfg=musl-static,rep=3,threads=1
truncated_config=malloccfg=musl-dyn,rep=2,threads=4
truncated_config_missing=malloc.iters_per_thread,malloc.ns_per_op_mean,malloc.wall_worst_thread_ns,malloc.checksum
parser_effect=musl-static rep3 threads1 value 310.7 is misattributed to musl-dyn threads4
malloc_table_valid=NO

dmesg_filter=smack|oom|out of memory|killed process|segfault|micro
dmesg_relevant_measurement_failure=NONE_FOUND
journal_window_utc=2026-08-06T08:26:30Z..2026-08-06T08:29:00Z
journal_filter_matches=NONE
root_cause=UNCONFIRMED
corrective_rerun=NOT_AUTHORIZED
