Archive member included to satisfy reference by file (symbol)

/usr/bin/../lib/gcc/armv7l-tizen-linux-gnueabi/14.2.0/libgcc.a(_udivsi3.o)
                              /home/abuild/rpmbuild/BUILD/allocator-shootout-demo-1.0.0/rpmalloc.o (__aeabi_uidiv)
/usr/bin/../lib/gcc/armv7l-tizen-linux-gnueabi/14.2.0/libgcc.a(_arm_addsubdf3.o)
                              /tmp/micro-b54261.o (__aeabi_ul2d)
/usr/bin/../lib/gcc/armv7l-tizen-linux-gnueabi/14.2.0/libgcc.a(_dvmd_lnx.o)
                              /usr/bin/../lib/gcc/armv7l-tizen-linux-gnueabi/14.2.0/libgcc.a(_udivsi3.o) (__aeabi_idiv0)
/usr/bin/../lib/gcc/armv7l-tizen-linux-gnueabi/14.2.0/libgcc_eh.a(unwind-arm.o)
                              /home/abuild/rpmbuild/BUILD/allocator-shootout-demo-1.0.0/musl-inst/lib/../lib/crt1.o (__aeabi_unwind_cpp_pr0)
/usr/bin/../lib/gcc/armv7l-tizen-linux-gnueabi/14.2.0/libgcc_eh.a(libunwind.o)
                              /usr/bin/../lib/gcc/armv7l-tizen-linux-gnueabi/14.2.0/libgcc_eh.a(unwind-arm.o) (restore_core_regs)
/usr/bin/../lib/gcc/armv7l-tizen-linux-gnueabi/14.2.0/libgcc_eh.a(pr-support.o)
                              /usr/bin/../lib/gcc/armv7l-tizen-linux-gnueabi/14.2.0/libgcc_eh.a(unwind-arm.o) (__gnu_unwind_execute)
/home/abuild/rpmbuild/BUILD/allocator-shootout-demo-1.0.0/musl-inst/lib/libc.a(sysconf.lo)
                              /home/abuild/rpmbuild/BUILD/allocator-shootout-demo-1.0.0/rpmalloc.o (sysconf)
/home/abuild/rpmbuild/BUILD/allocator-shootout-demo-1.0.0/musl-inst/lib/libc.a(__libc_start_main.lo)
                              /home/abuild/rpmbuild/BUILD/allocator-shootout-demo-1.0.0/musl-inst/lib/../lib/crt1.o (__libc_start_main)
/home/abuild/rpmbuild/BUILD/allocator-shootout-demo-1.0.0/musl-inst/lib/libc.a(__stack_chk_fail.lo)
                              /tmp/micro-b54261.o (__stack_chk_guard)
/home/abuild/rpmbuild/BUILD/allocator-shootout-demo-1.0.0/musl-inst/lib/libc.a(__errno_location.lo)
                              /tmp/micro-b54261.o (__errno_location)
/home/abuild/rpmbuild/BUILD/allocator-shootout-demo-1.0.0/musl-inst/lib/libc.a(strerror.lo)
                              /tmp/micro-b54261.o (strerror)
/home/abuild/rpmbuild/BUILD/allocator-shootout-demo-1.0.0/musl-inst/lib/libc.a(abort.lo)
                              /usr/bin/../lib/gcc/armv7l-tizen-linux-gnueabi/14.2.0/libgcc_eh.a(unwind-arm.o) (abort)
/home/abuild/rpmbuild/BUILD/allocator-shootout-demo-1.0.0/musl-inst/lib/libc.a(abort_lock.lo)
                              /home/abuild/rpmbuild/BUILD/allocator-shootout-demo-1.0.0/musl-inst/lib/libc.a(abort.lo) (__abort_lock)
/home/abuild/rpmbuild/BUILD/allocator-shootout-demo-1.0.0/musl-inst/lib/libc.a(exit.lo)
                              /home/abuild/rpmbuild/BUILD/allocator-shootout-demo-1.0.0/musl-inst/lib/libc.a(__libc_start_main.lo) (exit)
/home/abuild/rpmbuild/BUILD/allocator-shootout-demo-1.0.0/musl-inst/lib/libc.a(defsysinfo.lo)
                              /home/abuild/rpmbuild/BUILD/allocator-shootout-demo-1.0.0/musl-inst/lib/libc.a(__libc_start_main.lo) (__sysinfo)
/home/abuild/rpmbuild/BUILD/allocator-shootout-demo-1.0.0/musl-inst/lib/libc.a(libc.lo)
                              /home/abuild/rpmbuild/BUILD/allocator-shootout-demo-1.0.0/musl-inst/lib/libc.a(__libc_start_main.lo) (__progname)
/home/abuild/rpmbuild/BUILD/allocator-shootout-demo-1.0.0/musl-inst/lib/libc.a(prctl.lo)
                              /home/abuild/rpmbuild/BUILD/allocator-shootout-demo-1.0.0/rpmalloc.o (prctl)
/home/abuild/rpmbuild/BUILD/allocator-shootout-demo-1.0.0/musl-inst/lib/libc.a(sysinfo.lo)
                              /home/abuild/rpmbuild/BUILD/allocator-shootout-demo-1.0.0/musl-inst/lib/libc.a(sysconf.lo) (__lsysinfo)
/home/abuild/rpmbuild/BUILD/allocator-shootout-demo-1.0.0/musl-inst/lib/libc.a(__lctrans.lo)
                              /home/abuild/rpmbuild/BUILD/allocator-shootout-demo-1.0.0/musl-inst/lib/libc.a(strerror.lo) (__lctrans)
/home/abuild/rpmbuild/BUILD/allocator-shootout-demo-1.0.0/musl-inst/lib/libc.a(iconv.lo)
                              /tmp/micro-b54261.o (iconv_open)
/home/abuild/rpmbuild/BUILD/allocator-shootout-demo-1.0.0/musl-inst/lib/libc.a(iconv_close.lo)
                              /tmp/micro-b54261.o (iconv_close)
/home/abuild/rpmbuild/BUILD/allocator-shootout-demo-1.0.0/musl-inst/lib/libc.a(langinfo.lo)
                              /tmp/micro-b54261.o (nl_langinfo)
/home/abuild/rpmbuild/BUILD/allocator-shootout-demo-1.0.0/musl-inst/lib/libc.a(setlocale.lo)
                              /tmp/micro-b54261.o (setlocale)
/home/abuild/rpmbuild/BUILD/allocator-shootout-demo-1.0.0/musl-inst/lib/libc.a(strcoll.lo)
                              /tmp/micro-b54261.o (strcoll)
/home/abuild/rpmbuild/BUILD/allocator-shootout-demo-1.0.0/musl-inst/lib/libc.a(getauxval.lo)
                              /home/abuild/rpmbuild/BUILD/allocator-shootout-demo-1.0.0/musl-inst/lib/libc.a(sysconf.lo) (__getauxval)
[...]
Memory Configuration

Name             Origin             Length             Attributes
*default*        0x00000000         0xffffffff

Linker script and memory map

LOAD /home/abuild/rpmbuild/BUILD/allocator-shootout-demo-1.0.0/musl-inst/lib/../lib/crt1.o
LOAD /home/abuild/rpmbuild/BUILD/allocator-shootout-demo-1.0.0/musl-inst/lib/../lib/crti.o
LOAD /usr/bin/../lib/gcc/armv7l-tizen-linux-gnueabi/14.2.0/crtbeginT.o
LOAD /tmp/micro-b54261.o
LOAD /home/abuild/rpmbuild/BUILD/allocator-shootout-demo-1.0.0/rpmalloc.o
START GROUP
LOAD /usr/bin/../lib/gcc/armv7l-tizen-linux-gnueabi/14.2.0/libgcc.a
LOAD /usr/bin/../lib/gcc/armv7l-tizen-linux-gnueabi/14.2.0/libgcc_eh.a
END GROUP
LOAD /usr/bin/../lib/gcc/armv7l-tizen-linux-gnueabi/14.2.0/crtend.o
LOAD /home/abuild/rpmbuild/BUILD/allocator-shootout-demo-1.0.0/musl-inst/lib/../lib/crtn.o
START GROUP
LOAD /home/abuild/rpmbuild/BUILD/allocator-shootout-demo-1.0.0/musl-inst/lib/libc.a
LOAD /usr/lib/gcc/armv7l-tizen-linux-gnueabi/14.2.0/libgcc.a
LOAD /usr/lib/gcc/armv7l-tizen-linux-gnueabi/14.2.0/libgcc_eh.a
END GROUP
                [!provide]                        PROVIDE (__executable_start = SEGMENT_START ("text-segment", 0x10000))
                0x000100d4                        . = (SEGMENT_START ("text-segment", 0x10000) + SIZEOF_HEADERS)

.interp
 *(.interp)

.note.gnu.build-id
 *(.note.gnu.build-id)

.hash
 *(.hash)

.gnu.hash
 *(.gnu.hash)

.dynsym
 *(.dynsym)

.dynstr
 *(.dynstr)

.gnu.version
 *(.gnu.version)

.gnu.version_d
 *(.gnu.version_d)

.gnu.version_r
 *(.gnu.version_r)

.rel.dyn        0x000100d4        0x0
 *(.rel.init)
 *(.rel.text .rel.text.* .rel.gnu.linkonce.t.*)
 *(.rel.fini)
 *(.rel.rodata .rel.rodata.* .rel.gnu.linkonce.r.*)
 *(.rel.data.rel.ro .rel.data.rel.ro.* .rel.gnu.linkonce.d.rel.ro.*)
 *(.rel.data .rel.data.* .rel.gnu.linkonce.d.*)
 *(.rel.tdata .rel.tdata.* .rel.gnu.linkonce.td.*)
 *(.rel.tbss .rel.tbss.* .rel.gnu.linkonce.tb.*)
 *(.rel.ctors)
 *(.rel.dtors)
 *(.rel.got)
 .rel.got       0x000100d4        0x0 /home/abuild/rpmbuild/BUILD/allocator-shootout-demo-1.0.0/musl-inst/lib/../lib/crt1.o
 *(.rel.bss .rel.bss.* .rel.gnu.linkonce.b.*)
                [!provide]                        PROVIDE (__rel_iplt_start = .)
 *(.rel.iplt)
 .rel.iplt      0x000100d4        0x0 /home/abuild/rpmbuild/BUILD/allocator-shootout-demo-1.0.0/musl-inst/lib/../lib/crt1.o
                [!provide]                        PROVIDE (__rel_iplt_end = .)

.rela.dyn       0x000100d4        0x0
 *(.rela.init)
 *(.rela.text .rela.text.* .rela.gnu.linkonce.t.*)
 *(.rela.fini)
 *(.rela.rodata .rela.rodata.* .rela.gnu.linkonce.r.*)
 *(.rela.data .rela.data.* .rela.gnu.linkonce.d.*)
 *(.rela.tdata .rela.tdata.* .rela.gnu.linkonce.td.*)
 *(.rela.tbss .rela.tbss.* .rela.gnu.linkonce.tb.*)
 *(.rela.ctors)
 *(.rela.dtors)
 *(.rela.got)
 *(.rela.bss .rela.bss.* .rela.gnu.linkonce.b.*)
                [!provide]                        PROVIDE (__rela_iplt_start = .)
 *(.rela.iplt)
                [!provide]                        PROVIDE (__rela_iplt_end = .)

.rel.plt
 *(.rel.plt)

.rela.plt
 *(.rela.plt)

.init           0x000100d4        0x8
 *(SORT_NONE(.init))
 .init          0x000100d4        0x2 /home/abuild/rpmbuild/BUILD/allocator-shootout-demo-1.0.0/musl-inst/lib/../lib/crti.o
                0x000100d4                _init
 .init          0x000100d6        0x6 /home/abuild/rpmbuild/BUILD/allocator-shootout-demo-1.0.0/musl-inst/lib/../lib/crtn.o

.plt
 *(.plt)

.iplt           0x000100dc        0x0
 *(.iplt)
 .iplt          0x000100dc        0x0 /home/abuild/rpmbuild/BUILD/allocator-shootout-demo-1.0.0/musl-inst/lib/../lib/crt1.o

.text           0x000100e0    0x144a0
 *(.text.unlikely .text.*_unlikely .text.unlikely.*)
 .text.unlikely
                0x000100e0        0xc /usr/bin/../lib/gcc/armv7l-tizen-linux-gnueabi/14.2.0/libgcc_eh.a(pr-support.o)
                0x000100e0                _Unwind_GetDataRelBase
                0x000100e6                _Unwind_GetTextRelBase
 *(.text.exit .text.exit.*)
 .text.exit     0x000100ec       0x16 /home/abuild/rpmbuild/BUILD/allocator-shootout-demo-1.0.0/musl-inst/lib/libc.a(exit.lo)
                0x000100ec                exit
 *(.text.startup .text.startup.*)
 *(.text.hot .text.hot.*)
 *(SORT_BY_NAME(.text.sorted.*))
 *(.text .stub .text.* .gnu.linkonce.t.*)
 *fill*         0x00010102        0x2 
 .text          0x00010104       0x1c /home/abuild/rpmbuild/BUILD/allocator-shootout-demo-1.0.0/musl-inst/lib/../lib/crt1.o
                0x00010104                _start
 .text._start_c
                0x00010120       0x38 /home/abuild/rpmbuild/BUILD/allocator-shootout-demo-1.0.0/musl-inst/lib/../lib/crt1.o
                0x00010120                _start_c
 .text          0x00010158        0x0 /home/abuild/rpmbuild/BUILD/allocator-shootout-demo-1.0.0/musl-inst/lib/../lib/crti.o
 .text          0x00010158       0xa8 /usr/bin/../lib/gcc/armv7l-tizen-linux-gnueabi/14.2.0/crtbeginT.o
 .text          0x00010200      0x968 /tmp/micro-b54261.o
                0x00010200                main
 .text          0x00010b68     0x5fb8 /home/abuild/rpmbuild/BUILD/allocator-shootout-demo-1.0.0/rpmalloc.o
                0x00010b68                rpmalloc_set_main_thread
                0x00010b78                rpmalloc_initialize
                0x00010b9c                rpmalloc_thread_initialize
                0x00014590                rpmalloc_initialize_config
                0x00014960                rpmalloc_linker_reference
                0x00014964                rpmalloc_finalize
                0x00014b88                rpmalloc_thread_finalize
                0x000151f8                rpmalloc_is_thread_initialized
                0x0001520c                rpmalloc_config
                0x00015218                operator new[](unsigned int)
                0x00015218                rpmalloc
                0x00015218                malloc
                0x00015218                operator new(unsigned int)
                0x0001527c                operator delete(void*)
                0x0001527c                rpfree
                0x0001527c                operator delete[](void*)
                0x0001527c                cfree
                0x0001527c                free
                0x000153c0                calloc
                0x000153c0                rpcalloc
                0x00015450                reallocf
                0x00015450                realloc
                0x00015450                rprealloc
                0x00015620                rpaligned_realloc
                0x00015704                rpaligned_alloc
                0x00015704                aligned_alloc
                0x00015974                rpaligned_calloc
                0x000159a4                rpmemalign
                0x000159a4                memalign
                0x000159b8                rpposix_memalign
                0x000159b8                posix_memalign
                0x000159e4                malloc_usable_size
                0x000159e4                malloc_size
                0x000159e4                rpmalloc_usable_size
                0x00015a2c                rpmalloc_thread_collect
                0x00015a30                rpmalloc_thread_statistics
                0x00015ae8                rpmalloc_global_statistics
                0x00015b50                rpmalloc_dump_statistics
                0x00015b54                operator new[](unsigned int, std::align_val_t)
                0x00015b54                operator new[](unsigned int, unsigned int)
                0x00015b54                operator new(unsigned int, unsigned int)
                0x00015b54                operator new(unsigned int, std::align_val_t)
                0x00015b64                operator new(unsigned int, std::nothrow_t const&)
                0x00015b64                operator new[](unsigned int, std::nothrow_t const&)
                0x00015bc8                operator new[](unsigned int, std::align_val_t, std::nothrow_t const&)
                0x00015bc8                operator new(unsigned int, std::align_val_t, std::nothrow_t const&)
                0x00015bd8                operator delete(void*, unsigned int)
                0x00015bd8                operator delete[](void*, unsigned int)
                0x00015bdc                operator delete[](void*, std::align_val_t)
                0x00015bdc                operator delete(void*, std::align_val_t)
                0x00015be0                operator delete[](void*, unsigned int, std::align_val_t)
                0x00015be0                operator delete(void*, unsigned int, std::align_val_t)
                0x00015be4                reallocarray
                0x00015c0c                valloc
                0x00015c28                pvalloc
 .text          0x00016b20      0x278 /usr/bin/../lib/gcc/armv7l-tizen-linux-gnueabi/14.2.0/libgcc.a(_udivsi3.o)
                0x00016b20                __udivsi3
                0x00016b20                __aeabi_uidiv
                0x00016d7c                __aeabi_uidivmod
 .text          0x00016d98      0x378 /usr/bin/../lib/gcc/armv7l-tizen-linux-gnueabi/14.2.0/libgcc.a(_arm_addsubdf3.o)
                0x00016d98                __aeabi_drsub
                0x00016da0                __aeabi_dsub
                0x00016da0                __subdf3
                0x00016da4                __adddf3
                0x00016da4                __aeabi_dadd
                0x0001701c                __aeabi_ui2d
                0x0001701c                __floatunsidf
                0x0001703c                __floatsidf
                0x0001703c                __aeabi_i2d
                0x00017060                __extendsfdf2
                0x00017060                __aeabi_f2d
                0x000170a4                __aeabi_ul2d
                0x000170a4                __floatundidf
                0x000170b4                __floatdidf
                0x000170b4                __aeabi_l2d
 .text          0x00017110        0xc /usr/bin/../lib/gcc/armv7l-tizen-linux-gnueabi/14.2.0/libgcc.a(_dvmd_lnx.o)
                0x00017110                __aeabi_ldiv0
                0x00017110                __aeabi_idiv0
 .text          0x0001711c      0xad0 /usr/bin/../lib/gcc/armv7l-tizen-linux-gnueabi/14.2.0/libgcc_eh.a(unwind-arm.o)
                0x000173ec                _Unwind_GetCFA
                0x000173f0                __gnu_Unwind_RaiseException
                0x0001745c                __gnu_Unwind_ForcedUnwind
                0x00017470                __gnu_Unwind_Resume
                0x000174b4                __gnu_Unwind_Resume_or_Rethrow
                0x000174d4                _Unwind_Complete
                0x000174d8                _Unwind_DeleteException
                0x000174e4                _Unwind_VRS_Get
                0x00017534                _Unwind_VRS_Set
                0x00017588                __gnu_Unwind_Backtrace
                0x000178d4                __aeabi_unwind_cpp_pr0
                0x000178d8                __aeabi_unwind_cpp_pr1
                0x000178dc                __aeabi_unwind_cpp_pr2
                0x000178e0                _Unwind_VRS_Pop
 .text          0x00017bec      0x1ac /usr/bin/../lib/gcc/armv7l-tizen-linux-gnueabi/14.2.0/libgcc_eh.a(libunwind.o)
                0x00017bec                __restore_core_regs
                0x00017bec                restore_core_regs
                0x00017c04                __gnu_Unwind_Restore_VFP
                0x00017c0c                __gnu_Unwind_Save_VFP
                0x00017c14                __gnu_Unwind_Restore_VFP_D
                0x00017c1c                __gnu_Unwind_Save_VFP_D
                0x00017c24                __gnu_Unwind_Restore_VFP_D_16_to_31
                0x00017c2c                __gnu_Unwind_Save_VFP_D_16_to_31
                0x00017c34                __gnu_Unwind_Restore_WMMXD
                0x00017c78                __gnu_Unwind_Save_WMMXD
                0x00017cbc                __gnu_Unwind_Restore_WMMXC
                0x00017cd0                __gnu_Unwind_Save_WMMXC
                0x00017ce4                ___Unwind_RaiseException
                0x00017ce4                _Unwind_RaiseException
                0x00017d08                ___Unwind_Resume
                0x00017d08                _Unwind_Resume
                0x00017d2c                _Unwind_Resume_or_Rethrow
                0x00017d2c                ___Unwind_Resume_or_Rethrow
                0x00017d50                ___Unwind_ForcedUnwind
                0x00017d50                _Unwind_ForcedUnwind
                0x00017d74                _Unwind_Backtrace
                0x00017d74                ___Unwind_Backtrace
 .text          0x00017d98      0x3a8 /usr/bin/../lib/gcc/armv7l-tizen-linux-gnueabi/14.2.0/libgcc_eh.a(pr-support.o)
                0x00017df0                __gnu_unwind_execute
                0x000180f0                __gnu_unwind_frame
                0x00018120                _Unwind_GetRegionStart
                0x0001812c                _Unwind_GetLanguageSpecificData
 .text          0x00018140        0x0 /usr/bin/../lib/gcc/armv7l-tizen-linux-gnueabi/14.2.0/crtend.o
 .text          0x00018140        0x0 /home/abuild/rpmbuild/BUILD/allocator-shootout-demo-1.0.0/musl-inst/lib/../lib/crtn.o
 .text          0x00018140        0x0 /home/abuild/rpmbuild/BUILD/allocator-shootout-demo-1.0.0/musl-inst/lib/libc.a(sysconf.lo)
 .text.sysconf  0x00018140      0x16c /home/abuild/rpmbuild/BUILD/allocator-shootout-demo-1.0.0/musl-inst/lib/libc.a(sysconf.lo)
                0x00018140                sysconf
 .text          0x000182ac        0x0 /home/abuild/rpmbuild/BUILD/allocator-shootout-demo-1.0.0/musl-inst/lib/libc.a(__libc_start_main.lo)
 .text.dummy    0x000182ac        0x2 /home/abuild/rpmbuild/BUILD/allocator-shootout-demo-1.0.0/musl-inst/lib/libc.a(__libc_start_main.lo)
 .text.dummy1   0x000182ae        0x2 /home/abuild/rpmbuild/BUILD/allocator-shootout-demo-1.0.0/musl-inst/lib/libc.a(__libc_start_main.lo)
 .text.__init_libc
                0x000182b0      0x14c /home/abuild/rpmbuild/BUILD/allocator-shootout-demo-1.0.0/musl-inst/lib/libc.a(__libc_start_main.lo)
                0x000182b0                __init_libc
 .text.libc_start_init
                0x000183fc       0x28 /home/abuild/rpmbuild/BUILD/allocator-shootout-demo-1.0.0/musl-inst/lib/libc.a(__libc_start_main.lo)
                0x000183fc                __libc_start_init
 .text.__libc_start_main
                0x00018424       0x28 /home/abuild/rpmbuild/BUILD/allocator-shootout-demo-1.0.0/musl-inst/lib/libc.a(__libc_start_main.lo)
                0x00018424                __libc_start_main
 .text.libc_start_main_stage2
                0x0001844c       0x20 /home/abuild/rpmbuild/BUILD/allocator-shootout-demo-1.0.0/musl-inst/lib/libc.a(__libc_start_main.lo)
 .text          0x0001846c        0x0 /home/abuild/rpmbuild/BUILD/allocator-shootout-demo-1.0.0/musl-inst/lib/libc.a(__stack_chk_fail.lo)
 .text.__init_ssp
                0x0001846c       0x3c /home/abuild/rpmbuild/BUILD/allocator-shootout-demo-1.0.0/musl-inst/lib/libc.a(__stack_chk_fail.lo)
                0x0001846c                __init_ssp
 .text.__stack_chk_fail
                0x000184a8        0x4 /home/abuild/rpmbuild/BUILD/allocator-shootout-demo-1.0.0/musl-inst/lib/libc.a(__stack_chk_fail.lo)
                0x000184a8                __stack_chk_fail_local
                0x000184a8                __stack_chk_fail
 .text          0x000184ac        0x0 /home/abuild/rpmbuild/BUILD/allocator-shootout-demo-1.0.0/musl-inst/lib/libc.a(__errno_location.lo)
 .text.__errno_location
                0x000184ac        0x8 /home/abuild/rpmbuild/BUILD/allocator-shootout-demo-1.0.0/musl-inst/lib/libc.a(__errno_location.lo)
                0x000184ac                ___errno_location
                0x000184ac                __errno_location
 .text          0x000184b4        0x0 /home/abuild/rpmbuild/BUILD/allocator-shootout-demo-1.0.0/musl-inst/lib/libc.a(strerror.lo)
 .text.__strerror_l
                0x000184b4       0x24 /home/abuild/rpmbuild/BUILD/allocator-shootout-demo-1.0.0/musl-inst/lib/libc.a(strerror.lo)
                0x000184b4                strerror_l
                0x000184b4                __strerror_l
 .text.strerror
                0x000184d8       0x2c /home/abuild/rpmbuild/BUILD/allocator-shootout-demo-1.0.0/musl-inst/lib/libc.a(strerror.lo)
                0x000184d8                strerror
 .text          0x00018504        0x0 /home/abuild/rpmbuild/BUILD/allocator-shootout-demo-1.0.0/musl-inst/lib/libc.a(abort.lo)
 .text.abort    0x00018504       0x74 /home/abuild/rpmbuild/BUILD/allocator-shootout-demo-1.0.0/musl-inst/lib/libc.a(abort.lo)
                0x00018504                abort
 .text          0x00018578        0x0 /home/abuild/rpmbuild/BUILD/allocator-shootout-demo-1.0.0/musl-inst/lib/libc.a(abort_lock.lo)
 .text          0x00018578        0x0 /home/abuild/rpmbuild/BUILD/allocator-shootout-demo-1.0.0/musl-inst/lib/libc.a(exit.lo)
 .text.dummy    0x00018578        0x2 /home/abuild/rpmbuild/BUILD/allocator-shootout-demo-1.0.0/musl-inst/lib/libc.a(exit.lo)
                0x00018578                __funcs_on_exit
 *fill*         0x0001857a        0x2 
 .text.libc_exit_fini
                0x0001857c       0x2c /home/abuild/rpmbuild/BUILD/allocator-shootout-demo-1.0.0/musl-inst/lib/libc.a(exit.lo)
                0x0001857c                __libc_exit_fini
 .text          0x000185a8        0x0 /home/abuild/rpmbuild/BUILD/allocator-shootout-demo-1.0.0/musl-inst/lib/libc.a(defsysinfo.lo)
 .text          0x000185a8        0x0 /home/abuild/rpmbuild/BUILD/allocator-shootout-demo-1.0.0/musl-inst/lib/libc.a(libc.lo)
 .text          0x000185a8        0x0 /home/abuild/rpmbuild/BUILD/allocator-shootout-demo-1.0.0/musl-inst/lib/libc.a(prctl.lo)
 .text.prctl    0x000185a8       0x42 /home/abuild/rpmbuild/BUILD/allocator-shootout-demo-1.0.0/musl-inst/lib/libc.a(prctl.lo)
                0x000185a8                prctl
 *fill*         0x000185ea        0x2 
 .text          0x000185ec        0x0 /home/abuild/rpmbuild/BUILD/allocator-shootout-demo-1.0.0/musl-inst/lib/libc.a(sysinfo.lo)
 .text.__lsysinfo
                0x000185ec        0xe /home/abuild/rpmbuild/BUILD/allocator-shootout-demo-1.0.0/musl-inst/lib/libc.a(sysinfo.lo)
                0x000185ec                __lsysinfo
                0x000185ec                sysinfo
 *fill*         0x000185fa        0x2 
 .text          0x000185fc        0x0 /home/abuild/rpmbuild/BUILD/allocator-shootout-demo-1.0.0/musl-inst/lib/libc.a(__lctrans.lo)
 .text.dummy    0x000185fc        0x2 /home/abuild/rpmbuild/BUILD/allocator-shootout-demo-1.0.0/musl-inst/lib/libc.a(__lctrans.lo)
 .text.__lctrans
                0x000185fe        0x4 /home/abuild/rpmbuild/BUILD/allocator-shootout-demo-1.0.0/musl-inst/lib/libc.a(__lctrans.lo)
                0x000185fe                __lctrans
 .text.__lctrans_cur
                0x00018602        0xe /home/abuild/rpmbuild/BUILD/allocator-shootout-demo-1.0.0/musl-inst/lib/libc.a(__lctrans.lo)
                0x00018602                __lctrans_cur
 .text          0x00018610        0x0 /home/abuild/rpmbuild/BUILD/allocator-shootout-demo-1.0.0/musl-inst/lib/libc.a(iconv.lo)
 .text.iconv_open
                0x00018610       0x6c /home/abuild/rpmbuild/BUILD/allocator-shootout-demo-1.0.0/musl-inst/lib/libc.a(iconv.lo)
                0x00018610                iconv_open
 .text.find_charmap
                0x0001867c       0xb4 /home/abuild/rpmbuild/BUILD/allocator-shootout-demo-1.0.0/musl-inst/lib/libc.a(iconv.lo)
 .text.iconv    0x00018730      0xcdc /home/abuild/rpmbuild/BUILD/allocator-shootout-demo-1.0.0/musl-inst/lib/libc.a(iconv.lo)
                0x00018730                iconv
 .text.legacy_map
                0x0001940c       0x50 /home/abuild/rpmbuild/BUILD/allocator-shootout-demo-1.0.0/musl-inst/lib/libc.a(iconv.lo)
 .text.uni_to_jis
                0x0001945c       0x78 /home/abuild/rpmbuild/BUILD/allocator-shootout-demo-1.0.0/musl-inst/lib/libc.a(iconv.lo)
 .text          0x000194d4        0x0 /home/abuild/rpmbuild/BUILD/allocator-shootout-demo-1.0.0/musl-inst/lib/libc.a(iconv_close.lo)
 .text.iconv_close
                0x000194d4       0x12 /home/abuild/rpmbuild/BUILD/allocator-shootout-demo-1.0.0/musl-inst/lib/libc.a(iconv_close.lo)
                0x000194d4                iconv_close
 *fill*         0x000194e6        0x2 
 .text          0x000194e8        0x0 /home/abuild/rpmbuild/BUILD/allocator-shootout-demo-1.0.0/musl-inst/lib/libc.a(langinfo.lo)
 .text.__nl_langinfo_l
                0x000194e8       0xbc /home/abuild/rpmbuild/BUILD/allocator-shootout-demo-1.0.0/musl-inst/lib/libc.a(langinfo.lo)
                0x000194e8                __nl_langinfo_l
                0x000194e8                nl_langinfo_l
 .text.__nl_langinfo
                0x000195a4        0xc /home/abuild/rpmbuild/BUILD/allocator-shootout-demo-1.0.0/musl-inst/lib/libc.a(langinfo.lo)
                0x000195a4                nl_langinfo
                0x000195a4                __nl_langinfo
 .text          0x000195b0        0x0 /home/abuild/rpmbuild/BUILD/allocator-shootout-demo-1.0.0/musl-inst/lib/libc.a(setlocale.lo)
 .text.setlocale
                0x000195b0      0x1a8 /home/abuild/rpmbuild/BUILD/allocator-shootout-demo-1.0.0/musl-inst/lib/libc.a(setlocale.lo)
                0x000195b0                setlocale
 .text          0x00019758        0x0 /home/abuild/rpmbuild/BUILD/allocator-shootout-demo-1.0.0/musl-inst/lib/libc.a(strcoll.lo)
 .text.__strcoll_l
                0x00019758        0x4 /home/abuild/rpmbuild/BUILD/allocator-shootout-demo-1.0.0/musl-inst/lib/libc.a(strcoll.lo)
                0x00019758                __strcoll_l
                0x00019758                strcoll_l
 .text.strcoll  0x0001975c        0x4 /home/abuild/rpmbuild/BUILD/allocator-shootout-demo-1.0.0/musl-inst/lib/libc.a(strcoll.lo)
                0x0001975c                strcoll
 .text          0x00019760        0x0 /home/abuild/rpmbuild/BUILD/allocator-shootout-demo-1.0.0/musl-inst/lib/libc.a(getauxval.lo)
 .text.__getauxval
                0x00019760       0x40 /home/abuild/rpmbuild/BUILD/allocator-shootout-demo-1.0.0/musl-inst/lib/libc.a(getauxval.lo)
                0x00019760                getauxval
                0x00019760                __getauxval
 .text          0x000197a0        0x0 /home/abuild/rpmbuild/BUILD/allocator-shootout-demo-1.0.0/musl-inst/lib/libc.a(getrlimit.lo)
 .text.getrlimit
                0x000197a0       0x8a /home/abuild/rpmbuild/BUILD/allocator-shootout-demo-1.0.0/musl-inst/lib/libc.a(getrlimit.lo)
                0x000197a0                getrlimit
 *fill*         0x0001982a        0x2 
 .text          0x0001982c        0x0 /home/abuild/rpmbuild/BUILD/allocator-shootout-demo-1.0.0/musl-inst/lib/libc.a(madvise.lo)
 .text.__madvise
                0x0001982c        0xe /home/abuild/rpmbuild/BUILD/allocator-shootout-demo-1.0.0/musl-inst/lib/libc.a(madvise.lo)
                0x0001982c                madvise
                0x0001982c                __madvise
 *fill*         0x0001983a        0x2 
 .text          0x0001983c        0x0 /home/abuild/rpmbuild/BUILD/allocator-shootout-demo-1.0.0/musl-inst/lib/libc.a(mmap.lo)
 .text.dummy    0x0001983c        0x2 /home/abuild/rpmbuild/BUILD/allocator-shootout-demo-1.0.0/musl-inst/lib/libc.a(mmap.lo)
 .text.__mmap   0x0001983e       0x84 /home/abuild/rpmbuild/BUILD/allocator-shootout-demo-1.0.0/musl-inst/lib/libc.a(mmap.lo)
                0x0001983e                __mmap
                0x0001983e                mmap
 *fill*         0x000198c2        0x2 
 .text          0x000198c4        0x0 /home/abuild/rpmbuild/BUILD/allocator-shootout-demo-1.0.0/musl-inst/lib/libc.a(munmap.lo)
 .text.dummy    0x000198c4        0x2 /home/abuild/rpmbuild/BUILD/allocator-shootout-demo-1.0.0/musl-inst/lib/libc.a(munmap.lo)
 .text.__munmap
                0x000198c6       0x20 /home/abuild/rpmbuild/BUILD/allocator-shootout-demo-1.0.0/musl-inst/lib/libc.a(munmap.lo)
                0x000198c6                munmap
                0x000198c6                __munmap
 *fill*         0x000198e6        0x2 
 .text          0x000198e8        0x0 /home/abuild/rpmbuild/BUILD/allocator-shootout-demo-1.0.0/musl-inst/lib/libc.a(mbrtowc.lo)
 .text.mbrtowc  0x000198e8       0xd4 /home/abuild/rpmbuild/BUILD/allocator-shootout-demo-1.0.0/musl-inst/lib/libc.a(mbrtowc.lo)
                0x000198e8                mbrtowc
 .text          0x000199bc        0x0 /home/abuild/rpmbuild/BUILD/allocator-shootout-demo-1.0.0/musl-inst/lib/libc.a(wctomb.lo)
 .text.wctomb   0x000199bc        0xc /home/abuild/rpmbuild/BUILD/allocator-shootout-demo-1.0.0/musl-inst/lib/libc.a(wctomb.lo)
                0x000199bc                wctomb
 .text          0x000199c8        0x0 /home/abuild/rpmbuild/BUILD/allocator-shootout-demo-1.0.0/musl-inst/lib/libc.a(freeaddrinfo.lo)
 .text.freeaddrinfo
                0x000199c8       0x4a /home/abuild/rpmbuild/BUILD/allocator-shootout-demo-1.0.0/musl-inst/lib/libc.a(freeaddrinfo.lo)
                0x000199c8                freeaddrinfo
 *fill*         0x00019a12        0x2 
 .text          0x00019a14        0x0 /home/abuild/rpmbuild/BUILD/allocator-shootout-demo-1.0.0/musl-inst/lib/libc.a(gai_strerror.lo)
 .text.gai_strerror
                0x00019a14       0x2c /home/abuild/rpmbuild/BUILD/allocator-shootout-demo-1.0.0/musl-inst/lib/libc.a(gai_strerror.lo)
                0x00019a14                gai_strerror
 .text          0x00019a40        0x0 /home/abuild/rpmbuild/BUILD/allocator-shootout-demo-1.0.0/musl-inst/lib/libc.a(getaddrinfo.lo)
 .text.getaddrinfo
                0x00019a40      0x2e4 /home/abuild/rpmbuild/BUILD/allocator-shootout-demo-1.0.0/musl-inst/lib/libc.a(getaddrinfo.lo)
                0x00019a40                getaddrinfo
 .text          0x00019d24        0x0 /home/abuild/rpmbuild/BUILD/allocator-shootout-demo-1.0.0/musl-inst/lib/libc.a(getnameinfo.lo)
 .text.getnameinfo
                0x00019d24      0x528 /home/abuild/rpmbuild/BUILD/allocator-shootout-demo-1.0.0/musl-inst/lib/libc.a(getnameinfo.lo)
                0x00019d24                getnameinfo
 .text.dns_parse_callback
                0x0001a24c       0x2e /home/abuild/rpmbuild/BUILD/allocator-shootout-demo-1.0.0/musl-inst/lib/libc.a(getnameinfo.lo)
 *fill*         0x0001a27a        0x2 
 .text          0x0001a27c        0x0 /home/abuild/rpmbuild/BUILD/allocator-shootout-demo-1.0.0/musl-inst/lib/libc.a(htons.lo)
 .text.htons    0x0001a27c        0x4 /home/abuild/rpmbuild/BUILD/allocator-shootout-demo-1.0.0/musl-inst/lib/libc.a(htons.lo)
                0x0001a27c                htons
 .text          0x0001a280        0x0 /home/abuild/rpmbuild/BUILD/allocator-shootout-demo-1.0.0/musl-inst/lib/libc.a(if_indextoname.lo)
 .text.if_indextoname
                0x0001a280       0x88 /home/abuild/rpmbuild/BUILD/allocator-shootout-demo-1.0.0/musl-inst/lib/libc.a(if_indextoname.lo)
                0x0001a280                if_indextoname
 .text          0x0001a308        0x0 /home/abuild/rpmbuild/BUILD/allocator-shootout-demo-1.0.0/musl-inst/lib/libc.a(inet_ntop.lo)
 .text.inet_ntop
                0x0001a308      0x158 /home/abuild/rpmbuild/BUILD/allocator-shootout-demo-1.0.0/musl-inst/lib/libc.a(inet_ntop.lo)
                0x0001a308                inet_ntop
 .text          0x0001a460        0x0 /home/abuild/rpmbuild/BUILD/allocator-shootout-demo-1.0.0/musl-inst/lib/libc.a(lookup_ipliteral.lo)
 .text.__lookup_ipliteral
                0x0001a460      0x11c /home/abuild/rpmbuild/BUILD/allocator-shootout-demo-1.0.0/musl-inst/lib/libc.a(lookup_ipliteral.lo)
                0x0001a460                __lookup_ipliteral
 .text          0x0001a57c        0x0 /home/abuild/rpmbuild/BUILD/allocator-shootout-demo-1.0.0/musl-inst/lib/libc.a(lookup_name.lo)
 .text.__lookup_name
                0x0001a57c      0x764 /home/abuild/rpmbuild/BUILD/allocator-shootout-demo-1.0.0/musl-inst/lib/libc.a(lookup_name.lo)
                0x0001a57c                __lookup_name
 .text.policyof
                0x0001ace0       0x30 /home/abuild/rpmbuild/BUILD/allocator-shootout-demo-1.0.0/musl-inst/lib/libc.a(lookup_name.lo)
 .text.scopeof  0x0001ad10       0x58 /home/abuild/rpmbuild/BUILD/allocator-shootout-demo-1.0.0/musl-inst/lib/libc.a(lookup_name.lo)
 .text.addrcmp  0x0001ad68        0x8 /home/abuild/rpmbuild/BUILD/allocator-shootout-demo-1.0.0/musl-inst/lib/libc.a(lookup_name.lo)
 .text.is_valid_hostname
                0x0001ad70       0x48 /home/abuild/rpmbuild/BUILD/allocator-shootout-demo-1.0.0/musl-inst/lib/libc.a(lookup_name.lo)
 .text.name_from_dns
                0x0001adb8      0x184 /home/abuild/rpmbuild/BUILD/allocator-shootout-demo-1.0.0/musl-inst/lib/libc.a(lookup_name.lo)
 .text.dns_parse_callback
                0x0001af3c       0xc0 /home/abuild/rpmbuild/BUILD/allocator-shootout-demo-1.0.0/musl-inst/lib/libc.a(lookup_name.lo)
 .text          0x0001affc        0x0 /home/abuild/rpmbuild/BUILD/allocator-shootout-demo-1.0.0/musl-inst/lib/libc.a(lookup_serv.lo)
 .text.__lookup_serv
                0x0001affc      0x288 /home/abuild/rpmbuild/BUILD/allocator-shootout-demo-1.0.0/musl-inst/lib/libc.a(lookup_serv.lo)
                0x0001affc                __lookup_serv
 .text          0x0001b284        0x0 /home/abuild/rpmbuild/BUILD/allocator-shootout-demo-1.0.0/musl-inst/lib/libc.a(ntohs.lo)
 .text.ntohs    0x0001b284        0x4 /home/abuild/rpmbuild/BUILD/allocator-shootout-demo-1.0.0/musl-inst/lib/libc.a(ntohs.lo)
                0x0001b284                ntohs
 .text          0x0001b288        0x0 /home/abuild/rpmbuild/BUILD/allocator-shootout-demo-1.0.0/musl-inst/lib/libc.a(res_mkquery.lo)
 .text.__res_mkquery
                0x0001b288      0x130 /home/abuild/rpmbuild/BUILD/allocator-shootout-demo-1.0.0/musl-inst/lib/libc.a(res_mkquery.lo)
                0x0001b288                res_mkquery
                0x0001b288                __res_mkquery
 .text          0x0001b3b8        0x0 /home/abuild/rpmbuild/BUILD/allocator-shootout-demo-1.0.0/musl-inst/lib/libc.a(res_msend.lo)
 .text.__res_msend_rc
                0x0001b3b8      0x8dc /home/abuild/rpmbuild/BUILD/allocator-shootout-demo-1.0.0/musl-inst/lib/libc.a(res_msend.lo)
                0x0001b3b8                __res_msend_rc
 .text.cleanup  0x0001bc94       0x28 /home/abuild/rpmbuild/BUILD/allocator-shootout-demo-1.0.0/musl-inst/lib/libc.a(res_msend.lo)
 .text.__res_msend
                0x0001bcbc       0x44 /home/abuild/rpmbuild/BUILD/allocator-shootout-demo-1.0.0/musl-inst/lib/libc.a(res_msend.lo)
                0x0001bcbc                __res_msend
 .text.mtime    0x0001bd00       0x46 /home/abuild/rpmbuild/BUILD/allocator-shootout-demo-1.0.0/musl-inst/lib/libc.a(res_msend.lo)
 *fill*         0x0001bd46        0x2 
 .text          0x0001bd48        0x0 /home/abuild/rpmbuild/BUILD/allocator-shootout-demo-1.0.0/musl-inst/lib/libc.a(res_send.lo)
 .text.__res_send
                0x0001bd48       0x8c /home/abuild/rpmbuild/BUILD/allocator-shootout-demo-1.0.0/musl-inst/lib/libc.a(res_send.lo)
                0x0001bd48                __res_send
                0x0001bd48                res_send
 .text          0x0001bdd4        0x0 /home/abuild/rpmbuild/BUILD/allocator-shootout-demo-1.0.0/musl-inst/lib/libc.a(resolvconf.lo)
 .text.__get_resolv_conf
                0x0001bdd4      0x2fc /home/abuild/rpmbuild/BUILD/allocator-shootout-demo-1.0.0/musl-inst/lib/libc.a(resolvconf.lo)
                0x0001bdd4                __get_resolv_conf
 .text          0x0001c0d0        0x0 /home/abuild/rpmbuild/BUILD/allocator-shootout-demo-1.0.0/musl-inst/lib/libc.a(sendmsg.lo)
 .text.sendmsg  0x0001c0d0       0x24 /home/abuild/rpmbuild/BUILD/allocator-shootout-demo-1.0.0/musl-inst/lib/libc.a(sendmsg.lo)
                0x0001c0d0                sendmsg
 .text          0x0001c0f4        0x0 /home/abuild/rpmbuild/BUILD/allocator-shootout-demo-1.0.0/musl-inst/lib/libc.a(sendto.lo)
 .text.sendto   0x0001c0f4       0x2a /home/abuild/rpmbuild/BUILD/allocator-shootout-demo-1.0.0/musl-inst/lib/libc.a(sendto.lo)
                0x0001c0f4                sendto
 *fill*         0x0001c11e        0x2 
 .text          0x0001c120        0x0 /home/abuild/rpmbuild/BUILD/allocator-shootout-demo-1.0.0/musl-inst/lib/libc.a(setsockopt.lo)
 .text.setsockopt
                0x0001c120       0xb8 /home/abuild/rpmbuild/BUILD/allocator-shootout-demo-1.0.0/musl-inst/lib/libc.a(setsockopt.lo)
                0x0001c120                setsockopt
 .text          0x0001c1d8        0x0 /home/abuild/rpmbuild/BUILD/allocator-shootout-demo-1.0.0/musl-inst/lib/libc.a(socket.lo)
 .text.socket   0x0001c1d8       0x88 /home/abuild/rpmbuild/BUILD/allocator-shootout-demo-1.0.0/musl-inst/lib/libc.a(socket.lo)
                0x0001c1d8                socket
 .text          0x0001c260        0x0 /home/abuild/rpmbuild/BUILD/allocator-shootout-demo-1.0.0/musl-inst/lib/libc.a(poll.lo)
 .text.poll     0x0001c260       0x22 /home/abuild/rpmbuild/BUILD/allocator-shootout-demo-1.0.0/musl-inst/lib/libc.a(poll.lo)
                0x0001c260                poll
 *fill*         0x0001c282        0x2 
 .text          0x0001c284        0x0 /home/abuild/rpmbuild/BUILD/allocator-shootout-demo-1.0.0/musl-inst/lib/libc.a(block.lo)
 .text.__block_all_sigs
                0x0001c284       0x1c /home/abuild/rpmbuild/BUILD/allocator-shootout-demo-1.0.0/musl-inst/lib/libc.a(block.lo)
                0x0001c284                __block_all_sigs
 .text.__block_app_sigs
                0x0001c2a0       0x1c /home/abuild/rpmbuild/BUILD/allocator-shootout-demo-1.0.0/musl-inst/lib/libc.a(block.lo)
                0x0001c2a0                __block_app_sigs
 .text.__restore_sigs
                0x0001c2bc       0x14 /home/abuild/rpmbuild/BUILD/allocator-shootout-demo-1.0.0/musl-inst/lib/libc.a(block.lo)
                0x0001c2bc                __restore_sigs
 .text          0x0001c2d0        0x0 /home/abuild/rpmbuild/BUILD/allocator-shootout-demo-1.0.0/musl-inst/lib/libc.a(raise.lo)
 .text.raise    0x0001c2d0       0x34 /home/abuild/rpmbuild/BUILD/allocator-shootout-demo-1.0.0/musl-inst/lib/libc.a(raise.lo)
                0x0001c2d0                raise
 .text          0x0001c304        0x0 /home/abuild/rpmbuild/BUILD/allocator-shootout-demo-1.0.0/musl-inst/lib/libc.a(__fclose_ca.lo)
 .text.__fclose_ca
                0x0001c304        0x4 /home/abuild/rpmbuild/BUILD/allocator-shootout-demo-1.0.0/musl-inst/lib/libc.a(__fclose_ca.lo)
                0x0001c304                __fclose_ca
 .text          0x0001c308        0x0 /home/abuild/rpmbuild/BUILD/allocator-shootout-demo-1.0.0/musl-inst/lib/libc.a(__fopen_rb_ca.lo)
 .text.__fopen_rb_ca
                0x0001c308       0x80 /home/abuild/rpmbuild/BUILD/allocator-shootout-demo-1.0.0/musl-inst/lib/libc.a(__fopen_rb_ca.lo)
                0x0001c308                __fopen_rb_ca
 .text          0x0001c388        0x0 /home/abuild/rpmbuild/BUILD/allocator-shootout-demo-1.0.0/musl-inst/lib/libc.a(__stdio_close.lo)
 .text.dummy    0x0001c388        0x2 /home/abuild/rpmbuild/BUILD/allocator-shootout-demo-1.0.0/musl-inst/lib/libc.a(__stdio_close.lo)
                0x0001c388                __aio_close
 .text.__stdio_close
                0x0001c38a       0x1a /home/abuild/rpmbuild/BUILD/allocator-shootout-demo-1.0.0/musl-inst/lib/libc.a(__stdio_close.lo)
                0x0001c38a                __stdio_close
 .text          0x0001c3a4        0x0 /home/abuild/rpmbuild/BUILD/allocator-shootout-demo-1.0.0/musl-inst/lib/libc.a(__stdio_read.lo)
 .text.__stdio_read
                0x0001c3a4       0x80 /home/abuild/rpmbuild/BUILD/allocator-shootout-demo-1.0.0/musl-inst/lib/libc.a(__stdio_read.lo)
                0x0001c3a4                __stdio_read
 .text          0x0001c424        0x0 /home/abuild/rpmbuild/BUILD/allocator-shootout-demo-1.0.0/musl-inst/lib/libc.a(__stdio_seek.lo)
 .text.__stdio_seek
                0x0001c424        0xa /home/abuild/rpmbuild/BUILD/allocator-shootout-demo-1.0.0/musl-inst/lib/libc.a(__stdio_seek.lo)
                0x0001c424                __stdio_seek
 *fill*         0x0001c42e        0x2 
 .text          0x0001c430        0x0 /home/abuild/rpmbuild/BUILD/allocator-shootout-demo-1.0.0/musl-inst/lib/libc.a(fclose.lo)
 .text.dummy    0x0001c430        0x2 /home/abuild/rpmbuild/BUILD/allocator-shootout-demo-1.0.0/musl-inst/lib/libc.a(fclose.lo)
                0x0001c430                __unlist_locked_file
 .text.fclose   0x0001c432       0x74 /home/abuild/rpmbuild/BUILD/allocator-shootout-demo-1.0.0/musl-inst/lib/libc.a(fclose.lo)
                0x0001c432                fclose
 *fill*         0x0001c4a6        0x2 
 .text          0x0001c4a8        0x0 /home/abuild/rpmbuild/BUILD/allocator-shootout-demo-1.0.0/musl-inst/lib/libc.a(fflush.lo)
 .text.fflush   0x0001c4a8       0xe0 /home/abuild/rpmbuild/BUILD/allocator-shootout-demo-1.0.0/musl-inst/lib/libc.a(fflush.lo)
                0x0001c4a8                fflush
                0x0001c4a8                fflush_unlocked
 .text          0x0001c588        0x0 /home/abuild/rpmbuild/BUILD/allocator-shootout-demo-1.0.0/musl-inst/lib/libc.a(fgets.lo)
 .text.fgets    0x0001c588      0x104 /home/abuild/rpmbuild/BUILD/allocator-shootout-demo-1.0.0/musl-inst/lib/libc.a(fgets.lo)
                0x0001c588                fgets
                0x0001c588                fgets_unlocked
 .text          0x0001c68c        0x0 /home/abuild/rpmbuild/BUILD/allocator-shootout-demo-1.0.0/musl-inst/lib/libc.a(fopen.lo)
 .text.fopen    0x0001c68c       0x78 /home/abuild/rpmbuild/BUILD/allocator-shootout-demo-1.0.0/musl-inst/lib/libc.a(fopen.lo)
                0x0001c68c                fopen
 .text          0x0001c704        0x0 /home/abuild/rpmbuild/BUILD/allocator-shootout-demo-1.0.0/musl-inst/lib/libc.a(fprintf.lo)
 .text.fprintf  0x0001c704       0x1c /home/abuild/rpmbuild/BUILD/allocator-shootout-demo-1.0.0/musl-inst/lib/libc.a(fprintf.lo)
                0x0001c704                fprintf
 .text          0x0001c720        0x0 /home/abuild/rpmbuild/BUILD/allocator-shootout-demo-1.0.0/musl-inst/lib/libc.a(getc.lo)
 .text.getc     0x0001c720       0x34 /home/abuild/rpmbuild/BUILD/allocator-shootout-demo-1.0.0/musl-inst/lib/libc.a(getc.lo)
                0x0001c720                getc
                0x0001c720                _IO_getc
 .text.locking_getc
                0x0001c754       0x86 /home/abuild/rpmbuild/BUILD/allocator-shootout-demo-1.0.0/musl-inst/lib/libc.a(getc.lo)
 *fill*         0x0001c7da        0x2 
 .text          0x0001c7dc        0x0 /home/abuild/rpmbuild/BUILD/allocator-shootout-demo-1.0.0/musl-inst/lib/libc.a(ofl.lo)
 .text.__ofl_lock
                0x0001c7dc       0x18 /home/abuild/rpmbuild/BUILD/allocator-shootout-demo-1.0.0/musl-inst/lib/libc.a(ofl.lo)
                0x0001c7dc                __ofl_lock
 .text.__ofl_unlock
                0x0001c7f4        0xc /home/abuild/rpmbuild/BUILD/allocator-shootout-demo-1.0.0/musl-inst/lib/libc.a(ofl.lo)
                0x0001c7f4                __ofl_unlock
 .text          0x0001c800        0x0 /home/abuild/rpmbuild/BUILD/allocator-shootout-demo-1.0.0/musl-inst/lib/libc.a(printf.lo)
 .text.printf   0x0001c800       0x2c /home/abuild/rpmbuild/BUILD/allocator-shootout-demo-1.0.0/musl-inst/lib/libc.a(printf.lo)
                0x0001c800                printf
 .text          0x0001c82c        0x0 /home/abuild/rpmbuild/BUILD/allocator-shootout-demo-1.0.0/musl-inst/lib/libc.a(puts.lo)
 .text.puts     0x0001c82c       0x80 /home/abuild/rpmbuild/BUILD/allocator-shootout-demo-1.0.0/musl-inst/lib/libc.a(puts.lo)
                0x0001c82c                puts
 .text          0x0001c8ac        0x0 /home/abuild/rpmbuild/BUILD/allocator-shootout-demo-1.0.0/musl-inst/lib/libc.a(snprintf.lo)
 .text.snprintf
                0x0001c8ac       0x1a /home/abuild/rpmbuild/BUILD/allocator-shootout-demo-1.0.0/musl-inst/lib/libc.a(snprintf.lo)
                0x0001c8ac                snprintf
 *fill*         0x0001c8c6        0x2 
 .text          0x0001c8c8        0x0 /home/abuild/rpmbuild/BUILD/allocator-shootout-demo-1.0.0/musl-inst/lib/libc.a(sprintf.lo)
 .text.sprintf  0x0001c8c8       0x1c /home/abuild/rpmbuild/BUILD/allocator-shootout-demo-1.0.0/musl-inst/lib/libc.a(sprintf.lo)
                0x0001c8c8                sprintf
 .text          0x0001c8e4        0x0 /home/abuild/rpmbuild/BUILD/allocator-shootout-demo-1.0.0/musl-inst/lib/libc.a(stderr.lo)
 .text          0x0001c8e4        0x0 /home/abuild/rpmbuild/BUILD/allocator-shootout-demo-1.0.0/musl-inst/lib/libc.a(stdout.lo)
 .text          0x0001c8e4        0x0 /home/abuild/rpmbuild/BUILD/allocator-shootout-demo-1.0.0/musl-inst/lib/libc.a(vfprintf.lo)
 .text.vfprintf
                0x0001c8e4      0x118 /home/abuild/rpmbuild/BUILD/allocator-shootout-demo-1.0.0/musl-inst/lib/libc.a(vfprintf.lo)
                0x0001c8e4                vfprintf
 *fill*         0x0001c9fc        0x4 
 .text.printf_core
                0x0001ca00     0x14c4 /home/abuild/rpmbuild/BUILD/allocator-shootout-demo-1.0.0/musl-inst/lib/libc.a(vfprintf.lo)
 .text.pop_arg  0x0001dec4       0xa2 /home/abuild/rpmbuild/BUILD/allocator-shootout-demo-1.0.0/musl-inst/lib/libc.a(vfprintf.lo)
 *fill*         0x0001df66        0x2 
 .text.pad      0x0001df68       0x80 /home/abuild/rpmbuild/BUILD/allocator-shootout-demo-1.0.0/musl-inst/lib/libc.a(vfprintf.lo)
 .text          0x0001dfe8        0x0 /home/abuild/rpmbuild/BUILD/allocator-shootout-demo-1.0.0/musl-inst/lib/libc.a(vsnprintf.lo)
 .text.vsnprintf
                0x0001dfe8       0x64 /home/abuild/rpmbuild/BUILD/allocator-shootout-demo-1.0.0/musl-inst/lib/libc.a(vsnprintf.lo)
                0x0001dfe8                vsnprintf
 .text.sn_write
                0x0001e04c       0x60 /home/abuild/rpmbuild/BUILD/allocator-shootout-demo-1.0.0/musl-inst/lib/libc.a(vsnprintf.lo)
 .text          0x0001e0ac        0x0 /home/abuild/rpmbuild/BUILD/allocator-shootout-demo-1.0.0/musl-inst/lib/libc.a(vsprintf.lo)
 .text.vsprintf
                0x0001e0ac        0xc /home/abuild/rpmbuild/BUILD/allocator-shootout-demo-1.0.0/musl-inst/lib/libc.a(vsprintf.lo)
                0x0001e0ac                vsprintf
 .text          0x0001e0b8        0x0 /home/abuild/rpmbuild/BUILD/allocator-shootout-demo-1.0.0/musl-inst/lib/libc.a(atoi.lo)
 .text.atoi     0x0001e0b8       0x5a /home/abuild/rpmbuild/BUILD/allocator-shootout-demo-1.0.0/musl-inst/lib/libc.a(atoi.lo)
                0x0001e0b8                atoi
 *fill*         0x0001e112        0x2 
 .text          0x0001e114        0x0 /home/abuild/rpmbuild/BUILD/allocator-shootout-demo-1.0.0/musl-inst/lib/libc.a(qsort_nr.lo)
 .text.qsort    0x0001e114       0x18 /home/abuild/rpmbuild/BUILD/allocator-shootout-demo-1.0.0/musl-inst/lib/libc.a(qsort_nr.lo)
                0x0001e114                qsort
 .text.wrapper_cmp
                0x0001e12c        0x2 /home/abuild/rpmbuild/BUILD/allocator-shootout-demo-1.0.0/musl-inst/lib/libc.a(qsort_nr.lo)
 *fill*         0x0001e12e        0x2 
 .text          0x0001e130        0x0 /home/abuild/rpmbuild/BUILD/allocator-shootout-demo-1.0.0/musl-inst/lib/libc.a(strtol.lo)
 .text.strtoull
                0x0001e130       0x14 /home/abuild/rpmbuild/BUILD/allocator-shootout-demo-1.0.0/musl-inst/lib/libc.a(strtol.lo)
                0x0001e130                __strtoull_internal
                0x0001e130                strtoull
 .text.strtox   0x0001e144       0x46 /home/abuild/rpmbuild/BUILD/allocator-shootout-demo-1.0.0/musl-inst/lib/libc.a(strtol.lo)
 .text.strtoll  0x0001e18a       0x16 /home/abuild/rpmbuild/BUILD/allocator-shootout-demo-1.0.0/musl-inst/lib/libc.a(strtol.lo)
                0x0001e18a                __strtoll_internal
                0x0001e18a                strtoll
 .text.strtoul  0x0001e1a0       0x18 /home/abuild/rpmbuild/BUILD/allocator-shootout-demo-1.0.0/musl-inst/lib/libc.a(strtol.lo)
                0x0001e1a0                strtoul
                0x0001e1a0                __strtoul_internal
 .text.strtol   0x0001e1b8       0x18 /home/abuild/rpmbuild/BUILD/allocator-shootout-demo-1.0.0/musl-inst/lib/libc.a(strtol.lo)
                0x0001e1b8                __strtol_internal
                0x0001e1b8                strtol
 .text.strtoimax
                0x0001e1d0       0x16 /home/abuild/rpmbuild/BUILD/allocator-shootout-demo-1.0.0/musl-inst/lib/libc.a(strtol.lo)
                0x0001e1d0                strtoimax
                0x0001e1d0                __strtoimax_internal
 .text.strtoumax
                0x0001e1e6       0x14 /home/abuild/rpmbuild/BUILD/allocator-shootout-demo-1.0.0/musl-inst/lib/libc.a(strtol.lo)
                0x0001e1e6                strtoumax
                0x0001e1e6                __strtoumax_internal
 *fill*         0x0001e1fa        0x2 
 .text          0x0001e1fc      0x2dc /home/abuild/rpmbuild/BUILD/allocator-shootout-demo-1.0.0/musl-inst/lib/libc.a(memcpy.lo)
                0x0001e1fc                memcpy
 .text          0x0001e4d8        0x0 /home/abuild/rpmbuild/BUILD/allocator-shootout-demo-1.0.0/musl-inst/lib/libc.a(bcmp.lo)
 .text.bcmp     0x0001e4d8        0x4 /home/abuild/rpmbuild/BUILD/allocator-shootout-demo-1.0.0/musl-inst/lib/libc.a(bcmp.lo)
                0x0001e4d8                bcmp
 .text          0x0001e4dc        0x0 /home/abuild/rpmbuild/BUILD/allocator-shootout-demo-1.0.0/musl-inst/lib/libc.a(memchr.lo)
 .text.memchr   0x0001e4dc       0x90 /home/abuild/rpmbuild/BUILD/allocator-shootout-demo-1.0.0/musl-inst/lib/libc.a(memchr.lo)
                0x0001e4dc                memchr
 .text          0x0001e56c        0x0 /home/abuild/rpmbuild/BUILD/allocator-shootout-demo-1.0.0/musl-inst/lib/libc.a(memcmp.lo)
 .text.memcmp   0x0001e56c       0x1e /home/abuild/rpmbuild/BUILD/allocator-shootout-demo-1.0.0/musl-inst/lib/libc.a(memcmp.lo)
                0x0001e56c                memcmp
 *fill*         0x0001e58a        0x2 
 .text          0x0001e58c        0x0 /home/abuild/rpmbuild/BUILD/allocator-shootout-demo-1.0.0/musl-inst/lib/libc.a(memmove.lo)
 .text.memmove  0x0001e58c       0xe6 /home/abuild/rpmbuild/BUILD/allocator-shootout-demo-1.0.0/musl-inst/lib/libc.a(memmove.lo)
                0x0001e58c                memmove
 *fill*         0x0001e672        0x2 
 .text          0x0001e674        0x0 /home/abuild/rpmbuild/BUILD/allocator-shootout-demo-1.0.0/musl-inst/lib/libc.a(memset.lo)
 .text.memset   0x0001e674       0x90 /home/abuild/rpmbuild/BUILD/allocator-shootout-demo-1.0.0/musl-inst/lib/libc.a(memset.lo)
                0x0001e674                memset
 .text          0x0001e704        0x0 /home/abuild/rpmbuild/BUILD/allocator-shootout-demo-1.0.0/musl-inst/lib/libc.a(strcat.lo)
 .text.strcat   0x0001e704       0x16 /home/abuild/rpmbuild/BUILD/allocator-shootout-demo-1.0.0/musl-inst/lib/libc.a(strcat.lo)
                0x0001e704                strcat
 *fill*         0x0001e71a        0x2 
 .text          0x0001e71c        0x0 /home/abuild/rpmbuild/BUILD/allocator-shootout-demo-1.0.0/musl-inst/lib/libc.a(strchr.lo)
 .text.strchr   0x0001e71c       0x14 /home/abuild/rpmbuild/BUILD/allocator-shootout-demo-1.0.0/musl-inst/lib/libc.a(strchr.lo)
                0x0001e71c                strchr
 .text          0x0001e730        0x0 /home/abuild/rpmbuild/BUILD/allocator-shootout-demo-1.0.0/musl-inst/lib/libc.a(strchrnul.lo)
 .text.__strchrnul
                0x0001e730       0x7e /home/abuild/rpmbuild/BUILD/allocator-shootout-demo-1.0.0/musl-inst/lib/libc.a(strchrnul.lo)
                0x0001e730                __strchrnul
                0x0001e730                strchrnul
 *fill*         0x0001e7ae        0x2 
 .text          0x0001e7b0        0x0 /home/abuild/rpmbuild/BUILD/allocator-shootout-demo-1.0.0/musl-inst/lib/libc.a(strcmp.lo)
 .text.strcmp   0x0001e7b0       0x20 /home/abuild/rpmbuild/BUILD/allocator-shootout-demo-1.0.0/musl-inst/lib/libc.a(strcmp.lo)
                0x0001e7b0                strcmp
 .text          0x0001e7d0        0x0 /home/abuild/rpmbuild/BUILD/allocator-shootout-demo-1.0.0/musl-inst/lib/libc.a(strcpy.lo)
 .text.strcpy   0x0001e7d0        0xc /home/abuild/rpmbuild/BUILD/allocator-shootout-demo-1.0.0/musl-inst/lib/libc.a(strcpy.lo)
                0x0001e7d0                strcpy
 .text          0x0001e7dc        0x0 /home/abuild/rpmbuild/BUILD/allocator-shootout-demo-1.0.0/musl-inst/lib/libc.a(strcspn.lo)
 .text.strcspn  0x0001e7dc       0x72 /home/abuild/rpmbuild/BUILD/allocator-shootout-demo-1.0.0/musl-inst/lib/libc.a(strcspn.lo)
                0x0001e7dc                strcspn
 *fill*         0x0001e84e        0x2 
 .text          0x0001e850        0x0 /home/abuild/rpmbuild/BUILD/allocator-shootout-demo-1.0.0/musl-inst/lib/libc.a(strlen.lo)
 .text.strlen   0x0001e850       0x5a /home/abuild/rpmbuild/BUILD/allocator-shootout-demo-1.0.0/musl-inst/lib/libc.a(strlen.lo)
                0x0001e850                strlen
 *fill*         0x0001e8aa        0x2 
 .text          0x0001e8ac        0x0 /home/abuild/rpmbuild/BUILD/allocator-shootout-demo-1.0.0/musl-inst/lib/libc.a(strncmp.lo)
 .text.strncmp  0x0001e8ac       0x46 /home/abuild/rpmbuild/BUILD/allocator-shootout-demo-1.0.0/musl-inst/lib/libc.a(strncmp.lo)
                0x0001e8ac                strncmp
 *fill*         0x0001e8f2        0x2 
 .text          0x0001e8f4        0x0 /home/abuild/rpmbuild/BUILD/allocator-shootout-demo-1.0.0/musl-inst/lib/libc.a(strncpy.lo)
 .text.strncpy  0x0001e8f4        0xc /home/abuild/rpmbuild/BUILD/allocator-shootout-demo-1.0.0/musl-inst/lib/libc.a(strncpy.lo)
                0x0001e8f4                strncpy
 .text          0x0001e900        0x0 /home/abuild/rpmbuild/BUILD/allocator-shootout-demo-1.0.0/musl-inst/lib/libc.a(strnlen.lo)
 .text.strnlen  0x0001e900       0x18 /home/abuild/rpmbuild/BUILD/allocator-shootout-demo-1.0.0/musl-inst/lib/libc.a(strnlen.lo)
                0x0001e900                strnlen
 .text          0x0001e918        0x0 /home/abuild/rpmbuild/BUILD/allocator-shootout-demo-1.0.0/musl-inst/lib/libc.a(strspn.lo)
 .text.strspn   0x0001e918       0x78 /home/abuild/rpmbuild/BUILD/allocator-shootout-demo-1.0.0/musl-inst/lib/libc.a(strspn.lo)
                0x0001e918                strspn
 .text          0x0001e990        0x0 /home/abuild/rpmbuild/BUILD/allocator-shootout-demo-1.0.0/musl-inst/lib/libc.a(strstr.lo)
 .text.strstr   0x0001e990       0xb6 /home/abuild/rpmbuild/BUILD/allocator-shootout-demo-1.0.0/musl-inst/lib/libc.a(strstr.lo)
                0x0001e990                strstr
 .text.fourbyte_strstr
                0x0001ea46       0x5a /home/abuild/rpmbuild/BUILD/allocator-shootout-demo-1.0.0/musl-inst/lib/libc.a(strstr.lo)
 .text.twoway_strstr
                0x0001eaa0      0x222 /home/abuild/rpmbuild/BUILD/allocator-shootout-demo-1.0.0/musl-inst/lib/libc.a(strstr.lo)
 *fill*         0x0001ecc2        0x2 
 .text          0x0001ecc4        0x0 /home/abuild/rpmbuild/BUILD/allocator-shootout-demo-1.0.0/musl-inst/lib/libc.a(__lock.lo)
 .text.__lock   0x0001ecc4       0xe8 /home/abuild/rpmbuild/BUILD/allocator-shootout-demo-1.0.0/musl-inst/lib/libc.a(__lock.lo)
                0x0001ecc4                __lock
 .text.__unlock
                0x0001edac       0x5a /home/abuild/rpmbuild/BUILD/allocator-shootout-demo-1.0.0/musl-inst/lib/libc.a(__lock.lo)
                0x0001edac                __unlock
 *fill*         0x0001ee06        0x2 
 .text          0x0001ee08        0x0 /home/abuild/rpmbuild/BUILD/allocator-shootout-demo-1.0.0/musl-inst/lib/libc.a(__syscall_cp.lo)
 .text.sccp     0x0001ee08       0x1a /home/abuild/rpmbuild/BUILD/allocator-shootout-demo-1.0.0/musl-inst/lib/libc.a(__syscall_cp.lo)
                0x0001ee08                __syscall_cp_c
 .text.__syscall_cp
                0x0001ee22       0x16 /home/abuild/rpmbuild/BUILD/allocator-shootout-demo-1.0.0/musl-inst/lib/libc.a(__syscall_cp.lo)
                0x0001ee22                __syscall_cp
 .text          0x0001ee38        0x0 /home/abuild/rpmbuild/BUILD/allocator-shootout-demo-1.0.0/musl-inst/lib/libc.a(pthread_barrier_init.lo)
 .text.pthread_barrier_init
                0x0001ee38       0x3c /home/abuild/rpmbuild/BUILD/allocator-shootout-demo-1.0.0/musl-inst/lib/libc.a(pthread_barrier_init.lo)
                0x0001ee38                pthread_barrier_init
 .text          0x0001ee74        0x0 /home/abuild/rpmbuild/BUILD/allocator-shootout-demo-1.0.0/musl-inst/lib/libc.a(pthread_barrier_wait.lo)
 .text.pthread_barrier_wait
                0x0001ee74      0x392 /home/abuild/rpmbuild/BUILD/allocator-shootout-demo-1.0.0/musl-inst/lib/libc.a(pthread_barrier_wait.lo)
                0x0001ee74                pthread_barrier_wait
 *fill*         0x0001f206        0x2 
 .text          0x0001f208        0x0 /home/abuild/rpmbuild/BUILD/allocator-shootout-demo-1.0.0/musl-inst/lib/libc.a(pthread_cleanup_push.lo)
 .text.dummy    0x0001f208        0x2 /home/abuild/rpmbuild/BUILD/allocator-shootout-demo-1.0.0/musl-inst/lib/libc.a(pthread_cleanup_push.lo)
 .text._pthread_cleanup_push
                0x0001f20a        0x8 /home/abuild/rpmbuild/BUILD/allocator-shootout-demo-1.0.0/musl-inst/lib/libc.a(pthread_cleanup_push.lo)
                0x0001f20a                _pthread_cleanup_push
 .text._pthread_cleanup_pop
                0x0001f212       0x18 /home/abuild/rpmbuild/BUILD/allocator-shootout-demo-1.0.0/musl-inst/lib/libc.a(pthread_cleanup_push.lo)
                0x0001f212                _pthread_cleanup_pop
 *fill*         0x0001f22a        0x2 
 .text          0x0001f22c        0x0 /home/abuild/rpmbuild/BUILD/allocator-shootout-demo-1.0.0/musl-inst/lib/libc.a(pthread_create.lo)
 .text.dummy_0  0x0001f22c        0x2 /home/abuild/rpmbuild/BUILD/allocator-shootout-demo-1.0.0/musl-inst/lib/libc.a(pthread_create.lo)
                0x0001f22c                __membarrier_init
                0x0001f22c                __acquire_ptc
                0x0001f22c                __dl_thread_cleanup
                0x0001f22c                __release_ptc
                0x0001f22c                __pthread_tsd_run_dtors
                0x0001f22c                __do_orphaned_stdio_locks
 *fill*         0x0001f22e        0x2 
 .text.__tl_lock
                0x0001f230       0x5c /home/abuild/rpmbuild/BUILD/allocator-shootout-demo-1.0.0/musl-inst/lib/libc.a(pthread_create.lo)
                0x0001f230                __tl_lock
 .text.__tl_unlock
                0x0001f28c       0x60 /home/abuild/rpmbuild/BUILD/allocator-shootout-demo-1.0.0/musl-inst/lib/libc.a(pthread_create.lo)
                0x0001f28c                __tl_unlock
 .text.__tl_sync
                0x0001f2ec       0x54 /home/abuild/rpmbuild/BUILD/allocator-shootout-demo-1.0.0/musl-inst/lib/libc.a(pthread_create.lo)
                0x0001f2ec                __tl_sync
 .text.__pthread_exit
                0x0001f340      0x1c4 /home/abuild/rpmbuild/BUILD/allocator-shootout-demo-1.0.0/musl-inst/lib/libc.a(pthread_create.lo)
                0x0001f340                pthread_exit
                0x0001f340                __pthread_exit
 .text.__do_cleanup_push
                0x0001f504       0x10 /home/abuild/rpmbuild/BUILD/allocator-shootout-demo-1.0.0/musl-inst/lib/libc.a(pthread_create.lo)
                0x0001f504                __do_cleanup_push
 .text.__do_cleanup_pop
                0x0001f514        0xc /home/abuild/rpmbuild/BUILD/allocator-shootout-demo-1.0.0/musl-inst/lib/libc.a(pthread_create.lo)
                0x0001f514                __do_cleanup_pop
 .text.__pthread_create
                0x0001f520      0x408 /home/abuild/rpmbuild/BUILD/allocator-shootout-demo-1.0.0/musl-inst/lib/libc.a(pthread_create.lo)
                0x0001f520                pthread_create
                0x0001f520                __pthread_create
 .text.start_c11
                0x0001f928        0xc /home/abuild/rpmbuild/BUILD/allocator-shootout-demo-1.0.0/musl-inst/lib/libc.a(pthread_create.lo)
 .text.start    0x0001f934       0x74 /home/abuild/rpmbuild/BUILD/allocator-shootout-demo-1.0.0/musl-inst/lib/libc.a(pthread_create.lo)
 .text          0x0001f9a8        0x0 /home/abuild/rpmbuild/BUILD/allocator-shootout-demo-1.0.0/musl-inst/lib/libc.a(pthread_join.lo)
 .text.dummy1   0x0001f9a8        0x2 /home/abuild/rpmbuild/BUILD/allocator-shootout-demo-1.0.0/musl-inst/lib/libc.a(pthread_join.lo)
 .text.__pthread_join
                0x0001f9aa        0x6 /home/abuild/rpmbuild/BUILD/allocator-shootout-demo-1.0.0/musl-inst/lib/libc.a(pthread_join.lo)
                0x0001f9aa                __pthread_join
                0x0001f9aa                pthread_join
 .text.__pthread_timedjoin_np
                0x0001f9b0       0x98 /home/abuild/rpmbuild/BUILD/allocator-shootout-demo-1.0.0/musl-inst/lib/libc.a(pthread_join.lo)
                0x0001f9b0                __pthread_timedjoin_np_time64
 .text.__pthread_tryjoin_np
                0x0001fa48       0x10 /home/abuild/rpmbuild/BUILD/allocator-shootout-demo-1.0.0/musl-inst/lib/libc.a(pthread_join.lo)
                0x0001fa48                pthread_tryjoin_np
 .text          0x0001fa58        0x0 /home/abuild/rpmbuild/BUILD/allocator-shootout-demo-1.0.0/musl-inst/lib/libc.a(pthread_setcancelstate.lo)
 .text.__pthread_setcancelstate
                0x0001fa58       0x1c /home/abuild/rpmbuild/BUILD/allocator-shootout-demo-1.0.0/musl-inst/lib/libc.a(pthread_setcancelstate.lo)
                0x0001fa58                __pthread_setcancelstate
                0x0001fa58                pthread_setcancelstate
 .text          0x0001fa74        0x0 /home/abuild/rpmbuild/BUILD/allocator-shootout-demo-1.0.0/musl-inst/lib/libc.a(pthread_testcancel.lo)
 .text.__pthread_testcancel
                0x0001fa74        0x4 /home/abuild/rpmbuild/BUILD/allocator-shootout-demo-1.0.0/musl-inst/lib/libc.a(pthread_testcancel.lo)
                0x0001fa74                pthread_testcancel
                0x0001fa74                __pthread_testcancel
 .text.dummy    0x0001fa78        0x2 /home/abuild/rpmbuild/BUILD/allocator-shootout-demo-1.0.0/musl-inst/lib/libc.a(pthread_testcancel.lo)
                0x0001fa78                __testcancel
 *fill*         0x0001fa7a        0x2 
 .text          0x0001fa7c        0x0 /home/abuild/rpmbuild/BUILD/allocator-shootout-demo-1.0.0/musl-inst/lib/libc.a(vmlock.lo)
 .text.__vm_wait
                0x0001fa7c       0x1c /home/abuild/rpmbuild/BUILD/allocator-shootout-demo-1.0.0/musl-inst/lib/libc.a(vmlock.lo)
                0x0001fa7c                __vm_wait
 .text.__vm_lock
                0x0001fa98       0x20 /home/abuild/rpmbuild/BUILD/allocator-shootout-demo-1.0.0/musl-inst/lib/libc.a(vmlock.lo)
                0x0001fa98                __vm_lock
 .text.__vm_unlock
                0x0001fab8       0x5c /home/abuild/rpmbuild/BUILD/allocator-shootout-demo-1.0.0/musl-inst/lib/libc.a(vmlock.lo)
                0x0001fab8                __vm_unlock
 .text          0x0001fb14        0x0 /home/abuild/rpmbuild/BUILD/allocator-shootout-demo-1.0.0/musl-inst/lib/libc.a(clock_gettime.lo)
 .text.__clock_gettime
                0x0001fb14       0x94 /home/abuild/rpmbuild/BUILD/allocator-shootout-demo-1.0.0/musl-inst/lib/libc.a(clock_gettime.lo)
                0x0001fb14                __clock_gettime
                0x0001fb14                __clock_gettime64
 .text.cgt_init
                0x0001fba8       0xb8 /home/abuild/rpmbuild/BUILD/allocator-shootout-demo-1.0.0/musl-inst/lib/libc.a(clock_gettime.lo)
 .text.cgt_time32_wrap
                0x0001fc60       0x5c /home/abuild/rpmbuild/BUILD/allocator-shootout-demo-1.0.0/musl-inst/lib/libc.a(clock_gettime.lo)
 .text          0x0001fcbc        0x0 /home/abuild/rpmbuild/BUILD/allocator-shootout-demo-1.0.0/musl-inst/lib/libc.a(localtime_r.lo)
 .text.__localtime_r
                0x0001fcbc       0x72 /home/abuild/rpmbuild/BUILD/allocator-shootout-demo-1.0.0/musl-inst/lib/libc.a(localtime_r.lo)
                0x0001fcbc                __localtime_r
                0x0001fcbc                __localtime64_r
 *fill*         0x0001fd2e        0x2 
 .text          0x0001fd30        0x0 /home/abuild/rpmbuild/BUILD/allocator-shootout-demo-1.0.0/musl-inst/lib/libc.a(strftime.lo)
 .text.__strftime_fmt_1
                0x0001fd30      0x440 /home/abuild/rpmbuild/BUILD/allocator-shootout-demo-1.0.0/musl-inst/lib/libc.a(strftime.lo)
                0x0001fd30                __strftime_fmt_1
 .text.week_num
                0x00020170      0x16a /home/abuild/rpmbuild/BUILD/allocator-shootout-demo-1.0.0/musl-inst/lib/libc.a(strftime.lo)
 *fill*         0x000202da        0x2 
 .text.__strftime_l
                0x000202dc      0x1e0 /home/abuild/rpmbuild/BUILD/allocator-shootout-demo-1.0.0/musl-inst/lib/libc.a(strftime.lo)
                0x000202dc                __strftime_l
                0x000202dc                strftime_l
 .text.strftime
                0x000204bc       0x18 /home/abuild/rpmbuild/BUILD/allocator-shootout-demo-1.0.0/musl-inst/lib/libc.a(strftime.lo)
                0x000204bc                strftime
 .text          0x000204d4        0x0 /home/abuild/rpmbuild/BUILD/allocator-shootout-demo-1.0.0/musl-inst/lib/libc.a(_exit.lo)
 .text._exit    0x000204d4        0x6 /home/abuild/rpmbuild/BUILD/allocator-shootout-demo-1.0.0/musl-inst/lib/libc.a(_exit.lo)
                0x000204d4                _exit
 *fill*         0x000204da        0x2 
 .text          0x000204dc        0x0 /home/abuild/rpmbuild/BUILD/allocator-shootout-demo-1.0.0/musl-inst/lib/libc.a(close.lo)
 .text.dummy    0x000204dc        0x2 /home/abuild/rpmbuild/BUILD/allocator-shootout-demo-1.0.0/musl-inst/lib/libc.a(close.lo)
 .text.close    0x000204de       0x30 /home/abuild/rpmbuild/BUILD/allocator-shootout-demo-1.0.0/musl-inst/lib/libc.a(close.lo)
                0x000204de                close
 *fill*         0x0002050e        0x2 
 .text          0x00020510        0x0 /home/abuild/rpmbuild/BUILD/allocator-shootout-demo-1.0.0/musl-inst/lib/libc.a(getpid.lo)
 .text.getpid   0x00020510        0xc /home/abuild/rpmbuild/BUILD/allocator-shootout-demo-1.0.0/musl-inst/lib/libc.a(getpid.lo)
                0x00020510                getpid
 .text          0x0002051c        0x0 /home/abuild/rpmbuild/BUILD/allocator-shootout-demo-1.0.0/musl-inst/lib/libc.a(lseek.lo)
 .text.__lseek  0x0002051c       0x2e /home/abuild/rpmbuild/BUILD/allocator-shootout-demo-1.0.0/musl-inst/lib/libc.a(lseek.lo)
                0x0002051c                lseek
                0x0002051c                __lseek
 *fill*         0x0002054a        0x2 
 .text          0x0002054c        0x0 /home/abuild/rpmbuild/BUILD/allocator-shootout-demo-1.0.0/musl-inst/lib/libc.a(pause.lo)
 .text.pause    0x0002054c       0x22 /home/abuild/rpmbuild/BUILD/allocator-shootout-demo-1.0.0/musl-inst/lib/libc.a(pause.lo)
                0x0002054c                pause
 *fill*         0x0002056e        0x2 
 .text          0x00020570        0x0 /home/abuild/rpmbuild/BUILD/allocator-shootout-demo-1.0.0/musl-inst/lib/libc.a(isalnum.lo)
 .text.isalnum  0x00020570       0x26 /home/abuild/rpmbuild/BUILD/allocator-shootout-demo-1.0.0/musl-inst/lib/libc.a(isalnum.lo)
                0x00020570                isalnum
 .text.__isalnum_l
                0x00020596       0x26 /home/abuild/rpmbuild/BUILD/allocator-shootout-demo-1.0.0/musl-inst/lib/libc.a(isalnum.lo)
                0x00020596                isalnum_l
                0x00020596                __isalnum_l
 .text          0x000205bc        0x0 /home/abuild/rpmbuild/BUILD/allocator-shootout-demo-1.0.0/musl-inst/lib/libc.a(__environ.lo)
 .text          0x000205bc        0x0 /home/abuild/rpmbuild/BUILD/allocator-shootout-demo-1.0.0/musl-inst/lib/libc.a(__init_tls.lo)
 .text.__init_tp
                0x000205bc       0x5c /home/abuild/rpmbuild/BUILD/allocator-shootout-demo-1.0.0/musl-inst/lib/libc.a(__init_tls.lo)
                0x000205bc                __init_tp
 .text.__copy_tls
                0x00020618       0x68 /home/abuild/rpmbuild/BUILD/allocator-shootout-demo-1.0.0/musl-inst/lib/libc.a(__init_tls.lo)
                0x00020618                __copy_tls
 .text.static_init_tls
                0x00020680      0x120 /home/abuild/rpmbuild/BUILD/allocator-shootout-demo-1.0.0/musl-inst/lib/libc.a(__init_tls.lo)
                0x00020680                __init_tls
 .text          0x000207a0        0x0 /home/abuild/rpmbuild/BUILD/allocator-shootout-demo-1.0.0/musl-inst/lib/libc.a(_Exit.lo)
 .text._Exit    0x000207a0       0x1a /home/abuild/rpmbuild/BUILD/allocator-shootout-demo-1.0.0/musl-inst/lib/libc.a(_Exit.lo)
                0x000207a0                _Exit
 *fill*         0x000207ba        0x2 
 .text          0x000207bc        0x0 /home/abuild/rpmbuild/BUILD/allocator-shootout-demo-1.0.0/musl-inst/lib/libc.a(intscan.lo)
 .text.__intscan
                0x000207bc      0x450 /home/abuild/rpmbuild/BUILD/allocator-shootout-demo-1.0.0/musl-inst/lib/libc.a(intscan.lo)
                0x000207bc                __intscan
 .text          0x00020c0c        0x0 /home/abuild/rpmbuild/BUILD/allocator-shootout-demo-1.0.0/musl-inst/lib/libc.a(shgetc.lo)
 .text.__shlim  0x00020c0c       0x32 /home/abuild/rpmbuild/BUILD/allocator-shootout-demo-1.0.0/musl-inst/lib/libc.a(shgetc.lo)
                0x00020c0c                __shlim
 .text.__shgetc
                0x00020c3e       0xa4 /home/abuild/rpmbuild/BUILD/allocator-shootout-demo-1.0.0/musl-inst/lib/libc.a(shgetc.lo)
                0x00020c3e                __shgetc
 *fill*         0x00020ce2        0x2 
 .text          0x00020ce4        0x0 /home/abuild/rpmbuild/BUILD/allocator-shootout-demo-1.0.0/musl-inst/lib/libc.a(syscall_ret.lo)
 .text.__syscall_ret
                0x00020ce4       0x1c /home/abuild/rpmbuild/BUILD/allocator-shootout-demo-1.0.0/musl-inst/lib/libc.a(syscall_ret.lo)
                0x00020ce4                __syscall_ret
 .text          0x00020d00        0x0 /home/abuild/rpmbuild/BUILD/allocator-shootout-demo-1.0.0/musl-inst/lib/libc.a(vdso.lo)
 .text.__vdsosym
                0x00020d00      0x1a0 /home/abuild/rpmbuild/BUILD/allocator-shootout-demo-1.0.0/musl-inst/lib/libc.a(vdso.lo)
                0x00020d00                __vdsosym
 .text          0x00020ea0        0x0 /home/abuild/rpmbuild/BUILD/allocator-shootout-demo-1.0.0/musl-inst/lib/libc.a(c_locale.lo)
 .text          0x00020ea0        0x0 /home/abuild/rpmbuild/BUILD/allocator-shootout-demo-1.0.0/musl-inst/lib/libc.a(locale_map.lo)
 .text.__lctrans_impl
                0x00020ea0       0x1e /home/abuild/rpmbuild/BUILD/allocator-shootout-demo-1.0.0/musl-inst/lib/libc.a(locale_map.lo)
                0x00020ea0                __lctrans_impl
 *fill*         0x00020ebe        0x2 
 .text.__get_locale
                0x00020ec0      0x21c /home/abuild/rpmbuild/BUILD/allocator-shootout-demo-1.0.0/musl-inst/lib/libc.a(locale_map.lo)
                0x00020ec0                __get_locale
 .text          0x000210dc        0x0 /home/abuild/rpmbuild/BUILD/allocator-shootout-demo-1.0.0/musl-inst/lib/libc.a(lite_malloc.lo)
 .text.__simple_malloc
                0x000210dc      0x1e4 /home/abuild/rpmbuild/BUILD/allocator-shootout-demo-1.0.0/musl-inst/lib/libc.a(lite_malloc.lo)
                0x000210dc                __libc_malloc_impl
 .text.__libc_malloc
                0x000212c0        0x4 /home/abuild/rpmbuild/BUILD/allocator-shootout-demo-1.0.0/musl-inst/lib/libc.a(lite_malloc.lo)
                0x000212c0                __libc_malloc
 .text.default_malloc
                0x000212c4        0x4 /home/abuild/rpmbuild/BUILD/allocator-shootout-demo-1.0.0/musl-inst/lib/libc.a(lite_malloc.lo)
 .text          0x000212c8        0x0 /home/abuild/rpmbuild/BUILD/allocator-shootout-demo-1.0.0/musl-inst/lib/libc.a(frexpl.lo)
 .text.frexpl   0x000212c8        0x4 /home/abuild/rpmbuild/BUILD/allocator-shootout-demo-1.0.0/musl-inst/lib/libc.a(frexpl.lo)
                0x000212c8                frexpl
 .text          0x000212cc        0x0 /home/abuild/rpmbuild/BUILD/allocator-shootout-demo-1.0.0/musl-inst/lib/libc.a(ioctl.lo)
 .text.ioctl    0x000212cc       0xb0 /home/abuild/rpmbuild/BUILD/allocator-shootout-demo-1.0.0/musl-inst/lib/libc.a(ioctl.lo)
                0x000212cc                ioctl
 .text.convert_ioctl_struct
                0x0002137c      0x11c /home/abuild/rpmbuild/BUILD/allocator-shootout-demo-1.0.0/musl-inst/lib/libc.a(ioctl.lo)
 .text          0x00021498        0x0 /home/abuild/rpmbuild/BUILD/allocator-shootout-demo-1.0.0/musl-inst/lib/libc.a(mprotect.lo)
 .text.__mprotect
                0x00021498       0x38 /home/abuild/rpmbuild/BUILD/allocator-shootout-demo-1.0.0/musl-inst/lib/libc.a(mprotect.lo)
                0x00021498                __mprotect
                0x00021498                mprotect
 .text          0x000214d0        0x0 /home/abuild/rpmbuild/BUILD/allocator-shootout-demo-1.0.0/musl-inst/lib/libc.a(internal.lo)
 .text          0x000214d0        0x0 /home/abuild/rpmbuild/BUILD/allocator-shootout-demo-1.0.0/musl-inst/lib/libc.a(mbstowcs.lo)
 .text.mbstowcs
                0x000214d0       0x12 /home/abuild/rpmbuild/BUILD/allocator-shootout-demo-1.0.0/musl-inst/lib/libc.a(mbstowcs.lo)
                0x000214d0                mbstowcs
 *fill*         0x000214e2        0x2 
 .text          0x000214e4        0x0 /home/abuild/rpmbuild/BUILD/allocator-shootout-demo-1.0.0/musl-inst/lib/libc.a(wcrtomb.lo)
 .text.wcrtomb  0x000214e4       0xbc /home/abuild/rpmbuild/BUILD/allocator-shootout-demo-1.0.0/musl-inst/lib/libc.a(wcrtomb.lo)
                0x000214e4                wcrtomb
 .text          0x000215a0        0x0 /home/abuild/rpmbuild/BUILD/allocator-shootout-demo-1.0.0/musl-inst/lib/libc.a(bind.lo)
 .text.bind     0x000215a0       0x1a /home/abuild/rpmbuild/BUILD/allocator-shootout-demo-1.0.0/musl-inst/lib/libc.a(bind.lo)
                0x000215a0                bind
 *fill*         0x000215ba        0x2 
 .text          0x000215bc        0x0 /home/abuild/rpmbuild/BUILD/allocator-shootout-demo-1.0.0/musl-inst/lib/libc.a(connect.lo)
 .text.connect  0x000215bc       0x24 /home/abuild/rpmbuild/BUILD/allocator-shootout-demo-1.0.0/musl-inst/lib/libc.a(connect.lo)
                0x000215bc                connect
 .text          0x000215e0        0x0 /home/abuild/rpmbuild/BUILD/allocator-shootout-demo-1.0.0/musl-inst/lib/libc.a(dn_expand.lo)
 .text.__dn_expand
                0x000215e0       0xc0 /home/abuild/rpmbuild/BUILD/allocator-shootout-demo-1.0.0/musl-inst/lib/libc.a(dn_expand.lo)
                0x000215e0                __dn_expand
                0x000215e0                dn_expand
 .text          0x000216a0        0x0 /home/abuild/rpmbuild/BUILD/allocator-shootout-demo-1.0.0/musl-inst/lib/libc.a(dns_parse.lo)
 .text.__dns_parse
                0x000216a0       0xdc /home/abuild/rpmbuild/BUILD/allocator-shootout-demo-1.0.0/musl-inst/lib/libc.a(dns_parse.lo)
                0x000216a0                __dns_parse
 .text          0x0002177c        0x0 /home/abuild/rpmbuild/BUILD/allocator-shootout-demo-1.0.0/musl-inst/lib/libc.a(getsockname.lo)
 .text.getsockname
                0x0002177c       0x1a /home/abuild/rpmbuild/BUILD/allocator-shootout-demo-1.0.0/musl-inst/lib/libc.a(getsockname.lo)
                0x0002177c                getsockname
 *fill*         0x00021796        0x2 
 .text          0x00021798        0x0 /home/abuild/rpmbuild/BUILD/allocator-shootout-demo-1.0.0/musl-inst/lib/libc.a(if_nametoindex.lo)
 .text.if_nametoindex
                0x00021798       0x74 /home/abuild/rpmbuild/BUILD/allocator-shootout-demo-1.0.0/musl-inst/lib/libc.a(if_nametoindex.lo)
                0x00021798                if_nametoindex
 .text          0x0002180c        0x0 /home/abuild/rpmbuild/BUILD/allocator-shootout-demo-1.0.0/musl-inst/lib/libc.a(inet_aton.lo)
 .text.__inet_aton
                0x0002180c       0xa0 /home/abuild/rpmbuild/BUILD/allocator-shootout-demo-1.0.0/musl-inst/lib/libc.a(inet_aton.lo)
                0x0002180c                __inet_aton
                0x0002180c                inet_aton
 .text          0x000218ac        0x0 /home/abuild/rpmbuild/BUILD/allocator-shootout-demo-1.0.0/musl-inst/lib/libc.a(inet_pton.lo)
 .text.inet_pton
                0x000218ac      0x1ac /home/abuild/rpmbuild/BUILD/allocator-shootout-demo-1.0.0/musl-inst/lib/libc.a(inet_pton.lo)
                0x000218ac                inet_pton
 .text          0x00021a58        0x0 /home/abuild/rpmbuild/BUILD/allocator-shootout-demo-1.0.0/musl-inst/lib/libc.a(recvmsg.lo)
 .text.__convert_scm_timestamps
                0x00021a58       0xbe /home/abuild/rpmbuild/BUILD/allocator-shootout-demo-1.0.0/musl-inst/lib/libc.a(recvmsg.lo)
                0x00021a58                __convert_scm_timestamps
 .text.recvmsg  0x00021b16       0x36 /home/abuild/rpmbuild/BUILD/allocator-shootout-demo-1.0.0/musl-inst/lib/libc.a(recvmsg.lo)
                0x00021b16                recvmsg
 .text          0x00021b4c        0x0 /home/abuild/rpmbuild/BUILD/allocator-shootout-demo-1.0.0/musl-inst/lib/libc.a(__fdopen.lo)
 .text.__fdopen
                0x00021b4c      0x118 /home/abuild/rpmbuild/BUILD/allocator-shootout-demo-1.0.0/musl-inst/lib/libc.a(__fdopen.lo)
                0x00021b4c                fdopen
                0x00021b4c                __fdopen
 .text          0x00021c64        0x0 /home/abuild/rpmbuild/BUILD/allocator-shootout-demo-1.0.0/musl-inst/lib/libc.a(__fmodeflags.lo)
 .text.__fmodeflags
                0x00021c64       0x56 /home/abuild/rpmbuild/BUILD/allocator-shootout-demo-1.0.0/musl-inst/lib/libc.a(__fmodeflags.lo)
                0x00021c64                __fmodeflags
 *fill*         0x00021cba        0x2 
 .text          0x00021cbc        0x0 /home/abuild/rpmbuild/BUILD/allocator-shootout-demo-1.0.0/musl-inst/lib/libc.a(__lockfile.lo)
 .text.__lockfile
                0x00021cbc       0xa8 /home/abuild/rpmbuild/BUILD/allocator-shootout-demo-1.0.0/musl-inst/lib/libc.a(__lockfile.lo)
                0x00021cbc                __lockfile
 .text.__unlockfile
                0x00021d64       0x44 /home/abuild/rpmbuild/BUILD/allocator-shootout-demo-1.0.0/musl-inst/lib/libc.a(__lockfile.lo)
                0x00021d64                __unlockfile
 .text          0x00021da8        0x0 /home/abuild/rpmbuild/BUILD/allocator-shootout-demo-1.0.0/musl-inst/lib/libc.a(__overflow.lo)
 .text.__overflow
                0x00021da8       0x50 /home/abuild/rpmbuild/BUILD/allocator-shootout-demo-1.0.0/musl-inst/lib/libc.a(__overflow.lo)
                0x00021da8                __overflow
 .text          0x00021df8        0x0 /home/abuild/rpmbuild/BUILD/allocator-shootout-demo-1.0.0/musl-inst/lib/libc.a(__stdio_write.lo)
 .text.__stdio_write
                0x00021df8       0xc6 /home/abuild/rpmbuild/BUILD/allocator-shootout-demo-1.0.0/musl-inst/lib/libc.a(__stdio_write.lo)
                0x00021df8                __stdio_write
 *fill*         0x00021ebe        0x2 
 .text          0x00021ec0        0x0 /home/abuild/rpmbuild/BUILD/allocator-shootout-demo-1.0.0/musl-inst/lib/libc.a(__stdout_write.lo)
 .text.__stdout_write
                0x00021ec0       0x44 /home/abuild/rpmbuild/BUILD/allocator-shootout-demo-1.0.0/musl-inst/lib/libc.a(__stdout_write.lo)
                0x00021ec0                __stdout_write
 .text          0x00021f04        0x0 /home/abuild/rpmbuild/BUILD/allocator-shootout-demo-1.0.0/musl-inst/lib/libc.a(__towrite.lo)
 .text.__towrite
                0x00021f04       0x30 /home/abuild/rpmbuild/BUILD/allocator-shootout-demo-1.0.0/musl-inst/lib/libc.a(__towrite.lo)
                0x00021f04                __towrite
 .text.__towrite_needs_stdio_exit
                0x00021f34        0x4 /home/abuild/rpmbuild/BUILD/allocator-shootout-demo-1.0.0/musl-inst/lib/libc.a(__towrite.lo)
                0x00021f34                __towrite_needs_stdio_exit
 .text          0x00021f38        0x0 /home/abuild/rpmbuild/BUILD/allocator-shootout-demo-1.0.0/musl-inst/lib/libc.a(__uflow.lo)
 .text.__uflow  0x00021f38       0x2a /home/abuild/rpmbuild/BUILD/allocator-shootout-demo-1.0.0/musl-inst/lib/libc.a(__uflow.lo)
                0x00021f38                __uflow
 *fill*         0x00021f62        0x2 
 .text          0x00021f64        0x0 /home/abuild/rpmbuild/BUILD/allocator-shootout-demo-1.0.0/musl-inst/lib/libc.a(fputs.lo)
 .text.fputs    0x00021f64       0x22 /home/abuild/rpmbuild/BUILD/allocator-shootout-demo-1.0.0/musl-inst/lib/libc.a(fputs.lo)
                0x00021f64                fputs_unlocked
                0x00021f64                fputs
 *fill*         0x00021f86        0x2 
 .text          0x00021f88        0x0 /home/abuild/rpmbuild/BUILD/allocator-shootout-demo-1.0.0/musl-inst/lib/libc.a(fwrite.lo)
 .text.__fwritex
                0x00021f88       0x8a /home/abuild/rpmbuild/BUILD/allocator-shootout-demo-1.0.0/musl-inst/lib/libc.a(fwrite.lo)
                0x00021f88                __fwritex
 .text.fwrite   0x00022012       0x64 /home/abuild/rpmbuild/BUILD/allocator-shootout-demo-1.0.0/musl-inst/lib/libc.a(fwrite.lo)
                0x00022012                fwrite_unlocked
                0x00022012                fwrite
 *fill*         0x00022076        0x2 
 .text          0x00022078        0x0 /home/abuild/rpmbuild/BUILD/allocator-shootout-demo-1.0.0/musl-inst/lib/libc.a(ofl_add.lo)
 .text.__ofl_add
                0x00022078       0x1a /home/abuild/rpmbuild/BUILD/allocator-shootout-demo-1.0.0/musl-inst/lib/libc.a(ofl_add.lo)
                0x00022078                __ofl_add
 *fill*         0x00022092        0x2 
 .text          0x00022094        0x0 /home/abuild/rpmbuild/BUILD/allocator-shootout-demo-1.0.0/musl-inst/lib/libc.a(qsort.lo)
 .text.__qsort_r
                0x00022094      0x238 /home/abuild/rpmbuild/BUILD/allocator-shootout-demo-1.0.0/musl-inst/lib/libc.a(qsort.lo)
                0x00022094                __qsort_r
                0x00022094                qsort_r
 .text.sift     0x000222cc       0x88 /home/abuild/rpmbuild/BUILD/allocator-shootout-demo-1.0.0/musl-inst/lib/libc.a(qsort.lo)
 .text.trinkle  0x00022354      0x148 /home/abuild/rpmbuild/BUILD/allocator-shootout-demo-1.0.0/musl-inst/lib/libc.a(qsort.lo)
 .text.cycle    0x0002249c       0x84 /home/abuild/rpmbuild/BUILD/allocator-shootout-demo-1.0.0/musl-inst/lib/libc.a(qsort.lo)
 .text          0x00022520        0x0 /home/abuild/rpmbuild/BUILD/allocator-shootout-demo-1.0.0/musl-inst/lib/libc.a(stpcpy.lo)
 .text.__stpcpy
                0x00022520       0x74 /home/abuild/rpmbuild/BUILD/allocator-shootout-demo-1.0.0/musl-inst/lib/libc.a(stpcpy.lo)
                0x00022520                stpcpy
                0x00022520                __stpcpy
 .text          0x00022594        0x0 /home/abuild/rpmbuild/BUILD/allocator-shootout-demo-1.0.0/musl-inst/lib/libc.a(stpncpy.lo)
 .text.__stpncpy
                0x00022594       0x9a /home/abuild/rpmbuild/BUILD/allocator-shootout-demo-1.0.0/musl-inst/lib/libc.a(stpncpy.lo)
                0x00022594                stpncpy
                0x00022594                __stpncpy
 *fill*         0x0002262e        0x2 
 .text          0x00022630        0x0 /home/abuild/rpmbuild/BUILD/allocator-shootout-demo-1.0.0/musl-inst/lib/libc.a(__timedwait.lo)
 .text.__timedwait_cp
                0x00022630      0x124 /home/abuild/rpmbuild/BUILD/allocator-shootout-demo-1.0.0/musl-inst/lib/libc.a(__timedwait.lo)
                0x00022630                __timedwait_cp
 .text.__timedwait
                0x00022754       0x34 /home/abuild/rpmbuild/BUILD/allocator-shootout-demo-1.0.0/musl-inst/lib/libc.a(__timedwait.lo)
                0x00022754                __timedwait
 .text          0x00022788        0x0 /home/abuild/rpmbuild/BUILD/allocator-shootout-demo-1.0.0/musl-inst/lib/libc.a(__wait.lo)
 .text.__wait   0x00022788       0x9a /home/abuild/rpmbuild/BUILD/allocator-shootout-demo-1.0.0/musl-inst/lib/libc.a(__wait.lo)
                0x00022788                __wait
 *fill*         0x00022822        0x2 
 .text          0x00022824        0x0 /home/abuild/rpmbuild/BUILD/allocator-shootout-demo-1.0.0/musl-inst/lib/libc.a(__set_thread_area.lo)
 .text.__set_thread_area
                0x00022824       0x10 /home/abuild/rpmbuild/BUILD/allocator-shootout-demo-1.0.0/musl-inst/lib/libc.a(__set_thread_area.lo)
                0x00022824                __set_thread_area
 .text          0x00022834        0xc /home/abuild/rpmbuild/BUILD/allocator-shootout-demo-1.0.0/musl-inst/lib/libc.a(__unmapself.lo)
                0x00022834                __unmapself
 .text          0x00022840       0x34 /home/abuild/rpmbuild/BUILD/allocator-shootout-demo-1.0.0/musl-inst/lib/libc.a(clone.lo)
                0x00022840                __clone
 .text          0x00022874        0x0 /home/abuild/rpmbuild/BUILD/allocator-shootout-demo-1.0.0/musl-inst/lib/libc.a(default_attr.lo)
 .text          0x00022874        0x0 /home/abuild/rpmbuild/BUILD/allocator-shootout-demo-1.0.0/musl-inst/lib/libc.a(__map_file.lo)
 .text.__map_file
                0x00022874       0x64 /home/abuild/rpmbuild/BUILD/allocator-shootout-demo-1.0.0/musl-inst/lib/libc.a(__map_file.lo)
                0x00022874                __map_file
 .text          0x000228d8        0x0 /home/abuild/rpmbuild/BUILD/allocator-shootout-demo-1.0.0/musl-inst/lib/libc.a(__secs_to_tm.lo)
 .text.__secs_to_tm
                0x000228d8      0x228 /home/abuild/rpmbuild/BUILD/allocator-shootout-demo-1.0.0/musl-inst/lib/libc.a(__secs_to_tm.lo)
                0x000228d8                __secs_to_tm
 .text          0x00022b00        0x0 /home/abuild/rpmbuild/BUILD/allocator-shootout-demo-1.0.0/musl-inst/lib/libc.a(__tm_to_secs.lo)
 .text.__tm_to_secs
                0x00022b00       0x84 /home/abuild/rpmbuild/BUILD/allocator-shootout-demo-1.0.0/musl-inst/lib/libc.a(__tm_to_secs.lo)
                0x00022b00                __tm_to_secs
 .text          0x00022b84        0x0 /home/abuild/rpmbuild/BUILD/allocator-shootout-demo-1.0.0/musl-inst/lib/libc.a(__tz.lo)
 .text.__secs_to_zone
                0x00022b84      0x384 /home/abuild/rpmbuild/BUILD/allocator-shootout-demo-1.0.0/musl-inst/lib/libc.a(__tz.lo)
                0x00022b84                __secs_to_zone
 .text.rule_to_secs
                0x00022f08       0xdc /home/abuild/rpmbuild/BUILD/allocator-shootout-demo-1.0.0/musl-inst/lib/libc.a(__tz.lo)
 .text.__tzset  0x00022fe4       0x20 /home/abuild/rpmbuild/BUILD/allocator-shootout-demo-1.0.0/musl-inst/lib/libc.a(__tz.lo)
                0x00022fe4                tzset
 .text.__tm_to_tzname
                0x00023004       0x7c /home/abuild/rpmbuild/BUILD/allocator-shootout-demo-1.0.0/musl-inst/lib/libc.a(__tz.lo)
                0x00023004                __tm_to_tzname
 .text.do_tzset
                0x00023080      0x524 /home/abuild/rpmbuild/BUILD/allocator-shootout-demo-1.0.0/musl-inst/lib/libc.a(__tz.lo)
 .text.getname  0x000235a4       0x7a /home/abuild/rpmbuild/BUILD/allocator-shootout-demo-1.0.0/musl-inst/lib/libc.a(__tz.lo)
 .text.getoff   0x0002361e       0xc4 /home/abuild/rpmbuild/BUILD/allocator-shootout-demo-1.0.0/musl-inst/lib/libc.a(__tz.lo)
 .text.getrule  0x000236e2       0xf0 /home/abuild/rpmbuild/BUILD/allocator-shootout-demo-1.0.0/musl-inst/lib/libc.a(__tz.lo)
 *fill*         0x000237d2        0x2 
 .text          0x000237d4        0x0 /home/abuild/rpmbuild/BUILD/allocator-shootout-demo-1.0.0/musl-inst/lib/libc.a(__year_to_secs.lo)
 .text.__year_to_secs
                0x000237d4      0x10e /home/abuild/rpmbuild/BUILD/allocator-shootout-demo-1.0.0/musl-inst/lib/libc.a(__year_to_secs.lo)
                0x000237d4                __year_to_secs
 *fill*         0x000238e2        0x2 
 .text          0x000238e4        0x0 /home/abuild/rpmbuild/BUILD/allocator-shootout-demo-1.0.0/musl-inst/lib/libc.a(getenv.lo)
 .text.getenv   0x000238e4       0x50 /home/abuild/rpmbuild/BUILD/allocator-shootout-demo-1.0.0/musl-inst/lib/libc.a(getenv.lo)
                0x000238e4                getenv
 .text          0x00023934        0x0 /home/abuild/rpmbuild/BUILD/allocator-shootout-demo-1.0.0/musl-inst/lib/libc.a(__mo_lookup.lo)
 .text.__mo_lookup
                0x00023934       0xe2 /home/abuild/rpmbuild/BUILD/allocator-shootout-demo-1.0.0/musl-inst/lib/libc.a(__mo_lookup.lo)
                0x00023934                __mo_lookup
 *fill*         0x00023a16        0x2 
 .text          0x00023a18        0x0 /home/abuild/rpmbuild/BUILD/allocator-shootout-demo-1.0.0/musl-inst/lib/libc.a(frexp.lo)
 .text.frexp    0x00023a18       0x68 /home/abuild/rpmbuild/BUILD/allocator-shootout-demo-1.0.0/musl-inst/lib/libc.a(frexp.lo)
                0x00023a18                frexp
 .text          0x00023a80        0x0 /home/abuild/rpmbuild/BUILD/allocator-shootout-demo-1.0.0/musl-inst/lib/libc.a(mbsrtowcs.lo)
 .text.mbsrtowcs
                0x00023a80      0x228 /home/abuild/rpmbuild/BUILD/allocator-shootout-demo-1.0.0/musl-inst/lib/libc.a(mbsrtowcs.lo)
                0x00023a80                mbsrtowcs
 .text          0x00023ca8        0x0 /home/abuild/rpmbuild/BUILD/allocator-shootout-demo-1.0.0/musl-inst/lib/libc.a(fstat.lo)
 .text.__fstat  0x00023ca8       0x20 /home/abuild/rpmbuild/BUILD/allocator-shootout-demo-1.0.0/musl-inst/lib/libc.a(fstat.lo)
                0x00023ca8                __fstat_time64
                0x00023ca8                __fstat
 .text          0x00023cc8        0x0 /home/abuild/rpmbuild/BUILD/allocator-shootout-demo-1.0.0/musl-inst/lib/libc.a(fstatat.lo)
 .text.__fstatat
                0x00023cc8      0x2dc /home/abuild/rpmbuild/BUILD/allocator-shootout-demo-1.0.0/musl-inst/lib/libc.a(fstatat.lo)
                0x00023cc8                __fstatat
                0x00023cc8                __fstatat_time64
 .text          0x00023fa4        0x0 /home/abuild/rpmbuild/BUILD/allocator-shootout-demo-1.0.0/musl-inst/lib/libc.a(__stdio_exit.lo)
 .text.__stdio_exit
                0x00023fa4       0x44 /home/abuild/rpmbuild/BUILD/allocator-shootout-demo-1.0.0/musl-inst/lib/libc.a(__stdio_exit.lo)
                0x00023fa4                __stdio_exit
                0x00023fa4                __stdio_exit_needed
 .text.close_file
                0x00023fe8       0x42 /home/abuild/rpmbuild/BUILD/allocator-shootout-demo-1.0.0/musl-inst/lib/libc.a(__stdio_exit.lo)
 *fill*         0x0002402a        0x2 
 .text          0x0002402c        0x0 /home/abuild/rpmbuild/BUILD/allocator-shootout-demo-1.0.0/musl-inst/lib/libc.a(__toread.lo)
 .text.__toread
                0x0002402c       0x48 /home/abuild/rpmbuild/BUILD/allocator-shootout-demo-1.0.0/musl-inst/lib/libc.a(__toread.lo)
                0x0002402c                __toread
 .text.__toread_needs_stdio_exit
                0x00024074        0x4 /home/abuild/rpmbuild/BUILD/allocator-shootout-demo-1.0.0/musl-inst/lib/libc.a(__toread.lo)
                0x00024074                __toread_needs_stdio_exit
 .text          0x00024078        0x0 /home/abuild/rpmbuild/BUILD/allocator-shootout-demo-1.0.0/musl-inst/lib/libc.a(__month_to_secs.lo)
 .text.__month_to_secs
                0x00024078       0x24 /home/abuild/rpmbuild/BUILD/allocator-shootout-demo-1.0.0/musl-inst/lib/libc.a(__month_to_secs.lo)
                0x00024078                __month_to_secs
 .text          0x0002409c        0x0 /home/abuild/rpmbuild/BUILD/allocator-shootout-demo-1.0.0/musl-inst/lib/libc.a(procfdname.lo)
 .text.__procfdname
                0x0002409c       0x60 /home/abuild/rpmbuild/BUILD/allocator-shootout-demo-1.0.0/musl-inst/lib/libc.a(procfdname.lo)
                0x0002409c                __procfdname
 *fill*         0x000240fc        0x4 
 .text          0x00024100      0x2b0 /usr/lib/gcc/armv7l-tizen-linux-gnueabi/14.2.0/libgcc.a(_divsi3.o)
                0x00024100                __aeabi_idiv
                0x00024100                __divsi3
                0x00024394                __aeabi_idivmod
 .text          0x000243b0       0xa0 /usr/lib/gcc/armv7l-tizen-linux-gnueabi/14.2.0/libgcc.a(_aeabi_ldivmod.o)
                0x000243b0                __aeabi_ldivmod
 .text          0x00024450       0x30 /usr/lib/gcc/armv7l-tizen-linux-gnueabi/14.2.0/libgcc.a(_aeabi_uldivmod.o)
                0x00024450                __aeabi_uldivmod
 .text          0x00024480      0x100 /usr/lib/gcc/armv7l-tizen-linux-gnueabi/14.2.0/libgcc.a(_udivmoddi4.o)
                0x00024480                __udivmoddi4
 *(.gnu.warning)
 *(.glue_7t)
 .glue_7t       0x00024580        0x0 linker stubs
 *(.glue_7)
 .glue_7        0x00024580        0x0 linker stubs
 *(.vfp11_veneer)
 .vfp11_veneer  0x00024580        0x0 linker stubs
 *(.v4_bx)
 .v4_bx         0x00024580        0x0 linker stubs

.fini           0x00024580        0x8
 *(SORT_NONE(.fini))
 .fini          0x00024580        0x2 /home/abuild/rpmbuild/BUILD/allocator-shootout-demo-1.0.0/musl-inst/lib/../lib/crti.o
                0x00024580                _fini
 .fini          0x00024582        0x6 /home/abuild/rpmbuild/BUILD/allocator-shootout-demo-1.0.0/musl-inst/lib/../lib/crtn.o
                [!provide]                        PROVIDE (__etext = .)
                [!provide]                        PROVIDE (_etext = .)
                [!provide]                        PROVIDE (etext = .)

.rodata         0x00024588    0x23a14
 *(.rodata .rodata.* .gnu.linkonce.r.*)
 .rodata.str1.1
                0x00024588      0x555 /tmp/micro-b54261.o
                                0x355 (size before relaxing)
 *fill*         0x00024add        0x3 
 .rodata        0x00024ae0       0x34 /tmp/micro-b54261.o
 .rodata.str1.1
                0x00024b14       0x1e /home/abuild/rpmbuild/BUILD/allocator-shootout-demo-1.0.0/rpmalloc.o
 .rodata.sysconf.values
                0x00024b14      0x1f6 /home/abuild/rpmbuild/BUILD/allocator-shootout-demo-1.0.0/musl-inst/lib/libc.a(sysconf.lo)
 .rodata.str1.1
                0x00024d0a        0xb /home/abuild/rpmbuild/BUILD/allocator-shootout-demo-1.0.0/musl-inst/lib/libc.a(__libc_start_main.lo)
 *fill*         0x00024d0a        0x6 
 .rodata..L__const.__init_libc.pfd
                0x00024d10       0x18 /home/abuild/rpmbuild/BUILD/allocator-shootout-demo-1.0.0/musl-inst/lib/libc.a(__libc_start_main.lo)
 .rodata.errmsgstr
                0x00024d28      0x77a /home/abuild/rpmbuild/BUILD/allocator-shootout-demo-1.0.0/musl-inst/lib/libc.a(strerror.lo)
 .rodata.errmsgidx
                0x000254a2      0x108 /home/abuild/rpmbuild/BUILD/allocator-shootout-demo-1.0.0/musl-inst/lib/libc.a(strerror.lo)
 .rodata.charmaps
                0x000255aa     0x131a /home/abuild/rpmbuild/BUILD/allocator-shootout-demo-1.0.0/musl-inst/lib/libc.a(iconv.lo)
 .rodata.gb18030
                0x000268c4     0xbb08 /home/abuild/rpmbuild/BUILD/allocator-shootout-demo-1.0.0/musl-inst/lib/libc.a(iconv.lo)
 .rodata.hkscs  0x000323cc     0x2868 /home/abuild/rpmbuild/BUILD/allocator-shootout-demo-1.0.0/musl-inst/lib/libc.a(iconv.lo)
 .rodata.str1.1
                0x00034c34       0x16 /home/abuild/rpmbuild/BUILD/allocator-shootout-demo-1.0.0/musl-inst/lib/libc.a(iconv.lo)
 .rodata.jis0208
                0x00034c34     0x3db0 /home/abuild/rpmbuild/BUILD/allocator-shootout-demo-1.0.0/musl-inst/lib/libc.a(iconv.lo)
 .rodata.big5   0x000389e4     0x6d2a /home/abuild/rpmbuild/BUILD/allocator-shootout-demo-1.0.0/musl-inst/lib/libc.a(iconv.lo)
 .rodata.ksc    0x0003f70e     0x444c /home/abuild/rpmbuild/BUILD/allocator-shootout-demo-1.0.0/musl-inst/lib/libc.a(iconv.lo)
 .rodata.legacy_chars
                0x00043b5a      0x4c8 /home/abuild/rpmbuild/BUILD/allocator-shootout-demo-1.0.0/musl-inst/lib/libc.a(iconv.lo)
 .rodata.rev_jis
                0x00044022     0x35be /home/abuild/rpmbuild/BUILD/allocator-shootout-demo-1.0.0/musl-inst/lib/libc.a(iconv.lo)
 .rodata.str1.1
                0x000475e0        0xf /home/abuild/rpmbuild/BUILD/allocator-shootout-demo-1.0.0/musl-inst/lib/libc.a(langinfo.lo)
 .rodata.c_numeric
                0x000475e0        0x3 /home/abuild/rpmbuild/BUILD/allocator-shootout-demo-1.0.0/musl-inst/lib/libc.a(langinfo.lo)
 .rodata.c_time
                0x000475e3      0x13c /home/abuild/rpmbuild/BUILD/allocator-shootout-demo-1.0.0/musl-inst/lib/libc.a(langinfo.lo)
 .rodata.c_messages
                0x0004771f       0x13 /home/abuild/rpmbuild/BUILD/allocator-shootout-demo-1.0.0/musl-inst/lib/libc.a(langinfo.lo)
 *fill*         0x00047732        0x6 
 .rodata..L__const.setlocale.part
                0x00047738       0x18 /home/abuild/rpmbuild/BUILD/allocator-shootout-demo-1.0.0/musl-inst/lib/libc.a(setlocale.lo)
 .rodata.str1.1
                0x00047750        0x2 /home/abuild/rpmbuild/BUILD/allocator-shootout-demo-1.0.0/musl-inst/lib/libc.a(setlocale.lo)
 .rodata.msgs   0x00047750       0xfc /home/abuild/rpmbuild/BUILD/allocator-shootout-demo-1.0.0/musl-inst/lib/libc.a(gai_strerror.lo)
 .rodata.getaddrinfo.lo4
                0x0004784c       0x10 /home/abuild/rpmbuild/BUILD/allocator-shootout-demo-1.0.0/musl-inst/lib/libc.a(getaddrinfo.lo)
 .rodata.getaddrinfo.lo6
                0x0004785c       0x1c /home/abuild/rpmbuild/BUILD/allocator-shootout-demo-1.0.0/musl-inst/lib/libc.a(getaddrinfo.lo)
 .rodata.cst8   0x00047878       0x10 /home/abuild/rpmbuild/BUILD/allocator-shootout-demo-1.0.0/musl-inst/lib/libc.a(getaddrinfo.lo)
 .rodata..L.str
                0x00047888        0xd /home/abuild/rpmbuild/BUILD/allocator-shootout-demo-1.0.0/musl-inst/lib/libc.a(getnameinfo.lo)
 .rodata.str1.1
                0x00047895       0x56 /home/abuild/rpmbuild/BUILD/allocator-shootout-demo-1.0.0/musl-inst/lib/libc.a(getnameinfo.lo)
 .rodata.str1.1
                0x00047895       0x45 /home/abuild/rpmbuild/BUILD/allocator-shootout-demo-1.0.0/musl-inst/lib/libc.a(inet_ntop.lo)
 .rodata..L.str.1
                0x00047895        0xd /home/abuild/rpmbuild/BUILD/allocator-shootout-demo-1.0.0/musl-inst/lib/libc.a(inet_ntop.lo)
 .rodata..L.str
                0x000478a2        0xd /home/abuild/rpmbuild/BUILD/allocator-shootout-demo-1.0.0/musl-inst/lib/libc.a(lookup_name.lo)
 *fill*         0x000478af        0x1 
 .rodata.cst16  0x000478b0       0x20 /home/abuild/rpmbuild/BUILD/allocator-shootout-demo-1.0.0/musl-inst/lib/libc.a(lookup_name.lo)
 .rodata.str1.1
                0x000478d0        0xb /home/abuild/rpmbuild/BUILD/allocator-shootout-demo-1.0.0/musl-inst/lib/libc.a(lookup_name.lo)
 .rodata.defpolicy
                0x000478d0       0x78 /home/abuild/rpmbuild/BUILD/allocator-shootout-demo-1.0.0/musl-inst/lib/libc.a(lookup_name.lo)
 .rodata.str1.1