Archive member included to satisfy reference by file (symbol)

/usr/bin/../lib/gcc/armv7l-tizen-linux-gnueabi/14.2.0/libgcc.a(_udivsi3.o)
                              /home/abuild/rpmbuild/BUILD/allocator-shootout-demo-1.0.0/rpmalloc.o (__aeabi_uidiv)
/usr/bin/../lib/gcc/armv7l-tizen-linux-gnueabi/14.2.0/libgcc.a(_arm_addsubdf3.o)
                              /tmp/micro-fe2092.o (__aeabi_ul2d)
/usr/bin/../lib/gcc/armv7l-tizen-linux-gnueabi/14.2.0/libgcc.a(_dvmd_lnx.o)
                              /usr/bin/../lib/gcc/armv7l-tizen-linux-gnueabi/14.2.0/libgcc.a(_udivsi3.o) (__aeabi_idiv0)
/usr/bin/../lib/gcc/armv7l-tizen-linux-gnueabi/14.2.0/libgcc_eh.a(unwind-arm.o)
                              /home/abuild/rpmbuild/BUILD/allocator-shootout-demo-1.0.0/musl-inst/lib/../lib/crt1.o (__aeabi_unwind_cpp_pr0)
/usr/bin/../lib/gcc/armv7l-tizen-linux-gnueabi/14.2.0/libgcc_eh.a(libunwind.o)
                              /usr/bin/../lib/gcc/armv7l-tizen-linux-gnueabi/14.2.0/libgcc_eh.a(unwind-arm.o) (restore_core_regs)
/usr/bin/../lib/gcc/armv7l-tizen-linux-gnueabi/14.2.0/libgcc_eh.a(pr-support.o)
                              /usr/bin/../lib/gcc/armv7l-tizen-linux-gnueabi/14.2.0/libgcc_eh.a(unwind-arm.o) (__gnu_unwind_execute)
/home/abuild/rpmbuild/BUILD/allocator-shootout-demo-1.0.0/musl-inst/lib/libc.a(sysconf.lo)
                              /home/abuild/rpmbuild/BUILD/allocator-shootout-demo-1.0.0/rpmalloc.o (sysconf)
/home/abuild/rpmbuild/BUILD/allocator-shootout-demo-1.0.0/musl-inst/lib/libc.a(__libc_start_main.lo)
                              /home/abuild/rpmbuild/BUILD/allocator-shootout-demo-1.0.0/musl-inst/lib/../lib/crt1.o (__libc_start_main)
/home/abuild/rpmbuild/BUILD/allocator-shootout-demo-1.0.0/musl-inst/lib/libc.a(__stack_chk_fail.lo)
                              /tmp/micro-fe2092.o (__stack_chk_guard)
/home/abuild/rpmbuild/BUILD/allocator-shootout-demo-1.0.0/musl-inst/lib/libc.a(__errno_location.lo)
                              /tmp/micro-fe2092.o (__errno_location)
/home/abuild/rpmbuild/BUILD/allocator-shootout-demo-1.0.0/musl-inst/lib/libc.a(strerror.lo)
                              /tmp/micro-fe2092.o (strerror)
/home/abuild/rpmbuild/BUILD/allocator-shootout-demo-1.0.0/musl-inst/lib/libc.a(abort.lo)
                              /usr/bin/../lib/gcc/armv7l-tizen-linux-gnueabi/14.2.0/libgcc_eh.a(unwind-arm.o) (abort)
/home/abuild/rpmbuild/BUILD/allocator-shootout-demo-1.0.0/musl-inst/lib/libc.a(abort_lock.lo)
                              /home/abuild/rpmbuild/BUILD/allocator-shootout-demo-1.0.0/musl-inst/lib/libc.a(abort.lo) (__abort_lock)
/home/abuild/rpmbuild/BUILD/allocator-shootout-demo-1.0.0/musl-inst/lib/libc.a(exit.lo)
                              /home/abuild/rpmbuild/BUILD/allocator-shootout-demo-1.0.0/musl-inst/lib/libc.a(__libc_start_main.lo) (exit)
/home/abuild/rpmbuild/BUILD/allocator-shootout-demo-1.0.0/musl-inst/lib/libc.a(defsysinfo.lo)
                              /home/abuild/rpmbuild/BUILD/allocator-shootout-demo-1.0.0/musl-inst/lib/libc.a(__libc_start_main.lo) (__sysinfo)
/home/abuild/rpmbuild/BUILD/allocator-shootout-demo-1.0.0/musl-inst/lib/libc.a(libc.lo)
                              /home/abuild/rpmbuild/BUILD/allocator-shootout-demo-1.0.0/musl-inst/lib/libc.a(__libc_start_main.lo) (__progname)
/home/abuild/rpmbuild/BUILD/allocator-shootout-demo-1.0.0/musl-inst/lib/libc.a(prctl.lo)
                              /home/abuild/rpmbuild/BUILD/allocator-shootout-demo-1.0.0/rpmalloc.o (prctl)
/home/abuild/rpmbuild/BUILD/allocator-shootout-demo-1.0.0/musl-inst/lib/libc.a(sysinfo.lo)
                              /home/abuild/rpmbuild/BUILD/allocator-shootout-demo-1.0.0/musl-inst/lib/libc.a(sysconf.lo) (__lsysinfo)
/home/abuild/rpmbuild/BUILD/allocator-shootout-demo-1.0.0/musl-inst/lib/libc.a(__lctrans.lo)
                              /home/abuild/rpmbuild/BUILD/allocator-shootout-demo-1.0.0/musl-inst/lib/libc.a(strerror.lo) (__lctrans)
/home/abuild/rpmbuild/BUILD/allocator-shootout-demo-1.0.0/musl-inst/lib/libc.a(iconv.lo)
                              /tmp/micro-fe2092.o (iconv_open)
/home/abuild/rpmbuild/BUILD/allocator-shootout-demo-1.0.0/musl-inst/lib/libc.a(iconv_close.lo)
                              /tmp/micro-fe2092.o (iconv_close)
/home/abuild/rpmbuild/BUILD/allocator-shootout-demo-1.0.0/musl-inst/lib/libc.a(langinfo.lo)
                              /tmp/micro-fe2092.o (nl_langinfo)
/home/abuild/rpmbuild/BUILD/allocator-shootout-demo-1.0.0/musl-inst/lib/libc.a(setlocale.lo)
                              /tmp/micro-fe2092.o (setlocale)
/home/abuild/rpmbuild/BUILD/allocator-shootout-demo-1.0.0/musl-inst/lib/libc.a(strcoll.lo)
                              /tmp/micro-fe2092.o (strcoll)
/home/abuild/rpmbuild/BUILD/allocator-shootout-demo-1.0.0/musl-inst/lib/libc.a(getauxval.lo)
                              /home/abuild/rpmbuild/BUILD/allocator-shootout-demo-1.0.0/musl-inst/lib/libc.a(sysconf.lo) (__getauxval)
[...]
Memory Configuration

Name             Origin             Length             Attributes
*default*        0x00000000         0xffffffff

Linker script and memory map

LOAD /home/abuild/rpmbuild/BUILD/allocator-shootout-demo-1.0.0/musl-inst/lib/../lib/crt1.o
LOAD /home/abuild/rpmbuild/BUILD/allocator-shootout-demo-1.0.0/musl-inst/lib/../lib/crti.o
LOAD /usr/bin/../lib/gcc/armv7l-tizen-linux-gnueabi/14.2.0/crtbeginT.o
LOAD /tmp/micro-fe2092.o
LOAD /home/abuild/rpmbuild/BUILD/allocator-shootout-demo-1.0.0/rp-init.o
LOAD /home/abuild/rpmbuild/BUILD/allocator-shootout-demo-1.0.0/rpmalloc.o
START GROUP
LOAD /usr/bin/../lib/gcc/armv7l-tizen-linux-gnueabi/14.2.0/libgcc.a
LOAD /usr/bin/../lib/gcc/armv7l-tizen-linux-gnueabi/14.2.0/libgcc_eh.a
END GROUP
LOAD /usr/bin/../lib/gcc/armv7l-tizen-linux-gnueabi/14.2.0/crtend.o
LOAD /home/abuild/rpmbuild/BUILD/allocator-shootout-demo-1.0.0/musl-inst/lib/../lib/crtn.o
START GROUP
LOAD /home/abuild/rpmbuild/BUILD/allocator-shootout-demo-1.0.0/musl-inst/lib/libc.a
LOAD /usr/lib/gcc/armv7l-tizen-linux-gnueabi/14.2.0/libgcc.a
LOAD /usr/lib/gcc/armv7l-tizen-linux-gnueabi/14.2.0/libgcc_eh.a
END GROUP
                [!provide]                        PROVIDE (__executable_start = SEGMENT_START ("text-segment", 0x10000))
                0x000100d4                        . = (SEGMENT_START ("text-segment", 0x10000) + SIZEOF_HEADERS)

.interp
 *(.interp)

.note.gnu.build-id
 *(.note.gnu.build-id)

.hash
 *(.hash)

.gnu.hash
 *(.gnu.hash)

.dynsym
 *(.dynsym)

.dynstr
 *(.dynstr)

.gnu.version
 *(.gnu.version)

.gnu.version_d
 *(.gnu.version_d)

.gnu.version_r
 *(.gnu.version_r)

.rel.dyn        0x000100d4        0x0
 *(.rel.init)
 *(.rel.text .rel.text.* .rel.gnu.linkonce.t.*)
 *(.rel.fini)
 *(.rel.rodata .rel.rodata.* .rel.gnu.linkonce.r.*)
 *(.rel.data.rel.ro .rel.data.rel.ro.* .rel.gnu.linkonce.d.rel.ro.*)
 *(.rel.data .rel.data.* .rel.gnu.linkonce.d.*)
 *(.rel.tdata .rel.tdata.* .rel.gnu.linkonce.td.*)
 *(.rel.tbss .rel.tbss.* .rel.gnu.linkonce.tb.*)
 *(.rel.ctors)
 *(.rel.dtors)
 *(.rel.got)
 .rel.got       0x000100d4        0x0 /home/abuild/rpmbuild/BUILD/allocator-shootout-demo-1.0.0/musl-inst/lib/../lib/crt1.o
 *(.rel.bss .rel.bss.* .rel.gnu.linkonce.b.*)
                [!provide]                        PROVIDE (__rel_iplt_start = .)
 *(.rel.iplt)
 .rel.iplt      0x000100d4        0x0 /home/abuild/rpmbuild/BUILD/allocator-shootout-demo-1.0.0/musl-inst/lib/../lib/crt1.o
                [!provide]                        PROVIDE (__rel_iplt_end = .)

.rela.dyn       0x000100d4        0x0
 *(.rela.init)
 *(.rela.text .rela.text.* .rela.gnu.linkonce.t.*)
 *(.rela.fini)
 *(.rela.rodata .rela.rodata.* .rela.gnu.linkonce.r.*)
 *(.rela.data .rela.data.* .rela.gnu.linkonce.d.*)
 *(.rela.tdata .rela.tdata.* .rela.gnu.linkonce.td.*)
 *(.rela.tbss .rela.tbss.* .rela.gnu.linkonce.tb.*)
 *(.rela.ctors)
 *(.rela.dtors)
 *(.rela.got)
 *(.rela.bss .rela.bss.* .rela.gnu.linkonce.b.*)
                [!provide]                        PROVIDE (__rela_iplt_start = .)
 *(.rela.iplt)
                [!provide]                        PROVIDE (__rela_iplt_end = .)

.rel.plt
 *(.rel.plt)

.rela.plt
 *(.rela.plt)

.init           0x000100d4        0x8
 *(SORT_NONE(.init))
 .init          0x000100d4        0x2 /home/abuild/rpmbuild/BUILD/allocator-shootout-demo-1.0.0/musl-inst/lib/../lib/crti.o
                0x000100d4                _init
 .init          0x000100d6        0x6 /home/abuild/rpmbuild/BUILD/allocator-shootout-demo-1.0.0/musl-inst/lib/../lib/crtn.o

.plt
 *(.plt)

.iplt           0x000100dc        0x0
 *(.iplt)
 .iplt          0x000100dc        0x0 /home/abuild/rpmbuild/BUILD/allocator-shootout-demo-1.0.0/musl-inst/lib/../lib/crt1.o

.text           0x000100e0    0x144a8
 *(.text.unlikely .text.*_unlikely .text.unlikely.*)
 .text.unlikely
                0x000100e0        0xc /usr/bin/../lib/gcc/armv7l-tizen-linux-gnueabi/14.2.0/libgcc_eh.a(pr-support.o)
                0x000100e0                _Unwind_GetDataRelBase
                0x000100e6                _Unwind_GetTextRelBase
 *(.text.exit .text.exit.*)
 .text.exit     0x000100ec       0x16 /home/abuild/rpmbuild/BUILD/allocator-shootout-demo-1.0.0/musl-inst/lib/libc.a(exit.lo)
                0x000100ec                exit
 *(.text.startup .text.startup.*)
 *(.text.hot .text.hot.*)
 *(SORT_BY_NAME(.text.sorted.*))
 *(.text .stub .text.* .gnu.linkonce.t.*)
 *fill*         0x00010102        0x2 
 .text          0x00010104       0x1c /home/abuild/rpmbuild/BUILD/allocator-shootout-demo-1.0.0/musl-inst/lib/../lib/crt1.o
                0x00010104                _start
 .text._start_c
                0x00010120       0x38 /home/abuild/rpmbuild/BUILD/allocator-shootout-demo-1.0.0/musl-inst/lib/../lib/crt1.o
                0x00010120                _start_c
 .text          0x00010158        0x0 /home/abuild/rpmbuild/BUILD/allocator-shootout-demo-1.0.0/musl-inst/lib/../lib/crti.o
 .text          0x00010158       0xa8 /usr/bin/../lib/gcc/armv7l-tizen-linux-gnueabi/14.2.0/crtbeginT.o
 .text          0x00010200      0x968 /tmp/micro-fe2092.o
                0x00010200                main
 .text          0x00010b68        0x4 /home/abuild/rpmbuild/BUILD/allocator-shootout-demo-1.0.0/rp-init.o
 .text          0x00010b6c     0x5fb8 /home/abuild/rpmbuild/BUILD/allocator-shootout-demo-1.0.0/rpmalloc.o
                0x00010b6c                rpmalloc_set_main_thread
                0x00010b7c                rpmalloc_initialize
                0x00010ba0                rpmalloc_thread_initialize
                0x00014594                rpmalloc_initialize_config
                0x00014964                rpmalloc_linker_reference
                0x00014968                rpmalloc_finalize
                0x00014b8c                rpmalloc_thread_finalize
                0x000151fc                rpmalloc_is_thread_initialized
                0x00015210                rpmalloc_config
                0x0001521c                operator new[](unsigned int)
                0x0001521c                rpmalloc
                0x0001521c                malloc
                0x0001521c                operator new(unsigned int)
                0x00015280                operator delete(void*)
                0x00015280                rpfree
                0x00015280                operator delete[](void*)
                0x00015280                cfree
                0x00015280                free
                0x000153c4                calloc
                0x000153c4                rpcalloc
                0x00015454                reallocf
                0x00015454                realloc
                0x00015454                rprealloc
                0x00015624                rpaligned_realloc
                0x00015708                rpaligned_alloc
                0x00015708                aligned_alloc
                0x00015978                rpaligned_calloc
                0x000159a8                rpmemalign
                0x000159a8                memalign
                0x000159bc                rpposix_memalign
                0x000159bc                posix_memalign
                0x000159e8                malloc_usable_size
                0x000159e8                malloc_size
                0x000159e8                rpmalloc_usable_size
                0x00015a30                rpmalloc_thread_collect
                0x00015a34                rpmalloc_thread_statistics
                0x00015aec                rpmalloc_global_statistics
                0x00015b54                rpmalloc_dump_statistics
                0x00015b58                operator new[](unsigned int, std::align_val_t)
                0x00015b58                operator new[](unsigned int, unsigned int)
                0x00015b58                operator new(unsigned int, unsigned int)
                0x00015b58                operator new(unsigned int, std::align_val_t)
                0x00015b68                operator new(unsigned int, std::nothrow_t const&)
                0x00015b68                operator new[](unsigned int, std::nothrow_t const&)
                0x00015bcc                operator new[](unsigned int, std::align_val_t, std::nothrow_t const&)
                0x00015bcc                operator new(unsigned int, std::align_val_t, std::nothrow_t const&)
                0x00015bdc                operator delete(void*, unsigned int)
                0x00015bdc                operator delete[](void*, unsigned int)
                0x00015be0                operator delete[](void*, std::align_val_t)
                0x00015be0                operator delete(void*, std::align_val_t)
                0x00015be4                operator delete[](void*, unsigned int, std::align_val_t)
                0x00015be4                operator delete(void*, unsigned int, std::align_val_t)
                0x00015be8                reallocarray
                0x00015c10                valloc
                0x00015c2c                pvalloc
 *fill*         0x00016b24        0x4 
 .text          0x00016b28      0x278 /usr/bin/../lib/gcc/armv7l-tizen-linux-gnueabi/14.2.0/libgcc.a(_udivsi3.o)
                0x00016b28                __udivsi3
                0x00016b28                __aeabi_uidiv
                0x00016d84                __aeabi_uidivmod
 .text          0x00016da0      0x378 /usr/bin/../lib/gcc/armv7l-tizen-linux-gnueabi/14.2.0/libgcc.a(_arm_addsubdf3.o)
                0x00016da0                __aeabi_drsub
                0x00016da8                __aeabi_dsub
                0x00016da8                __subdf3
                0x00016dac                __adddf3
                0x00016dac                __aeabi_dadd
                0x00017024                __aeabi_ui2d
                0x00017024                __floatunsidf
                0x00017044                __floatsidf
                0x00017044                __aeabi_i2d
                0x00017068                __extendsfdf2
                0x00017068                __aeabi_f2d
                0x000170ac                __aeabi_ul2d
                0x000170ac                __floatundidf
                0x000170bc                __floatdidf
                0x000170bc                __aeabi_l2d
 .text          0x00017118        0xc /usr/bin/../lib/gcc/armv7l-tizen-linux-gnueabi/14.2.0/libgcc.a(_dvmd_lnx.o)
                0x00017118                __aeabi_ldiv0
                0x00017118                __aeabi_idiv0
 .text          0x00017124      0xad0 /usr/bin/../lib/gcc/armv7l-tizen-linux-gnueabi/14.2.0/libgcc_eh.a(unwind-arm.o)
                0x000173f4                _Unwind_GetCFA
                0x000173f8                __gnu_Unwind_RaiseException
                0x00017464                __gnu_Unwind_ForcedUnwind
                0x00017478                __gnu_Unwind_Resume
                0x000174bc                __gnu_Unwind_Resume_or_Rethrow
                0x000174dc                _Unwind_Complete
                0x000174e0                _Unwind_DeleteException
                0x000174ec                _Unwind_VRS_Get
                0x0001753c                _Unwind_VRS_Set
                0x00017590                __gnu_Unwind_Backtrace
                0x000178dc                __aeabi_unwind_cpp_pr0
                0x000178e0                __aeabi_unwind_cpp_pr1
                0x000178e4                __aeabi_unwind_cpp_pr2
                0x000178e8                _Unwind_VRS_Pop
 .text          0x00017bf4      0x1ac /usr/bin/../lib/gcc/armv7l-tizen-linux-gnueabi/14.2.0/libgcc_eh.a(libunwind.o)
                0x00017bf4                __restore_core_regs
                0x00017bf4                restore_core_regs
                0x00017c0c                __gnu_Unwind_Restore_VFP
                0x00017c14                __gnu_Unwind_Save_VFP
                0x00017c1c                __gnu_Unwind_Restore_VFP_D
                0x00017c24                __gnu_Unwind_Save_VFP_D
                0x00017c2c                __gnu_Unwind_Restore_VFP_D_16_to_31
                0x00017c34                __gnu_Unwind_Save_VFP_D_16_to_31
                0x00017c3c                __gnu_Unwind_Restore_WMMXD
                0x00017c80                __gnu_Unwind_Save_WMMXD
                0x00017cc4                __gnu_Unwind_Restore_WMMXC
                0x00017cd8                __gnu_Unwind_Save_WMMXC
                0x00017cec                ___Unwind_RaiseException
                0x00017cec                _Unwind_RaiseException
                0x00017d10                ___Unwind_Resume
                0x00017d10                _Unwind_Resume
                0x00017d34                _Unwind_Resume_or_Rethrow
                0x00017d34                ___Unwind_Resume_or_Rethrow
                0x00017d58                ___Unwind_ForcedUnwind
                0x00017d58                _Unwind_ForcedUnwind
                0x00017d7c                _Unwind_Backtrace
                0x00017d7c                ___Unwind_Backtrace
 .text          0x00017da0      0x3a8 /usr/bin/../lib/gcc/armv7l-tizen-linux-gnueabi/14.2.0/libgcc_eh.a(pr-support.o)
                0x00017df8                __gnu_unwind_execute
                0x000180f8                __gnu_unwind_frame
                0x00018128                _Unwind_GetRegionStart
                0x00018134                _Unwind_GetLanguageSpecificData
 .text          0x00018148        0x0 /usr/bin/../lib/gcc/armv7l-tizen-linux-gnueabi/14.2.0/crtend.o
 .text          0x00018148        0x0 /home/abuild/rpmbuild/BUILD/allocator-shootout-demo-1.0.0/musl-inst/lib/../lib/crtn.o
 .text          0x00018148        0x0 /home/abuild/rpmbuild/BUILD/allocator-shootout-demo-1.0.0/musl-inst/lib/libc.a(sysconf.lo)
 .text.sysconf  0x00018148      0x16c /home/abuild/rpmbuild/BUILD/allocator-shootout-demo-1.0.0/musl-inst/lib/libc.a(sysconf.lo)
                0x00018148                sysconf
 .text          0x000182b4        0x0 /home/abuild/rpmbuild/BUILD/allocator-shootout-demo-1.0.0/musl-inst/lib/libc.a(__libc_start_main.lo)
 .text.dummy    0x000182b4        0x2 /home/abuild/rpmbuild/BUILD/allocator-shootout-demo-1.0.0/musl-inst/lib/libc.a(__libc_start_main.lo)
 .text.dummy1   0x000182b6        0x2 /home/abuild/rpmbuild/BUILD/allocator-shootout-demo-1.0.0/musl-inst/lib/libc.a(__libc_start_main.lo)
 .text.__init_libc
                0x000182b8      0x14c /home/abuild/rpmbuild/BUILD/allocator-shootout-demo-1.0.0/musl-inst/lib/libc.a(__libc_start_main.lo)
                0x000182b8                __init_libc
 .text.libc_start_init
                0x00018404       0x28 /home/abuild/rpmbuild/BUILD/allocator-shootout-demo-1.0.0/musl-inst/lib/libc.a(__libc_start_main.lo)
                0x00018404                __libc_start_init
 .text.__libc_start_main
                0x0001842c       0x28 /home/abuild/rpmbuild/BUILD/allocator-shootout-demo-1.0.0/musl-inst/lib/libc.a(__libc_start_main.lo)
                0x0001842c                __libc_start_main
 .text.libc_start_main_stage2
                0x00018454       0x20 /home/abuild/rpmbuild/BUILD/allocator-shootout-demo-1.0.0/musl-inst/lib/libc.a(__libc_start_main.lo)
 .text          0x00018474        0x0 /home/abuild/rpmbuild/BUILD/allocator-shootout-demo-1.0.0/musl-inst/lib/libc.a(__stack_chk_fail.lo)
 .text.__init_ssp
                0x00018474       0x3c /home/abuild/rpmbuild/BUILD/allocator-shootout-demo-1.0.0/musl-inst/lib/libc.a(__stack_chk_fail.lo)
                0x00018474                __init_ssp
 .text.__stack_chk_fail
                0x000184b0        0x4 /home/abuild/rpmbuild/BUILD/allocator-shootout-demo-1.0.0/musl-inst/lib/libc.a(__stack_chk_fail.lo)
                0x000184b0                __stack_chk_fail_local
                0x000184b0                __stack_chk_fail
 .text          0x000184b4        0x0 /home/abuild/rpmbuild/BUILD/allocator-shootout-demo-1.0.0/musl-inst/lib/libc.a(__errno_location.lo)
 .text.__errno_location
                0x000184b4        0x8 /home/abuild/rpmbuild/BUILD/allocator-shootout-demo-1.0.0/musl-inst/lib/libc.a(__errno_location.lo)
                0x000184b4                ___errno_location
                0x000184b4                __errno_location
 .text          0x000184bc        0x0 /home/abuild/rpmbuild/BUILD/allocator-shootout-demo-1.0.0/musl-inst/lib/libc.a(strerror.lo)
 .text.__strerror_l
                0x000184bc       0x24 /home/abuild/rpmbuild/BUILD/allocator-shootout-demo-1.0.0/musl-inst/lib/libc.a(strerror.lo)
                0x000184bc                strerror_l
                0x000184bc                __strerror_l
 .text.strerror
                0x000184e0       0x2c /home/abuild/rpmbuild/BUILD/allocator-shootout-demo-1.0.0/musl-inst/lib/libc.a(strerror.lo)
                0x000184e0                strerror
 .text          0x0001850c        0x0 /home/abuild/rpmbuild/BUILD/allocator-shootout-demo-1.0.0/musl-inst/lib/libc.a(abort.lo)
 .text.abort    0x0001850c       0x74 /home/abuild/rpmbuild/BUILD/allocator-shootout-demo-1.0.0/musl-inst/lib/libc.a(abort.lo)
                0x0001850c                abort
 .text          0x00018580        0x0 /home/abuild/rpmbuild/BUILD/allocator-shootout-demo-1.0.0/musl-inst/lib/libc.a(abort_lock.lo)
 .text          0x00018580        0x0 /home/abuild/rpmbuild/BUILD/allocator-shootout-demo-1.0.0/musl-inst/lib/libc.a(exit.lo)
 .text.dummy    0x00018580        0x2 /home/abuild/rpmbuild/BUILD/allocator-shootout-demo-1.0.0/musl-inst/lib/libc.a(exit.lo)
                0x00018580                __funcs_on_exit
 *fill*         0x00018582        0x2 
 .text.libc_exit_fini
                0x00018584       0x2c /home/abuild/rpmbuild/BUILD/allocator-shootout-demo-1.0.0/musl-inst/lib/libc.a(exit.lo)
                0x00018584                __libc_exit_fini
 .text          0x000185b0        0x0 /home/abuild/rpmbuild/BUILD/allocator-shootout-demo-1.0.0/musl-inst/lib/libc.a(defsysinfo.lo)
 .text          0x000185b0        0x0 /home/abuild/rpmbuild/BUILD/allocator-shootout-demo-1.0.0/musl-inst/lib/libc.a(libc.lo)
 .text          0x000185b0        0x0 /home/abuild/rpmbuild/BUILD/allocator-shootout-demo-1.0.0/musl-inst/lib/libc.a(prctl.lo)
 .text.prctl    0x000185b0       0x42 /home/abuild/rpmbuild/BUILD/allocator-shootout-demo-1.0.0/musl-inst/lib/libc.a(prctl.lo)
                0x000185b0                prctl
 *fill*         0x000185f2        0x2 
 .text          0x000185f4        0x0 /home/abuild/rpmbuild/BUILD/allocator-shootout-demo-1.0.0/musl-inst/lib/libc.a(sysinfo.lo)
 .text.__lsysinfo
                0x000185f4        0xe /home/abuild/rpmbuild/BUILD/allocator-shootout-demo-1.0.0/musl-inst/lib/libc.a(sysinfo.lo)
                0x000185f4                __lsysinfo
                0x000185f4                sysinfo
 *fill*         0x00018602        0x2 
 .text          0x00018604        0x0 /home/abuild/rpmbuild/BUILD/allocator-shootout-demo-1.0.0/musl-inst/lib/libc.a(__lctrans.lo)
 .text.dummy    0x00018604        0x2 /home/abuild/rpmbuild/BUILD/allocator-shootout-demo-1.0.0/musl-inst/lib/libc.a(__lctrans.lo)
 .text.__lctrans
                0x00018606        0x4 /home/abuild/rpmbuild/BUILD/allocator-shootout-demo-1.0.0/musl-inst/lib/libc.a(__lctrans.lo)
                0x00018606                __lctrans
 .text.__lctrans_cur
                0x0001860a        0xe /home/abuild/rpmbuild/BUILD/allocator-shootout-demo-1.0.0/musl-inst/lib/libc.a(__lctrans.lo)
                0x0001860a                __lctrans_cur
 .text          0x00018618        0x0 /home/abuild/rpmbuild/BUILD/allocator-shootout-demo-1.0.0/musl-inst/lib/libc.a(iconv.lo)
 .text.iconv_open
                0x00018618       0x6c /home/abuild/rpmbuild/BUILD/allocator-shootout-demo-1.0.0/musl-inst/lib/libc.a(iconv.lo)
                0x00018618                iconv_open
 .text.find_charmap
                0x00018684       0xb4 /home/abuild/rpmbuild/BUILD/allocator-shootout-demo-1.0.0/musl-inst/lib/libc.a(iconv.lo)
 .text.iconv    0x00018738      0xcdc /home/abuild/rpmbuild/BUILD/allocator-shootout-demo-1.0.0/musl-inst/lib/libc.a(iconv.lo)
                0x00018738                iconv
 .text.legacy_map
                0x00019414       0x50 /home/abuild/rpmbuild/BUILD/allocator-shootout-demo-1.0.0/musl-inst/lib/libc.a(iconv.lo)
 .text.uni_to_jis
                0x00019464       0x78 /home/abuild/rpmbuild/BUILD/allocator-shootout-demo-1.0.0/musl-inst/lib/libc.a(iconv.lo)
 .text          0x000194dc        0x0 /home/abuild/rpmbuild/BUILD/allocator-shootout-demo-1.0.0/musl-inst/lib/libc.a(iconv_close.lo)
 .text.iconv_close
                0x000194dc       0x12 /home/abuild/rpmbuild/BUILD/allocator-shootout-demo-1.0.0/musl-inst/lib/libc.a(iconv_close.lo)
                0x000194dc                iconv_close
 *fill*         0x000194ee        0x2 
 .text          0x000194f0        0x0 /home/abuild/rpmbuild/BUILD/allocator-shootout-demo-1.0.0/musl-inst/lib/libc.a(langinfo.lo)
 .text.__nl_langinfo_l
                0x000194f0       0xbc /home/abuild/rpmbuild/BUILD/allocator-shootout-demo-1.0.0/musl-inst/lib/libc.a(langinfo.lo)
                0x000194f0                __nl_langinfo_l
                0x000194f0                nl_langinfo_l
 .text.__nl_langinfo
                0x000195ac        0xc /home/abuild/rpmbuild/BUILD/allocator-shootout-demo-1.0.0/musl-inst/lib/libc.a(langinfo.lo)
                0x000195ac                nl_langinfo
                0x000195ac                __nl_langinfo
 .text          0x000195b8        0x0 /home/abuild/rpmbuild/BUILD/allocator-shootout-demo-1.0.0/musl-inst/lib/libc.a(setlocale.lo)
 .text.setlocale
                0x000195b8      0x1a8 /home/abuild/rpmbuild/BUILD/allocator-shootout-demo-1.0.0/musl-inst/lib/libc.a(setlocale.lo)
                0x000195b8                setlocale
 .text          0x00019760        0x0 /home/abuild/rpmbuild/BUILD/allocator-shootout-demo-1.0.0/musl-inst/lib/libc.a(strcoll.lo)
 .text.__strcoll_l
                0x00019760        0x4 /home/abuild/rpmbuild/BUILD/allocator-shootout-demo-1.0.0/musl-inst/lib/libc.a(strcoll.lo)
                0x00019760                __strcoll_l
                0x00019760                strcoll_l
 .text.strcoll  0x00019764        0x4 /home/abuild/rpmbuild/BUILD/allocator-shootout-demo-1.0.0/musl-inst/lib/libc.a(strcoll.lo)
                0x00019764                strcoll
 .text          0x00019768        0x0 /home/abuild/rpmbuild/BUILD/allocator-shootout-demo-1.0.0/musl-inst/lib/libc.a(getauxval.lo)
 .text.__getauxval
                0x00019768       0x40 /home/abuild/rpmbuild/BUILD/allocator-shootout-demo-1.0.0/musl-inst/lib/libc.a(getauxval.lo)
                0x00019768                getauxval
                0x00019768                __getauxval
 .text          0x000197a8        0x0 /home/abuild/rpmbuild/BUILD/allocator-shootout-demo-1.0.0/musl-inst/lib/libc.a(getrlimit.lo)
 .text.getrlimit
                0x000197a8       0x8a /home/abuild/rpmbuild/BUILD/allocator-shootout-demo-1.0.0/musl-inst/lib/libc.a(getrlimit.lo)
                0x000197a8                getrlimit
 *fill*         0x00019832        0x2 
 .text          0x00019834        0x0 /home/abuild/rpmbuild/BUILD/allocator-shootout-demo-1.0.0/musl-inst/lib/libc.a(madvise.lo)
 .text.__madvise
                0x00019834        0xe /home/abuild/rpmbuild/BUILD/allocator-shootout-demo-1.0.0/musl-inst/lib/libc.a(madvise.lo)
                0x00019834                madvise
                0x00019834                __madvise
 *fill*         0x00019842        0x2 
 .text          0x00019844        0x0 /home/abuild/rpmbuild/BUILD/allocator-shootout-demo-1.0.0/musl-inst/lib/libc.a(mmap.lo)
 .text.dummy    0x00019844        0x2 /home/abuild/rpmbuild/BUILD/allocator-shootout-demo-1.0.0/musl-inst/lib/libc.a(mmap.lo)
 .text.__mmap   0x00019846       0x84 /home/abuild/rpmbuild/BUILD/allocator-shootout-demo-1.0.0/musl-inst/lib/libc.a(mmap.lo)
                0x00019846                __mmap
                0x00019846                mmap
 *fill*         0x000198ca        0x2 
 .text          0x000198cc        0x0 /home/abuild/rpmbuild/BUILD/allocator-shootout-demo-1.0.0/musl-inst/lib/libc.a(munmap.lo)
 .text.dummy    0x000198cc        0x2 /home/abuild/rpmbuild/BUILD/allocator-shootout-demo-1.0.0/musl-inst/lib/libc.a(munmap.lo)
 .text.__munmap
                0x000198ce       0x20 /home/abuild/rpmbuild/BUILD/allocator-shootout-demo-1.0.0/musl-inst/lib/libc.a(munmap.lo)
                0x000198ce                munmap
                0x000198ce                __munmap
 *fill*         0x000198ee        0x2 
 .text          0x000198f0        0x0 /home/abuild/rpmbuild/BUILD/allocator-shootout-demo-1.0.0/musl-inst/lib/libc.a(mbrtowc.lo)
 .text.mbrtowc  0x000198f0       0xd4 /home/abuild/rpmbuild/BUILD/allocator-shootout-demo-1.0.0/musl-inst/lib/libc.a(mbrtowc.lo)
                0x000198f0                mbrtowc
 .text          0x000199c4        0x0 /home/abuild/rpmbuild/BUILD/allocator-shootout-demo-1.0.0/musl-inst/lib/libc.a(wctomb.lo)
 .text.wctomb   0x000199c4        0xc /home/abuild/rpmbuild/BUILD/allocator-shootout-demo-1.0.0/musl-inst/lib/libc.a(wctomb.lo)
                0x000199c4                wctomb
 .text          0x000199d0        0x0 /home/abuild/rpmbuild/BUILD/allocator-shootout-demo-1.0.0/musl-inst/lib/libc.a(freeaddrinfo.lo)
 .text.freeaddrinfo
                0x000199d0       0x4a /home/abuild/rpmbuild/BUILD/allocator-shootout-demo-1.0.0/musl-inst/lib/libc.a(freeaddrinfo.lo)
                0x000199d0                freeaddrinfo
 *fill*         0x00019a1a        0x2 
 .text          0x00019a1c        0x0 /home/abuild/rpmbuild/BUILD/allocator-shootout-demo-1.0.0/musl-inst/lib/libc.a(gai_strerror.lo)
 .text.gai_strerror
                0x00019a1c       0x2c /home/abuild/rpmbuild/BUILD/allocator-shootout-demo-1.0.0/musl-inst/lib/libc.a(gai_strerror.lo)
                0x00019a1c                gai_strerror
 .text          0x00019a48        0x0 /home/abuild/rpmbuild/BUILD/allocator-shootout-demo-1.0.0/musl-inst/lib/libc.a(getaddrinfo.lo)
 .text.getaddrinfo
                0x00019a48      0x2e4 /home/abuild/rpmbuild/BUILD/allocator-shootout-demo-1.0.0/musl-inst/lib/libc.a(getaddrinfo.lo)
                0x00019a48                getaddrinfo
 .text          0x00019d2c        0x0 /home/abuild/rpmbuild/BUILD/allocator-shootout-demo-1.0.0/musl-inst/lib/libc.a(getnameinfo.lo)
 .text.getnameinfo
                0x00019d2c      0x528 /home/abuild/rpmbuild/BUILD/allocator-shootout-demo-1.0.0/musl-inst/lib/libc.a(getnameinfo.lo)
                0x00019d2c                getnameinfo
 .text.dns_parse_callback
                0x0001a254       0x2e /home/abuild/rpmbuild/BUILD/allocator-shootout-demo-1.0.0/musl-inst/lib/libc.a(getnameinfo.lo)
 *fill*         0x0001a282        0x2 
 .text          0x0001a284        0x0 /home/abuild/rpmbuild/BUILD/allocator-shootout-demo-1.0.0/musl-inst/lib/libc.a(htons.lo)
 .text.htons    0x0001a284        0x4 /home/abuild/rpmbuild/BUILD/allocator-shootout-demo-1.0.0/musl-inst/lib/libc.a(htons.lo)
                0x0001a284                htons
 .text          0x0001a288        0x0 /home/abuild/rpmbuild/BUILD/allocator-shootout-demo-1.0.0/musl-inst/lib/libc.a(if_indextoname.lo)
 .text.if_indextoname
                0x0001a288       0x88 /home/abuild/rpmbuild/BUILD/allocator-shootout-demo-1.0.0/musl-inst/lib/libc.a(if_indextoname.lo)
                0x0001a288                if_indextoname
 .text          0x0001a310        0x0 /home/abuild/rpmbuild/BUILD/allocator-shootout-demo-1.0.0/musl-inst/lib/libc.a(inet_ntop.lo)
 .text.inet_ntop
                0x0001a310      0x158 /home/abuild/rpmbuild/BUILD/allocator-shootout-demo-1.0.0/musl-inst/lib/libc.a(inet_ntop.lo)
                0x0001a310                inet_ntop
 .text          0x0001a468        0x0 /home/abuild/rpmbuild/BUILD/allocator-shootout-demo-1.0.0/musl-inst/lib/libc.a(lookup_ipliteral.lo)
 .text.__lookup_ipliteral
                0x0001a468      0x11c /home/abuild/rpmbuild/BUILD/allocator-shootout-demo-1.0.0/musl-inst/lib/libc.a(lookup_ipliteral.lo)
                0x0001a468                __lookup_ipliteral
 .text          0x0001a584        0x0 /home/abuild/rpmbuild/BUILD/allocator-shootout-demo-1.0.0/musl-inst/lib/libc.a(lookup_name.lo)
 .text.__lookup_name
                0x0001a584      0x764 /home/abuild/rpmbuild/BUILD/allocator-shootout-demo-1.0.0/musl-inst/lib/libc.a(lookup_name.lo)
                0x0001a584                __lookup_name
 .text.policyof
                0x0001ace8       0x30 /home/abuild/rpmbuild/BUILD/allocator-shootout-demo-1.0.0/musl-inst/lib/libc.a(lookup_name.lo)
 .text.scopeof  0x0001ad18       0x58 /home/abuild/rpmbuild/BUILD/allocator-shootout-demo-1.0.0/musl-inst/lib/libc.a(lookup_name.lo)
 .text.addrcmp  0x0001ad70        0x8 /home/abuild/rpmbuild/BUILD/allocator-shootout-demo-1.0.0/musl-inst/lib/libc.a(lookup_name.lo)
 .text.is_valid_hostname
                0x0001ad78       0x48 /home/abuild/rpmbuild/BUILD/allocator-shootout-demo-1.0.0/musl-inst/lib/libc.a(lookup_name.lo)
 .text.name_from_dns
                0x0001adc0      0x184 /home/abuild/rpmbuild/BUILD/allocator-shootout-demo-1.0.0/musl-inst/lib/libc.a(lookup_name.lo)
 .text.dns_parse_callback
                0x0001af44       0xc0 /home/abuild/rpmbuild/BUILD/allocator-shootout-demo-1.0.0/musl-inst/lib/libc.a(lookup_name.lo)
 .text          0x0001b004        0x0 /home/abuild/rpmbuild/BUILD/allocator-shootout-demo-1.0.0/musl-inst/lib/libc.a(lookup_serv.lo)
 .text.__lookup_serv
                0x0001b004      0x288 /home/abuild/rpmbuild/BUILD/allocator-shootout-demo-1.0.0/musl-inst/lib/libc.a(lookup_serv.lo)
                0x0001b004                __lookup_serv
 .text          0x0001b28c        0x0 /home/abuild/rpmbuild/BUILD/allocator-shootout-demo-1.0.0/musl-inst/lib/libc.a(ntohs.lo)
 .text.ntohs    0x0001b28c        0x4 /home/abuild/rpmbuild/BUILD/allocator-shootout-demo-1.0.0/musl-inst/lib/libc.a(ntohs.lo)
                0x0001b28c                ntohs
 .text          0x0001b290        0x0 /home/abuild/rpmbuild/BUILD/allocator-shootout-demo-1.0.0/musl-inst/lib/libc.a(res_mkquery.lo)
 .text.__res_mkquery
                0x0001b290      0x130 /home/abuild/rpmbuild/BUILD/allocator-shootout-demo-1.0.0/musl-inst/lib/libc.a(res_mkquery.lo)
                0x0001b290                res_mkquery
                0x0001b290                __res_mkquery
 .text          0x0001b3c0        0x0 /home/abuild/rpmbuild/BUILD/allocator-shootout-demo-1.0.0/musl-inst/lib/libc.a(res_msend.lo)
 .text.__res_msend_rc
                0x0001b3c0      0x8dc /home/abuild/rpmbuild/BUILD/allocator-shootout-demo-1.0.0/musl-inst/lib/libc.a(res_msend.lo)
                0x0001b3c0                __res_msend_rc
 .text.cleanup  0x0001bc9c       0x28 /home/abuild/rpmbuild/BUILD/allocator-shootout-demo-1.0.0/musl-inst/lib/libc.a(res_msend.lo)
 .text.__res_msend
                0x0001bcc4       0x44 /home/abuild/rpmbuild/BUILD/allocator-shootout-demo-1.0.0/musl-inst/lib/libc.a(res_msend.lo)
                0x0001bcc4                __res_msend
 .text.mtime    0x0001bd08       0x46 /home/abuild/rpmbuild/BUILD/allocator-shootout-demo-1.0.0/musl-inst/lib/libc.a(res_msend.lo)
 *fill*         0x0001bd4e        0x2 
 .text          0x0001bd50        0x0 /home/abuild/rpmbuild/BUILD/allocator-shootout-demo-1.0.0/musl-inst/lib/libc.a(res_send.lo)
 .text.__res_send
                0x0001bd50       0x8c /home/abuild/rpmbuild/BUILD/allocator-shootout-demo-1.0.0/musl-inst/lib/libc.a(res_send.lo)
                0x0001bd50                __res_send
                0x0001bd50                res_send
 .text          0x0001bddc        0x0 /home/abuild/rpmbuild/BUILD/allocator-shootout-demo-1.0.0/musl-inst/lib/libc.a(resolvconf.lo)
 .text.__get_resolv_conf
                0x0001bddc      0x2fc /home/abuild/rpmbuild/BUILD/allocator-shootout-demo-1.0.0/musl-inst/lib/libc.a(resolvconf.lo)
                0x0001bddc                __get_resolv_conf
 .text          0x0001c0d8        0x0 /home/abuild/rpmbuild/BUILD/allocator-shootout-demo-1.0.0/musl-inst/lib/libc.a(sendmsg.lo)
 .text.sendmsg  0x0001c0d8       0x24 /home/abuild/rpmbuild/BUILD/allocator-shootout-demo-1.0.0/musl-inst/lib/libc.a(sendmsg.lo)
                0x0001c0d8                sendmsg
 .text          0x0001c0fc        0x0 /home/abuild/rpmbuild/BUILD/allocator-shootout-demo-1.0.0/musl-inst/lib/libc.a(sendto.lo)
 .text.sendto   0x0001c0fc       0x2a /home/abuild/rpmbuild/BUILD/allocator-shootout-demo-1.0.0/musl-inst/lib/libc.a(sendto.lo)
                0x0001c0fc                sendto
 *fill*         0x0001c126        0x2 
 .text          0x0001c128        0x0 /home/abuild/rpmbuild/BUILD/allocator-shootout-demo-1.0.0/musl-inst/lib/libc.a(setsockopt.lo)
 .text.setsockopt
                0x0001c128       0xb8 /home/abuild/rpmbuild/BUILD/allocator-shootout-demo-1.0.0/musl-inst/lib/libc.a(setsockopt.lo)
                0x0001c128                setsockopt
 .text          0x0001c1e0        0x0 /home/abuild/rpmbuild/BUILD/allocator-shootout-demo-1.0.0/musl-inst/lib/libc.a(socket.lo)
 .text.socket   0x0001c1e0       0x88 /home/abuild/rpmbuild/BUILD/allocator-shootout-demo-1.0.0/musl-inst/lib/libc.a(socket.lo)
                0x0001c1e0                socket
 .text          0x0001c268        0x0 /home/abuild/rpmbuild/BUILD/allocator-shootout-demo-1.0.0/musl-inst/lib/libc.a(poll.lo)
 .text.poll     0x0001c268       0x22 /home/abuild/rpmbuild/BUILD/allocator-shootout-demo-1.0.0/musl-inst/lib/libc.a(poll.lo)
                0x0001c268                poll
 *fill*         0x0001c28a        0x2 
 .text          0x0001c28c        0x0 /home/abuild/rpmbuild/BUILD/allocator-shootout-demo-1.0.0/musl-inst/lib/libc.a(block.lo)
 .text.__block_all_sigs
                0x0001c28c       0x1c /home/abuild/rpmbuild/BUILD/allocator-shootout-demo-1.0.0/musl-inst/lib/libc.a(block.lo)
                0x0001c28c                __block_all_sigs
 .text.__block_app_sigs
                0x0001c2a8       0x1c /home/abuild/rpmbuild/BUILD/allocator-shootout-demo-1.0.0/musl-inst/lib/libc.a(block.lo)
                0x0001c2a8                __block_app_sigs
 .text.__restore_sigs
                0x0001c2c4       0x14 /home/abuild/rpmbuild/BUILD/allocator-shootout-demo-1.0.0/musl-inst/lib/libc.a(block.lo)
                0x0001c2c4                __restore_sigs
 .text          0x0001c2d8        0x0 /home/abuild/rpmbuild/BUILD/allocator-shootout-demo-1.0.0/musl-inst/lib/libc.a(raise.lo)
 .text.raise    0x0001c2d8       0x34 /home/abuild/rpmbuild/BUILD/allocator-shootout-demo-1.0.0/musl-inst/lib/libc.a(raise.lo)
                0x0001c2d8                raise
 .text          0x0001c30c        0x0 /home/abuild/rpmbuild/BUILD/allocator-shootout-demo-1.0.0/musl-inst/lib/libc.a(__fclose_ca.lo)
 .text.__fclose_ca
                0x0001c30c        0x4 /home/abuild/rpmbuild/BUILD/allocator-shootout-demo-1.0.0/musl-inst/lib/libc.a(__fclose_ca.lo)
                0x0001c30c                __fclose_ca
 .text          0x0001c310        0x0 /home/abuild/rpmbuild/BUILD/allocator-shootout-demo-1.0.0/musl-inst/lib/libc.a(__fopen_rb_ca.lo)
 .text.__fopen_rb_ca
                0x0001c310       0x80 /home/abuild/rpmbuild/BUILD/allocator-shootout-demo-1.0.0/musl-inst/lib/libc.a(__fopen_rb_ca.lo)
                0x0001c310                __fopen_rb_ca
 .text          0x0001c390        0x0 /home/abuild/rpmbuild/BUILD/allocator-shootout-demo-1.0.0/musl-inst/lib/libc.a(__stdio_close.lo)
 .text.dummy    0x0001c390        0x2 /home/abuild/rpmbuild/BUILD/allocator-shootout-demo-1.0.0/musl-inst/lib/libc.a(__stdio_close.lo)
                0x0001c390                __aio_close
 .text.__stdio_close
                0x0001c392       0x1a /home/abuild/rpmbuild/BUILD/allocator-shootout-demo-1.0.0/musl-inst/lib/libc.a(__stdio_close.lo)
                0x0001c392                __stdio_close
 .text          0x0001c3ac        0x0 /home/abuild/rpmbuild/BUILD/allocator-shootout-demo-1.0.0/musl-inst/lib/libc.a(__stdio_read.lo)
 .text.__stdio_read
                0x0001c3ac       0x80 /home/abuild/rpmbuild/BUILD/allocator-shootout-demo-1.0.0/musl-inst/lib/libc.a(__stdio_read.lo)
                0x0001c3ac                __stdio_read
 .text          0x0001c42c        0x0 /home/abuild/rpmbuild/BUILD/allocator-shootout-demo-1.0.0/musl-inst/lib/libc.a(__stdio_seek.lo)
 .text.__stdio_seek
                0x0001c42c        0xa /home/abuild/rpmbuild/BUILD/allocator-shootout-demo-1.0.0/musl-inst/lib/libc.a(__stdio_seek.lo)
                0x0001c42c                __stdio_seek
 *fill*         0x0001c436        0x2 
 .text          0x0001c438        0x0 /home/abuild/rpmbuild/BUILD/allocator-shootout-demo-1.0.0/musl-inst/lib/libc.a(fclose.lo)
 .text.dummy    0x0001c438        0x2 /home/abuild/rpmbuild/BUILD/allocator-shootout-demo-1.0.0/musl-inst/lib/libc.a(fclose.lo)
                0x0001c438                __unlist_locked_file
 .text.fclose   0x0001c43a       0x74 /home/abuild/rpmbuild/BUILD/allocator-shootout-demo-1.0.0/musl-inst/lib/libc.a(fclose.lo)
                0x0001c43a                fclose
 *fill*         0x0001c4ae        0x2 
 .text          0x0001c4b0        0x0 /home/abuild/rpmbuild/BUILD/allocator-shootout-demo-1.0.0/musl-inst/lib/libc.a(fflush.lo)
 .text.fflush   0x0001c4b0       0xe0 /home/abuild/rpmbuild/BUILD/allocator-shootout-demo-1.0.0/musl-inst/lib/libc.a(fflush.lo)
                0x0001c4b0                fflush
                0x0001c4b0                fflush_unlocked
 .text          0x0001c590        0x0 /home/abuild/rpmbuild/BUILD/allocator-shootout-demo-1.0.0/musl-inst/lib/libc.a(fgets.lo)
 .text.fgets    0x0001c590      0x104 /home/abuild/rpmbuild/BUILD/allocator-shootout-demo-1.0.0/musl-inst/lib/libc.a(fgets.lo)
                0x0001c590                fgets
                0x0001c590                fgets_unlocked
 .text          0x0001c694        0x0 /home/abuild/rpmbuild/BUILD/allocator-shootout-demo-1.0.0/musl-inst/lib/libc.a(fopen.lo)
 .text.fopen    0x0001c694       0x78 /home/abuild/rpmbuild/BUILD/allocator-shootout-demo-1.0.0/musl-inst/lib/libc.a(fopen.lo)
                0x0001c694                fopen
 .text          0x0001c70c        0x0 /home/abuild/rpmbuild/BUILD/allocator-shootout-demo-1.0.0/musl-inst/lib/libc.a(fprintf.lo)
 .text.fprintf  0x0001c70c       0x1c /home/abuild/rpmbuild/BUILD/allocator-shootout-demo-1.0.0/musl-inst/lib/libc.a(fprintf.lo)
                0x0001c70c                fprintf
 .text          0x0001c728        0x0 /home/abuild/rpmbuild/BUILD/allocator-shootout-demo-1.0.0/musl-inst/lib/libc.a(getc.lo)
 .text.getc     0x0001c728       0x34 /home/abuild/rpmbuild/BUILD/allocator-shootout-demo-1.0.0/musl-inst/lib/libc.a(getc.lo)
                0x0001c728                getc
                0x0001c728                _IO_getc
 .text.locking_getc
                0x0001c75c       0x86 /home/abuild/rpmbuild/BUILD/allocator-shootout-demo-1.0.0/musl-inst/lib/libc.a(getc.lo)
 *fill*         0x0001c7e2        0x2 
 .text          0x0001c7e4        0x0 /home/abuild/rpmbuild/BUILD/allocator-shootout-demo-1.0.0/musl-inst/lib/libc.a(ofl.lo)
 .text.__ofl_lock
                0x0001c7e4       0x18 /home/abuild/rpmbuild/BUILD/allocator-shootout-demo-1.0.0/musl-inst/lib/libc.a(ofl.lo)
                0x0001c7e4                __ofl_lock
 .text.__ofl_unlock
                0x0001c7fc        0xc /home/abuild/rpmbuild/BUILD/allocator-shootout-demo-1.0.0/musl-inst/lib/libc.a(ofl.lo)
                0x0001c7fc                __ofl_unlock
 .text          0x0001c808        0x0 /home/abuild/rpmbuild/BUILD/allocator-shootout-demo-1.0.0/musl-inst/lib/libc.a(printf.lo)
 .text.printf   0x0001c808       0x2c /home/abuild/rpmbuild/BUILD/allocator-shootout-demo-1.0.0/musl-inst/lib/libc.a(printf.lo)
                0x0001c808                printf
 .text          0x0001c834        0x0 /home/abuild/rpmbuild/BUILD/allocator-shootout-demo-1.0.0/musl-inst/lib/libc.a(puts.lo)
 .text.puts     0x0001c834       0x80 /home/abuild/rpmbuild/BUILD/allocator-shootout-demo-1.0.0/musl-inst/lib/libc.a(puts.lo)
                0x0001c834                puts
 .text          0x0001c8b4        0x0 /home/abuild/rpmbuild/BUILD/allocator-shootout-demo-1.0.0/musl-inst/lib/libc.a(snprintf.lo)
 .text.snprintf
                0x0001c8b4       0x1a /home/abuild/rpmbuild/BUILD/allocator-shootout-demo-1.0.0/musl-inst/lib/libc.a(snprintf.lo)
                0x0001c8b4                snprintf
 *fill*         0x0001c8ce        0x2 
 .text          0x0001c8d0        0x0 /home/abuild/rpmbuild/BUILD/allocator-shootout-demo-1.0.0/musl-inst/lib/libc.a(sprintf.lo)
 .text.sprintf  0x0001c8d0       0x1c /home/abuild/rpmbuild/BUILD/allocator-shootout-demo-1.0.0/musl-inst/lib/libc.a(sprintf.lo)
                0x0001c8d0                sprintf
 .text          0x0001c8ec        0x0 /home/abuild/rpmbuild/BUILD/allocator-shootout-demo-1.0.0/musl-inst/lib/libc.a(stderr.lo)
 .text          0x0001c8ec        0x0 /home/abuild/rpmbuild/BUILD/allocator-shootout-demo-1.0.0/musl-inst/lib/libc.a(stdout.lo)
 .text          0x0001c8ec        0x0 /home/abuild/rpmbuild/BUILD/allocator-shootout-demo-1.0.0/musl-inst/lib/libc.a(vfprintf.lo)
 .text.vfprintf
                0x0001c8ec      0x118 /home/abuild/rpmbuild/BUILD/allocator-shootout-demo-1.0.0/musl-inst/lib/libc.a(vfprintf.lo)
                0x0001c8ec                vfprintf
 *fill*         0x0001ca04        0x4 
 .text.printf_core
                0x0001ca08     0x14c4 /home/abuild/rpmbuild/BUILD/allocator-shootout-demo-1.0.0/musl-inst/lib/libc.a(vfprintf.lo)
 .text.pop_arg  0x0001decc       0xa2 /home/abuild/rpmbuild/BUILD/allocator-shootout-demo-1.0.0/musl-inst/lib/libc.a(vfprintf.lo)
 *fill*         0x0001df6e        0x2 
 .text.pad      0x0001df70       0x80 /home/abuild/rpmbuild/BUILD/allocator-shootout-demo-1.0.0/musl-inst/lib/libc.a(vfprintf.lo)
 .text          0x0001dff0        0x0 /home/abuild/rpmbuild/BUILD/allocator-shootout-demo-1.0.0/musl-inst/lib/libc.a(vsnprintf.lo)
 .text.vsnprintf
                0x0001dff0       0x64 /home/abuild/rpmbuild/BUILD/allocator-shootout-demo-1.0.0/musl-inst/lib/libc.a(vsnprintf.lo)
                0x0001dff0                vsnprintf
 .text.sn_write
                0x0001e054       0x60 /home/abuild/rpmbuild/BUILD/allocator-shootout-demo-1.0.0/musl-inst/lib/libc.a(vsnprintf.lo)
 .text          0x0001e0b4        0x0 /home/abuild/rpmbuild/BUILD/allocator-shootout-demo-1.0.0/musl-inst/lib/libc.a(vsprintf.lo)
 .text.vsprintf
                0x0001e0b4        0xc /home/abuild/rpmbuild/BUILD/allocator-shootout-demo-1.0.0/musl-inst/lib/libc.a(vsprintf.lo)
                0x0001e0b4                vsprintf
 .text          0x0001e0c0        0x0 /home/abuild/rpmbuild/BUILD/allocator-shootout-demo-1.0.0/musl-inst/lib/libc.a(atoi.lo)
 .text.atoi     0x0001e0c0       0x5a /home/abuild/rpmbuild/BUILD/allocator-shootout-demo-1.0.0/musl-inst/lib/libc.a(atoi.lo)
                0x0001e0c0                atoi
 *fill*         0x0001e11a        0x2 
 .text          0x0001e11c        0x0 /home/abuild/rpmbuild/BUILD/allocator-shootout-demo-1.0.0/musl-inst/lib/libc.a(qsort_nr.lo)
 .text.qsort    0x0001e11c       0x18 /home/abuild/rpmbuild/BUILD/allocator-shootout-demo-1.0.0/musl-inst/lib/libc.a(qsort_nr.lo)
                0x0001e11c                qsort
 .text.wrapper_cmp
                0x0001e134        0x2 /home/abuild/rpmbuild/BUILD/allocator-shootout-demo-1.0.0/musl-inst/lib/libc.a(qsort_nr.lo)
 *fill*         0x0001e136        0x2 
 .text          0x0001e138        0x0 /home/abuild/rpmbuild/BUILD/allocator-shootout-demo-1.0.0/musl-inst/lib/libc.a(strtol.lo)
 .text.strtoull
                0x0001e138       0x14 /home/abuild/rpmbuild/BUILD/allocator-shootout-demo-1.0.0/musl-inst/lib/libc.a(strtol.lo)
                0x0001e138                __strtoull_internal
                0x0001e138                strtoull
 .text.strtox   0x0001e14c       0x46 /home/abuild/rpmbuild/BUILD/allocator-shootout-demo-1.0.0/musl-inst/lib/libc.a(strtol.lo)
 .text.strtoll  0x0001e192       0x16 /home/abuild/rpmbuild/BUILD/allocator-shootout-demo-1.0.0/musl-inst/lib/libc.a(strtol.lo)
                0x0001e192                __strtoll_internal
                0x0001e192                strtoll
 .text.strtoul  0x0001e1a8       0x18 /home/abuild/rpmbuild/BUILD/allocator-shootout-demo-1.0.0/musl-inst/lib/libc.a(strtol.lo)
                0x0001e1a8                strtoul
                0x0001e1a8                __strtoul_internal
 .text.strtol   0x0001e1c0       0x18 /home/abuild/rpmbuild/BUILD/allocator-shootout-demo-1.0.0/musl-inst/lib/libc.a(strtol.lo)
                0x0001e1c0                __strtol_internal
                0x0001e1c0                strtol
 .text.strtoimax
                0x0001e1d8       0x16 /home/abuild/rpmbuild/BUILD/allocator-shootout-demo-1.0.0/musl-inst/lib/libc.a(strtol.lo)
                0x0001e1d8                strtoimax
                0x0001e1d8                __strtoimax_internal
 .text.strtoumax
                0x0001e1ee       0x14 /home/abuild/rpmbuild/BUILD/allocator-shootout-demo-1.0.0/musl-inst/lib/libc.a(strtol.lo)
                0x0001e1ee                strtoumax
                0x0001e1ee                __strtoumax_internal
 *fill*         0x0001e202        0x2 
 .text          0x0001e204      0x2dc /home/abuild/rpmbuild/BUILD/allocator-shootout-demo-1.0.0/musl-inst/lib/libc.a(memcpy.lo)
                0x0001e204                memcpy
 .text          0x0001e4e0        0x0 /home/abuild/rpmbuild/BUILD/allocator-shootout-demo-1.0.0/musl-inst/lib/libc.a(bcmp.lo)
 .text.bcmp     0x0001e4e0        0x4 /home/abuild/rpmbuild/BUILD/allocator-shootout-demo-1.0.0/musl-inst/lib/libc.a(bcmp.lo)
                0x0001e4e0                bcmp
 .text          0x0001e4e4        0x0 /home/abuild/rpmbuild/BUILD/allocator-shootout-demo-1.0.0/musl-inst/lib/libc.a(memchr.lo)
 .text.memchr   0x0001e4e4       0x90 /home/abuild/rpmbuild/BUILD/allocator-shootout-demo-1.0.0/musl-inst/lib/libc.a(memchr.lo)
                0x0001e4e4                memchr
 .text          0x0001e574        0x0 /home/abuild/rpmbuild/BUILD/allocator-shootout-demo-1.0.0/musl-inst/lib/libc.a(memcmp.lo)
 .text.memcmp   0x0001e574       0x1e /home/abuild/rpmbuild/BUILD/allocator-shootout-demo-1.0.0/musl-inst/lib/libc.a(memcmp.lo)
                0x0001e574                memcmp
 *fill*         0x0001e592        0x2 
 .text          0x0001e594        0x0 /home/abuild/rpmbuild/BUILD/allocator-shootout-demo-1.0.0/musl-inst/lib/libc.a(memmove.lo)
 .text.memmove  0x0001e594       0xe6 /home/abuild/rpmbuild/BUILD/allocator-shootout-demo-1.0.0/musl-inst/lib/libc.a(memmove.lo)
                0x0001e594                memmove
 *fill*         0x0001e67a        0x2 
 .text          0x0001e67c        0x0 /home/abuild/rpmbuild/BUILD/allocator-shootout-demo-1.0.0/musl-inst/lib/libc.a(memset.lo)
 .text.memset   0x0001e67c       0x90 /home/abuild/rpmbuild/BUILD/allocator-shootout-demo-1.0.0/musl-inst/lib/libc.a(memset.lo)
                0x0001e67c                memset
 .text          0x0001e70c        0x0 /home/abuild/rpmbuild/BUILD/allocator-shootout-demo-1.0.0/musl-inst/lib/libc.a(strcat.lo)
 .text.strcat   0x0001e70c       0x16 /home/abuild/rpmbuild/BUILD/allocator-shootout-demo-1.0.0/musl-inst/lib/libc.a(strcat.lo)
                0x0001e70c                strcat
 *fill*         0x0001e722        0x2 
 .text          0x0001e724        0x0 /home/abuild/rpmbuild/BUILD/allocator-shootout-demo-1.0.0/musl-inst/lib/libc.a(strchr.lo)
 .text.strchr   0x0001e724       0x14 /home/abuild/rpmbuild/BUILD/allocator-shootout-demo-1.0.0/musl-inst/lib/libc.a(strchr.lo)
                0x0001e724                strchr
 .text          0x0001e738        0x0 /home/abuild/rpmbuild/BUILD/allocator-shootout-demo-1.0.0/musl-inst/lib/libc.a(strchrnul.lo)
 .text.__strchrnul
                0x0001e738       0x7e /home/abuild/rpmbuild/BUILD/allocator-shootout-demo-1.0.0/musl-inst/lib/libc.a(strchrnul.lo)
                0x0001e738                __strchrnul
                0x0001e738                strchrnul
 *fill*         0x0001e7b6        0x2 
 .text          0x0001e7b8        0x0 /home/abuild/rpmbuild/BUILD/allocator-shootout-demo-1.0.0/musl-inst/lib/libc.a(strcmp.lo)
 .text.strcmp   0x0001e7b8       0x20 /home/abuild/rpmbuild/BUILD/allocator-shootout-demo-1.0.0/musl-inst/lib/libc.a(strcmp.lo)
                0x0001e7b8                strcmp
 .text          0x0001e7d8        0x0 /home/abuild/rpmbuild/BUILD/allocator-shootout-demo-1.0.0/musl-inst/lib/libc.a(strcpy.lo)
 .text.strcpy   0x0001e7d8        0xc /home/abuild/rpmbuild/BUILD/allocator-shootout-demo-1.0.0/musl-inst/lib/libc.a(strcpy.lo)
                0x0001e7d8                strcpy
 .text          0x0001e7e4        0x0 /home/abuild/rpmbuild/BUILD/allocator-shootout-demo-1.0.0/musl-inst/lib/libc.a(strcspn.lo)
 .text.strcspn  0x0001e7e4       0x72 /home/abuild/rpmbuild/BUILD/allocator-shootout-demo-1.0.0/musl-inst/lib/libc.a(strcspn.lo)
                0x0001e7e4                strcspn
 *fill*         0x0001e856        0x2 
 .text          0x0001e858        0x0 /home/abuild/rpmbuild/BUILD/allocator-shootout-demo-1.0.0/musl-inst/lib/libc.a(strlen.lo)
 .text.strlen   0x0001e858       0x5a /home/abuild/rpmbuild/BUILD/allocator-shootout-demo-1.0.0/musl-inst/lib/libc.a(strlen.lo)
                0x0001e858                strlen
 *fill*         0x0001e8b2        0x2 
 .text          0x0001e8b4        0x0 /home/abuild/rpmbuild/BUILD/allocator-shootout-demo-1.0.0/musl-inst/lib/libc.a(strncmp.lo)
 .text.strncmp  0x0001e8b4       0x46 /home/abuild/rpmbuild/BUILD/allocator-shootout-demo-1.0.0/musl-inst/lib/libc.a(strncmp.lo)
                0x0001e8b4                strncmp
 *fill*         0x0001e8fa        0x2 
 .text          0x0001e8fc        0x0 /home/abuild/rpmbuild/BUILD/allocator-shootout-demo-1.0.0/musl-inst/lib/libc.a(strncpy.lo)
 .text.strncpy  0x0001e8fc        0xc /home/abuild/rpmbuild/BUILD/allocator-shootout-demo-1.0.0/musl-inst/lib/libc.a(strncpy.lo)
                0x0001e8fc                strncpy
 .text          0x0001e908        0x0 /home/abuild/rpmbuild/BUILD/allocator-shootout-demo-1.0.0/musl-inst/lib/libc.a(strnlen.lo)
 .text.strnlen  0x0001e908       0x18 /home/abuild/rpmbuild/BUILD/allocator-shootout-demo-1.0.0/musl-inst/lib/libc.a(strnlen.lo)
                0x0001e908                strnlen
 .text          0x0001e920        0x0 /home/abuild/rpmbuild/BUILD/allocator-shootout-demo-1.0.0/musl-inst/lib/libc.a(strspn.lo)
 .text.strspn   0x0001e920       0x78 /home/abuild/rpmbuild/BUILD/allocator-shootout-demo-1.0.0/musl-inst/lib/libc.a(strspn.lo)
                0x0001e920                strspn
 .text          0x0001e998        0x0 /home/abuild/rpmbuild/BUILD/allocator-shootout-demo-1.0.0/musl-inst/lib/libc.a(strstr.lo)
 .text.strstr   0x0001e998       0xb6 /home/abuild/rpmbuild/BUILD/allocator-shootout-demo-1.0.0/musl-inst/lib/libc.a(strstr.lo)
                0x0001e998                strstr
 .text.fourbyte_strstr
                0x0001ea4e       0x5a /home/abuild/rpmbuild/BUILD/allocator-shootout-demo-1.0.0/musl-inst/lib/libc.a(strstr.lo)
 .text.twoway_strstr
                0x0001eaa8      0x222 /home/abuild/rpmbuild/BUILD/allocator-shootout-demo-1.0.0/musl-inst/lib/libc.a(strstr.lo)
 *fill*         0x0001ecca        0x2 
 .text          0x0001eccc        0x0 /home/abuild/rpmbuild/BUILD/allocator-shootout-demo-1.0.0/musl-inst/lib/libc.a(__lock.lo)
 .text.__lock   0x0001eccc       0xe8 /home/abuild/rpmbuild/BUILD/allocator-shootout-demo-1.0.0/musl-inst/lib/libc.a(__lock.lo)
                0x0001eccc                __lock
 .text.__unlock
                0x0001edb4       0x5a /home/abuild/rpmbuild/BUILD/allocator-shootout-demo-1.0.0/musl-inst/lib/libc.a(__lock.lo)
                0x0001edb4                __unlock
 *fill*         0x0001ee0e        0x2 
 .text          0x0001ee10        0x0 /home/abuild/rpmbuild/BUILD/allocator-shootout-demo-1.0.0/musl-inst/lib/libc.a(__syscall_cp.lo)
 .text.sccp     0x0001ee10       0x1a /home/abuild/rpmbuild/BUILD/allocator-shootout-demo-1.0.0/musl-inst/lib/libc.a(__syscall_cp.lo)
                0x0001ee10                __syscall_cp_c
 .text.__syscall_cp
                0x0001ee2a       0x16 /home/abuild/rpmbuild/BUILD/allocator-shootout-demo-1.0.0/musl-inst/lib/libc.a(__syscall_cp.lo)
                0x0001ee2a                __syscall_cp
 .text          0x0001ee40        0x0 /home/abuild/rpmbuild/BUILD/allocator-shootout-demo-1.0.0/musl-inst/lib/libc.a(pthread_barrier_init.lo)
 .text.pthread_barrier_init
                0x0001ee40       0x3c /home/abuild/rpmbuild/BUILD/allocator-shootout-demo-1.0.0/musl-inst/lib/libc.a(pthread_barrier_init.lo)
                0x0001ee40                pthread_barrier_init
 .text          0x0001ee7c        0x0 /home/abuild/rpmbuild/BUILD/allocator-shootout-demo-1.0.0/musl-inst/lib/libc.a(pthread_barrier_wait.lo)
 .text.pthread_barrier_wait
                0x0001ee7c      0x392 /home/abuild/rpmbuild/BUILD/allocator-shootout-demo-1.0.0/musl-inst/lib/libc.a(pthread_barrier_wait.lo)
                0x0001ee7c                pthread_barrier_wait
 *fill*         0x0001f20e        0x2 
 .text          0x0001f210        0x0 /home/abuild/rpmbuild/BUILD/allocator-shootout-demo-1.0.0/musl-inst/lib/libc.a(pthread_cleanup_push.lo)
 .text.dummy    0x0001f210        0x2 /home/abuild/rpmbuild/BUILD/allocator-shootout-demo-1.0.0/musl-inst/lib/libc.a(pthread_cleanup_push.lo)
 .text._pthread_cleanup_push
                0x0001f212        0x8 /home/abuild/rpmbuild/BUILD/allocator-shootout-demo-1.0.0/musl-inst/lib/libc.a(pthread_cleanup_push.lo)
                0x0001f212                _pthread_cleanup_push
 .text._pthread_cleanup_pop
                0x0001f21a       0x18 /home/abuild/rpmbuild/BUILD/allocator-shootout-demo-1.0.0/musl-inst/lib/libc.a(pthread_cleanup_push.lo)
                0x0001f21a                _pthread_cleanup_pop
 *fill*         0x0001f232        0x2 
 .text          0x0001f234        0x0 /home/abuild/rpmbuild/BUILD/allocator-shootout-demo-1.0.0/musl-inst/lib/libc.a(pthread_create.lo)
 .text.dummy_0  0x0001f234        0x2 /home/abuild/rpmbuild/BUILD/allocator-shootout-demo-1.0.0/musl-inst/lib/libc.a(pthread_create.lo)
                0x0001f234                __membarrier_init
                0x0001f234                __acquire_ptc
                0x0001f234                __dl_thread_cleanup
                0x0001f234                __release_ptc
                0x0001f234                __pthread_tsd_run_dtors
                0x0001f234                __do_orphaned_stdio_locks
 *fill*         0x0001f236        0x2 
 .text.__tl_lock
                0x0001f238       0x5c /home/abuild/rpmbuild/BUILD/allocator-shootout-demo-1.0.0/musl-inst/lib/libc.a(pthread_create.lo)
                0x0001f238                __tl_lock
 .text.__tl_unlock
                0x0001f294       0x60 /home/abuild/rpmbuild/BUILD/allocator-shootout-demo-1.0.0/musl-inst/lib/libc.a(pthread_create.lo)
                0x0001f294                __tl_unlock
 .text.__tl_sync
                0x0001f2f4       0x54 /home/abuild/rpmbuild/BUILD/allocator-shootout-demo-1.0.0/musl-inst/lib/libc.a(pthread_create.lo)
                0x0001f2f4                __tl_sync
 .text.__pthread_exit
                0x0001f348      0x1c4 /home/abuild/rpmbuild/BUILD/allocator-shootout-demo-1.0.0/musl-inst/lib/libc.a(pthread_create.lo)
                0x0001f348                pthread_exit
                0x0001f348                __pthread_exit
 .text.__do_cleanup_push
                0x0001f50c       0x10 /home/abuild/rpmbuild/BUILD/allocator-shootout-demo-1.0.0/musl-inst/lib/libc.a(pthread_create.lo)
                0x0001f50c                __do_cleanup_push
 .text.__do_cleanup_pop
                0x0001f51c        0xc /home/abuild/rpmbuild/BUILD/allocator-shootout-demo-1.0.0/musl-inst/lib/libc.a(pthread_create.lo)
                0x0001f51c                __do_cleanup_pop
 .text.__pthread_create
                0x0001f528      0x408 /home/abuild/rpmbuild/BUILD/allocator-shootout-demo-1.0.0/musl-inst/lib/libc.a(pthread_create.lo)
                0x0001f528                pthread_create
                0x0001f528                __pthread_create
 .text.start_c11
                0x0001f930        0xc /home/abuild/rpmbuild/BUILD/allocator-shootout-demo-1.0.0/musl-inst/lib/libc.a(pthread_create.lo)
 .text.start    0x0001f93c       0x74 /home/abuild/rpmbuild/BUILD/allocator-shootout-demo-1.0.0/musl-inst/lib/libc.a(pthread_create.lo)
 .text          0x0001f9b0        0x0 /home/abuild/rpmbuild/BUILD/allocator-shootout-demo-1.0.0/musl-inst/lib/libc.a(pthread_join.lo)
 .text.dummy1   0x0001f9b0        0x2 /home/abuild/rpmbuild/BUILD/allocator-shootout-demo-1.0.0/musl-inst/lib/libc.a(pthread_join.lo)
 .text.__pthread_join
                0x0001f9b2        0x6 /home/abuild/rpmbuild/BUILD/allocator-shootout-demo-1.0.0/musl-inst/lib/libc.a(pthread_join.lo)
                0x0001f9b2                __pthread_join
                0x0001f9b2                pthread_join
 .text.__pthread_timedjoin_np
                0x0001f9b8       0x98 /home/abuild/rpmbuild/BUILD/allocator-shootout-demo-1.0.0/musl-inst/lib/libc.a(pthread_join.lo)
                0x0001f9b8                __pthread_timedjoin_np_time64
 .text.__pthread_tryjoin_np
                0x0001fa50       0x10 /home/abuild/rpmbuild/BUILD/allocator-shootout-demo-1.0.0/musl-inst/lib/libc.a(pthread_join.lo)
                0x0001fa50                pthread_tryjoin_np
 .text          0x0001fa60        0x0 /home/abuild/rpmbuild/BUILD/allocator-shootout-demo-1.0.0/musl-inst/lib/libc.a(pthread_setcancelstate.lo)
 .text.__pthread_setcancelstate
                0x0001fa60       0x1c /home/abuild/rpmbuild/BUILD/allocator-shootout-demo-1.0.0/musl-inst/lib/libc.a(pthread_setcancelstate.lo)
                0x0001fa60                __pthread_setcancelstate
                0x0001fa60                pthread_setcancelstate
 .text          0x0001fa7c        0x0 /home/abuild/rpmbuild/BUILD/allocator-shootout-demo-1.0.0/musl-inst/lib/libc.a(pthread_testcancel.lo)
 .text.__pthread_testcancel
                0x0001fa7c        0x4 /home/abuild/rpmbuild/BUILD/allocator-shootout-demo-1.0.0/musl-inst/lib/libc.a(pthread_testcancel.lo)
                0x0001fa7c                pthread_testcancel
                0x0001fa7c                __pthread_testcancel
 .text.dummy    0x0001fa80        0x2 /home/abuild/rpmbuild/BUILD/allocator-shootout-demo-1.0.0/musl-inst/lib/libc.a(pthread_testcancel.lo)
                0x0001fa80                __testcancel
 *fill*         0x0001fa82        0x2 
 .text          0x0001fa84        0x0 /home/abuild/rpmbuild/BUILD/allocator-shootout-demo-1.0.0/musl-inst/lib/libc.a(vmlock.lo)
 .text.__vm_wait
                0x0001fa84       0x1c /home/abuild/rpmbuild/BUILD/allocator-shootout-demo-1.0.0/musl-inst/lib/libc.a(vmlock.lo)
                0x0001fa84                __vm_wait
 .text.__vm_lock
                0x0001faa0       0x20 /home/abuild/rpmbuild/BUILD/allocator-shootout-demo-1.0.0/musl-inst/lib/libc.a(vmlock.lo)
                0x0001faa0                __vm_lock
 .text.__vm_unlock
                0x0001fac0       0x5c /home/abuild/rpmbuild/BUILD/allocator-shootout-demo-1.0.0/musl-inst/lib/libc.a(vmlock.lo)
                0x0001fac0                __vm_unlock
 .text          0x0001fb1c        0x0 /home/abuild/rpmbuild/BUILD/allocator-shootout-demo-1.0.0/musl-inst/lib/libc.a(clock_gettime.lo)
 .text.__clock_gettime
                0x0001fb1c       0x94 /home/abuild/rpmbuild/BUILD/allocator-shootout-demo-1.0.0/musl-inst/lib/libc.a(clock_gettime.lo)
                0x0001fb1c                __clock_gettime
                0x0001fb1c                __clock_gettime64
 .text.cgt_init
                0x0001fbb0       0xb8 /home/abuild/rpmbuild/BUILD/allocator-shootout-demo-1.0.0/musl-inst/lib/libc.a(clock_gettime.lo)
 .text.cgt_time32_wrap
                0x0001fc68       0x5c /home/abuild/rpmbuild/BUILD/allocator-shootout-demo-1.0.0/musl-inst/lib/libc.a(clock_gettime.lo)
 .text          0x0001fcc4        0x0 /home/abuild/rpmbuild/BUILD/allocator-shootout-demo-1.0.0/musl-inst/lib/libc.a(localtime_r.lo)
 .text.__localtime_r
                0x0001fcc4       0x72 /home/abuild/rpmbuild/BUILD/allocator-shootout-demo-1.0.0/musl-inst/lib/libc.a(localtime_r.lo)
                0x0001fcc4                __localtime_r
                0x0001fcc4                __localtime64_r
 *fill*         0x0001fd36        0x2 
 .text          0x0001fd38        0x0 /home/abuild/rpmbuild/BUILD/allocator-shootout-demo-1.0.0/musl-inst/lib/libc.a(strftime.lo)
 .text.__strftime_fmt_1
                0x0001fd38      0x440 /home/abuild/rpmbuild/BUILD/allocator-shootout-demo-1.0.0/musl-inst/lib/libc.a(strftime.lo)
                0x0001fd38                __strftime_fmt_1
 .text.week_num
                0x00020178      0x16a /home/abuild/rpmbuild/BUILD/allocator-shootout-demo-1.0.0/musl-inst/lib/libc.a(strftime.lo)
 *fill*         0x000202e2        0x2 
 .text.__strftime_l
                0x000202e4      0x1e0 /home/abuild/rpmbuild/BUILD/allocator-shootout-demo-1.0.0/musl-inst/lib/libc.a(strftime.lo)
                0x000202e4                __strftime_l
                0x000202e4                strftime_l
 .text.strftime
                0x000204c4       0x18 /home/abuild/rpmbuild/BUILD/allocator-shootout-demo-1.0.0/musl-inst/lib/libc.a(strftime.lo)
                0x000204c4                strftime
 .text          0x000204dc        0x0 /home/abuild/rpmbuild/BUILD/allocator-shootout-demo-1.0.0/musl-inst/lib/libc.a(_exit.lo)
 .text._exit    0x000204dc        0x6 /home/abuild/rpmbuild/BUILD/allocator-shootout-demo-1.0.0/musl-inst/lib/libc.a(_exit.lo)
                0x000204dc                _exit
 *fill*         0x000204e2        0x2 
 .text          0x000204e4        0x0 /home/abuild/rpmbuild/BUILD/allocator-shootout-demo-1.0.0/musl-inst/lib/libc.a(close.lo)
 .text.dummy    0x000204e4        0x2 /home/abuild/rpmbuild/BUILD/allocator-shootout-demo-1.0.0/musl-inst/lib/libc.a(close.lo)
 .text.close    0x000204e6       0x30 /home/abuild/rpmbuild/BUILD/allocator-shootout-demo-1.0.0/musl-inst/lib/libc.a(close.lo)
                0x000204e6                close
 *fill*         0x00020516        0x2 
 .text          0x00020518        0x0 /home/abuild/rpmbuild/BUILD/allocator-shootout-demo-1.0.0/musl-inst/lib/libc.a(getpid.lo)
 .text.getpid   0x00020518        0xc /home/abuild/rpmbuild/BUILD/allocator-shootout-demo-1.0.0/musl-inst/lib/libc.a(getpid.lo)
                0x00020518                getpid
 .text          0x00020524        0x0 /home/abuild/rpmbuild/BUILD/allocator-shootout-demo-1.0.0/musl-inst/lib/libc.a(lseek.lo)
 .text.__lseek  0x00020524       0x2e /home/abuild/rpmbuild/BUILD/allocator-shootout-demo-1.0.0/musl-inst/lib/libc.a(lseek.lo)
                0x00020524                lseek
                0x00020524                __lseek
 *fill*         0x00020552        0x2 
 .text          0x00020554        0x0 /home/abuild/rpmbuild/BUILD/allocator-shootout-demo-1.0.0/musl-inst/lib/libc.a(pause.lo)
 .text.pause    0x00020554       0x22 /home/abuild/rpmbuild/BUILD/allocator-shootout-demo-1.0.0/musl-inst/lib/libc.a(pause.lo)
                0x00020554                pause
 *fill*         0x00020576        0x2 
 .text          0x00020578        0x0 /home/abuild/rpmbuild/BUILD/allocator-shootout-demo-1.0.0/musl-inst/lib/libc.a(isalnum.lo)
 .text.isalnum  0x00020578       0x26 /home/abuild/rpmbuild/BUILD/allocator-shootout-demo-1.0.0/musl-inst/lib/libc.a(isalnum.lo)
                0x00020578                isalnum
 .text.__isalnum_l
                0x0002059e       0x26 /home/abuild/rpmbuild/BUILD/allocator-shootout-demo-1.0.0/musl-inst/lib/libc.a(isalnum.lo)
                0x0002059e                isalnum_l
                0x0002059e                __isalnum_l
 .text          0x000205c4        0x0 /home/abuild/rpmbuild/BUILD/allocator-shootout-demo-1.0.0/musl-inst/lib/libc.a(__environ.lo)
 .text          0x000205c4        0x0 /home/abuild/rpmbuild/BUILD/allocator-shootout-demo-1.0.0/musl-inst/lib/libc.a(__init_tls.lo)
 .text.__init_tp
                0x000205c4       0x5c /home/abuild/rpmbuild/BUILD/allocator-shootout-demo-1.0.0/musl-inst/lib/libc.a(__init_tls.lo)
                0x000205c4                __init_tp
 .text.__copy_tls
                0x00020620       0x68 /home/abuild/rpmbuild/BUILD/allocator-shootout-demo-1.0.0/musl-inst/lib/libc.a(__init_tls.lo)
                0x00020620                __copy_tls
 .text.static_init_tls
                0x00020688      0x120 /home/abuild/rpmbuild/BUILD/allocator-shootout-demo-1.0.0/musl-inst/lib/libc.a(__init_tls.lo)
                0x00020688                __init_tls
 .text          0x000207a8        0x0 /home/abuild/rpmbuild/BUILD/allocator-shootout-demo-1.0.0/musl-inst/lib/libc.a(_Exit.lo)
 .text._Exit    0x000207a8       0x1a /home/abuild/rpmbuild/BUILD/allocator-shootout-demo-1.0.0/musl-inst/lib/libc.a(_Exit.lo)
                0x000207a8                _Exit
 *fill*         0x000207c2        0x2 
 .text          0x000207c4        0x0 /home/abuild/rpmbuild/BUILD/allocator-shootout-demo-1.0.0/musl-inst/lib/libc.a(intscan.lo)
 .text.__intscan
                0x000207c4      0x450 /home/abuild/rpmbuild/BUILD/allocator-shootout-demo-1.0.0/musl-inst/lib/libc.a(intscan.lo)
                0x000207c4                __intscan
 .text          0x00020c14        0x0 /home/abuild/rpmbuild/BUILD/allocator-shootout-demo-1.0.0/musl-inst/lib/libc.a(shgetc.lo)
 .text.__shlim  0x00020c14       0x32 /home/abuild/rpmbuild/BUILD/allocator-shootout-demo-1.0.0/musl-inst/lib/libc.a(shgetc.lo)
                0x00020c14                __shlim
 .text.__shgetc
                0x00020c46       0xa4 /home/abuild/rpmbuild/BUILD/allocator-shootout-demo-1.0.0/musl-inst/lib/libc.a(shgetc.lo)
                0x00020c46                __shgetc
 *fill*         0x00020cea        0x2 
 .text          0x00020cec        0x0 /home/abuild/rpmbuild/BUILD/allocator-shootout-demo-1.0.0/musl-inst/lib/libc.a(syscall_ret.lo)
 .text.__syscall_ret
                0x00020cec       0x1c /home/abuild/rpmbuild/BUILD/allocator-shootout-demo-1.0.0/musl-inst/lib/libc.a(syscall_ret.lo)
                0x00020cec                __syscall_ret
 .text          0x00020d08        0x0 /home/abuild/rpmbuild/BUILD/allocator-shootout-demo-1.0.0/musl-inst/lib/libc.a(vdso.lo)
 .text.__vdsosym
                0x00020d08      0x1a0 /home/abuild/rpmbuild/BUILD/allocator-shootout-demo-1.0.0/musl-inst/lib/libc.a(vdso.lo)
                0x00020d08                __vdsosym
 .text          0x00020ea8        0x0 /home/abuild/rpmbuild/BUILD/allocator-shootout-demo-1.0.0/musl-inst/lib/libc.a(c_locale.lo)
 .text          0x00020ea8        0x0 /home/abuild/rpmbuild/BUILD/allocator-shootout-demo-1.0.0/musl-inst/lib/libc.a(locale_map.lo)
 .text.__lctrans_impl
                0x00020ea8       0x1e /home/abuild/rpmbuild/BUILD/allocator-shootout-demo-1.0.0/musl-inst/lib/libc.a(locale_map.lo)
                0x00020ea8                __lctrans_impl
 *fill*         0x00020ec6        0x2 
 .text.__get_locale
                0x00020ec8      0x21c /home/abuild/rpmbuild/BUILD/allocator-shootout-demo-1.0.0/musl-inst/lib/libc.a(locale_map.lo)
                0x00020ec8                __get_locale
 .text          0x000210e4        0x0 /home/abuild/rpmbuild/BUILD/allocator-shootout-demo-1.0.0/musl-inst/lib/libc.a(lite_malloc.lo)
 .text.__simple_malloc
                0x000210e4      0x1e4 /home/abuild/rpmbuild/BUILD/allocator-shootout-demo-1.0.0/musl-inst/lib/libc.a(lite_malloc.lo)
                0x000210e4                __libc_malloc_impl
 .text.__libc_malloc
                0x000212c8        0x4 /home/abuild/rpmbuild/BUILD/allocator-shootout-demo-1.0.0/musl-inst/lib/libc.a(lite_malloc.lo)
                0x000212c8                __libc_malloc
 .text.default_malloc
                0x000212cc        0x4 /home/abuild/rpmbuild/BUILD/allocator-shootout-demo-1.0.0/musl-inst/lib/libc.a(lite_malloc.lo)
 .text          0x000212d0        0x0 /home/abuild/rpmbuild/BUILD/allocator-shootout-demo-1.0.0/musl-inst/lib/libc.a(frexpl.lo)
 .text.frexpl   0x000212d0        0x4 /home/abuild/rpmbuild/BUILD/allocator-shootout-demo-1.0.0/musl-inst/lib/libc.a(frexpl.lo)
                0x000212d0                frexpl
 .text          0x000212d4        0x0 /home/abuild/rpmbuild/BUILD/allocator-shootout-demo-1.0.0/musl-inst/lib/libc.a(ioctl.lo)
 .text.ioctl    0x000212d4       0xb0 /home/abuild/rpmbuild/BUILD/allocator-shootout-demo-1.0.0/musl-inst/lib/libc.a(ioctl.lo)
                0x000212d4                ioctl
 .text.convert_ioctl_struct
                0x00021384      0x11c /home/abuild/rpmbuild/BUILD/allocator-shootout-demo-1.0.0/musl-inst/lib/libc.a(ioctl.lo)
 .text          0x000214a0        0x0 /home/abuild/rpmbuild/BUILD/allocator-shootout-demo-1.0.0/musl-inst/lib/libc.a(mprotect.lo)
 .text.__mprotect
                0x000214a0       0x38 /home/abuild/rpmbuild/BUILD/allocator-shootout-demo-1.0.0/musl-inst/lib/libc.a(mprotect.lo)
                0x000214a0                __mprotect
                0x000214a0                mprotect
 .text          0x000214d8        0x0 /home/abuild/rpmbuild/BUILD/allocator-shootout-demo-1.0.0/musl-inst/lib/libc.a(internal.lo)
 .text          0x000214d8        0x0 /home/abuild/rpmbuild/BUILD/allocator-shootout-demo-1.0.0/musl-inst/lib/libc.a(mbstowcs.lo)
 .text.mbstowcs
                0x000214d8       0x12 /home/abuild/rpmbuild/BUILD/allocator-shootout-demo-1.0.0/musl-inst/lib/libc.a(mbstowcs.lo)
                0x000214d8                mbstowcs
 *fill*         0x000214ea        0x2 
 .text          0x000214ec        0x0 /home/abuild/rpmbuild/BUILD/allocator-shootout-demo-1.0.0/musl-inst/lib/libc.a(wcrtomb.lo)
 .text.wcrtomb  0x000214ec       0xbc /home/abuild/rpmbuild/BUILD/allocator-shootout-demo-1.0.0/musl-inst/lib/libc.a(wcrtomb.lo)
                0x000214ec                wcrtomb
 .text          0x000215a8        0x0 /home/abuild/rpmbuild/BUILD/allocator-shootout-demo-1.0.0/musl-inst/lib/libc.a(bind.lo)
 .text.bind     0x000215a8       0x1a /home/abuild/rpmbuild/BUILD/allocator-shootout-demo-1.0.0/musl-inst/lib/libc.a(bind.lo)
                0x000215a8                bind
 *fill*         0x000215c2        0x2 
 .text          0x000215c4        0x0 /home/abuild/rpmbuild/BUILD/allocator-shootout-demo-1.0.0/musl-inst/lib/libc.a(connect.lo)
 .text.connect  0x000215c4       0x24 /home/abuild/rpmbuild/BUILD/allocator-shootout-demo-1.0.0/musl-inst/lib/libc.a(connect.lo)
                0x000215c4                connect
 .text          0x000215e8        0x0 /home/abuild/rpmbuild/BUILD/allocator-shootout-demo-1.0.0/musl-inst/lib/libc.a(dn_expand.lo)
 .text.__dn_expand
                0x000215e8       0xc0 /home/abuild/rpmbuild/BUILD/allocator-shootout-demo-1.0.0/musl-inst/lib/libc.a(dn_expand.lo)
                0x000215e8                __dn_expand
                0x000215e8                dn_expand
 .text          0x000216a8        0x0 /home/abuild/rpmbuild/BUILD/allocator-shootout-demo-1.0.0/musl-inst/lib/libc.a(dns_parse.lo)
 .text.__dns_parse
                0x000216a8       0xdc /home/abuild/rpmbuild/BUILD/allocator-shootout-demo-1.0.0/musl-inst/lib/libc.a(dns_parse.lo)
                0x000216a8                __dns_parse
 .text          0x00021784        0x0 /home/abuild/rpmbuild/BUILD/allocator-shootout-demo-1.0.0/musl-inst/lib/libc.a(getsockname.lo)
 .text.getsockname
                0x00021784       0x1a /home/abuild/rpmbuild/BUILD/allocator-shootout-demo-1.0.0/musl-inst/lib/libc.a(getsockname.lo)
                0x00021784                getsockname
 *fill*         0x0002179e        0x2 
 .text          0x000217a0        0x0 /home/abuild/rpmbuild/BUILD/allocator-shootout-demo-1.0.0/musl-inst/lib/libc.a(if_nametoindex.lo)
 .text.if_nametoindex
                0x000217a0       0x74 /home/abuild/rpmbuild/BUILD/allocator-shootout-demo-1.0.0/musl-inst/lib/libc.a(if_nametoindex.lo)
                0x000217a0                if_nametoindex
 .text          0x00021814        0x0 /home/abuild/rpmbuild/BUILD/allocator-shootout-demo-1.0.0/musl-inst/lib/libc.a(inet_aton.lo)
 .text.__inet_aton
                0x00021814       0xa0 /home/abuild/rpmbuild/BUILD/allocator-shootout-demo-1.0.0/musl-inst/lib/libc.a(inet_aton.lo)
                0x00021814                __inet_aton
                0x00021814                inet_aton
 .text          0x000218b4        0x0 /home/abuild/rpmbuild/BUILD/allocator-shootout-demo-1.0.0/musl-inst/lib/libc.a(inet_pton.lo)
 .text.inet_pton
                0x000218b4      0x1ac /home/abuild/rpmbuild/BUILD/allocator-shootout-demo-1.0.0/musl-inst/lib/libc.a(inet_pton.lo)
                0x000218b4                inet_pton
 .text          0x00021a60        0x0 /home/abuild/rpmbuild/BUILD/allocator-shootout-demo-1.0.0/musl-inst/lib/libc.a(recvmsg.lo)
 .text.__convert_scm_timestamps
                0x00021a60       0xbe /home/abuild/rpmbuild/BUILD/allocator-shootout-demo-1.0.0/musl-inst/lib/libc.a(recvmsg.lo)
                0x00021a60                __convert_scm_timestamps
 .text.recvmsg  0x00021b1e       0x36 /home/abuild/rpmbuild/BUILD/allocator-shootout-demo-1.0.0/musl-inst/lib/libc.a(recvmsg.lo)
                0x00021b1e                recvmsg
 .text          0x00021b54        0x0 /home/abuild/rpmbuild/BUILD/allocator-shootout-demo-1.0.0/musl-inst/lib/libc.a(__fdopen.lo)
 .text.__fdopen
                0x00021b54      0x118 /home/abuild/rpmbuild/BUILD/allocator-shootout-demo-1.0.0/musl-inst/lib/libc.a(__fdopen.lo)
                0x00021b54                fdopen
                0x00021b54                __fdopen
 .text          0x00021c6c        0x0 /home/abuild/rpmbuild/BUILD/allocator-shootout-demo-1.0.0/musl-inst/lib/libc.a(__fmodeflags.lo)
 .text.__fmodeflags
                0x00021c6c       0x56 /home/abuild/rpmbuild/BUILD/allocator-shootout-demo-1.0.0/musl-inst/lib/libc.a(__fmodeflags.lo)
                0x00021c6c                __fmodeflags
 *fill*         0x00021cc2        0x2 
 .text          0x00021cc4        0x0 /home/abuild/rpmbuild/BUILD/allocator-shootout-demo-1.0.0/musl-inst/lib/libc.a(__lockfile.lo)
 .text.__lockfile
                0x00021cc4       0xa8 /home/abuild/rpmbuild/BUILD/allocator-shootout-demo-1.0.0/musl-inst/lib/libc.a(__lockfile.lo)
                0x00021cc4                __lockfile
 .text.__unlockfile
                0x00021d6c       0x44 /home/abuild/rpmbuild/BUILD/allocator-shootout-demo-1.0.0/musl-inst/lib/libc.a(__lockfile.lo)
                0x00021d6c                __unlockfile
 .text          0x00021db0        0x0 /home/abuild/rpmbuild/BUILD/allocator-shootout-demo-1.0.0/musl-inst/lib/libc.a(__overflow.lo)
 .text.__overflow
                0x00021db0       0x50 /home/abuild/rpmbuild/BUILD/allocator-shootout-demo-1.0.0/musl-inst/lib/libc.a(__overflow.lo)
                0x00021db0                __overflow
 .text          0x00021e00        0x0 /home/abuild/rpmbuild/BUILD/allocator-shootout-demo-1.0.0/musl-inst/lib/libc.a(__stdio_write.lo)
 .text.__stdio_write
                0x00021e00       0xc6 /home/abuild/rpmbuild/BUILD/allocator-shootout-demo-1.0.0/musl-inst/lib/libc.a(__stdio_write.lo)
                0x00021e00                __stdio_write
 *fill*         0x00021ec6        0x2 
 .text          0x00021ec8        0x0 /home/abuild/rpmbuild/BUILD/allocator-shootout-demo-1.0.0/musl-inst/lib/libc.a(__stdout_write.lo)
 .text.__stdout_write
                0x00021ec8       0x44 /home/abuild/rpmbuild/BUILD/allocator-shootout-demo-1.0.0/musl-inst/lib/libc.a(__stdout_write.lo)
                0x00021ec8                __stdout_write
 .text          0x00021f0c        0x0 /home/abuild/rpmbuild/BUILD/allocator-shootout-demo-1.0.0/musl-inst/lib/libc.a(__towrite.lo)
 .text.__towrite
                0x00021f0c       0x30 /home/abuild/rpmbuild/BUILD/allocator-shootout-demo-1.0.0/musl-inst/lib/libc.a(__towrite.lo)
                0x00021f0c                __towrite
 .text.__towrite_needs_stdio_exit
                0x00021f3c        0x4 /home/abuild/rpmbuild/BUILD/allocator-shootout-demo-1.0.0/musl-inst/lib/libc.a(__towrite.lo)
                0x00021f3c                __towrite_needs_stdio_exit
 .text          0x00021f40        0x0 /home/abuild/rpmbuild/BUILD/allocator-shootout-demo-1.0.0/musl-inst/lib/libc.a(__uflow.lo)
 .text.__uflow  0x00021f40       0x2a /home/abuild/rpmbuild/BUILD/allocator-shootout-demo-1.0.0/musl-inst/lib/libc.a(__uflow.lo)
                0x00021f40                __uflow
 *fill*         0x00021f6a        0x2 
 .text          0x00021f6c        0x0 /home/abuild/rpmbuild/BUILD/allocator-shootout-demo-1.0.0/musl-inst/lib/libc.a(fputs.lo)
 .text.fputs    0x00021f6c       0x22 /home/abuild/rpmbuild/BUILD/allocator-shootout-demo-1.0.0/musl-inst/lib/libc.a(fputs.lo)
                0x00021f6c                fputs_unlocked
                0x00021f6c                fputs
 *fill*         0x00021f8e        0x2 
 .text          0x00021f90        0x0 /home/abuild/rpmbuild/BUILD/allocator-shootout-demo-1.0.0/musl-inst/lib/libc.a(fwrite.lo)
 .text.__fwritex
                0x00021f90       0x8a /home/abuild/rpmbuild/BUILD/allocator-shootout-demo-1.0.0/musl-inst/lib/libc.a(fwrite.lo)
                0x00021f90                __fwritex
 .text.fwrite   0x0002201a       0x64 /home/abuild/rpmbuild/BUILD/allocator-shootout-demo-1.0.0/musl-inst/lib/libc.a(fwrite.lo)
                0x0002201a                fwrite_unlocked
                0x0002201a                fwrite
 *fill*         0x0002207e        0x2 
 .text          0x00022080        0x0 /home/abuild/rpmbuild/BUILD/allocator-shootout-demo-1.0.0/musl-inst/lib/libc.a(ofl_add.lo)
 .text.__ofl_add
                0x00022080       0x1a /home/abuild/rpmbuild/BUILD/allocator-shootout-demo-1.0.0/musl-inst/lib/libc.a(ofl_add.lo)
                0x00022080                __ofl_add
 *fill*         0x0002209a        0x2 
 .text          0x0002209c        0x0 /home/abuild/rpmbuild/BUILD/allocator-shootout-demo-1.0.0/musl-inst/lib/libc.a(qsort.lo)
 .text.__qsort_r
                0x0002209c      0x238 /home/abuild/rpmbuild/BUILD/allocator-shootout-demo-1.0.0/musl-inst/lib/libc.a(qsort.lo)
                0x0002209c                __qsort_r
                0x0002209c                qsort_r
 .text.sift     0x000222d4       0x88 /home/abuild/rpmbuild/BUILD/allocator-shootout-demo-1.0.0/musl-inst/lib/libc.a(qsort.lo)
 .text.trinkle  0x0002235c      0x148 /home/abuild/rpmbuild/BUILD/allocator-shootout-demo-1.0.0/musl-inst/lib/libc.a(qsort.lo)
 .text.cycle    0x000224a4       0x84 /home/abuild/rpmbuild/BUILD/allocator-shootout-demo-1.0.0/musl-inst/lib/libc.a(qsort.lo)
 .text          0x00022528        0x0 /home/abuild/rpmbuild/BUILD/allocator-shootout-demo-1.0.0/musl-inst/lib/libc.a(stpcpy.lo)
 .text.__stpcpy
                0x00022528       0x74 /home/abuild/rpmbuild/BUILD/allocator-shootout-demo-1.0.0/musl-inst/lib/libc.a(stpcpy.lo)
                0x00022528                stpcpy
                0x00022528                __stpcpy
 .text          0x0002259c        0x0 /home/abuild/rpmbuild/BUILD/allocator-shootout-demo-1.0.0/musl-inst/lib/libc.a(stpncpy.lo)
 .text.__stpncpy
                0x0002259c       0x9a /home/abuild/rpmbuild/BUILD/allocator-shootout-demo-1.0.0/musl-inst/lib/libc.a(stpncpy.lo)
                0x0002259c                stpncpy
                0x0002259c                __stpncpy
 *fill*         0x00022636        0x2 
 .text          0x00022638        0x0 /home/abuild/rpmbuild/BUILD/allocator-shootout-demo-1.0.0/musl-inst/lib/libc.a(__timedwait.lo)
 .text.__timedwait_cp
                0x00022638      0x124 /home/abuild/rpmbuild/BUILD/allocator-shootout-demo-1.0.0/musl-inst/lib/libc.a(__timedwait.lo)
                0x00022638                __timedwait_cp
 .text.__timedwait
                0x0002275c       0x34 /home/abuild/rpmbuild/BUILD/allocator-shootout-demo-1.0.0/musl-inst/lib/libc.a(__timedwait.lo)
                0x0002275c                __timedwait
 .text          0x00022790        0x0 /home/abuild/rpmbuild/BUILD/allocator-shootout-demo-1.0.0/musl-inst/lib/libc.a(__wait.lo)
 .text.__wait   0x00022790       0x9a /home/abuild/rpmbuild/BUILD/allocator-shootout-demo-1.0.0/musl-inst/lib/libc.a(__wait.lo)
                0x00022790                __wait
 *fill*         0x0002282a        0x2 
 .text          0x0002282c        0x0 /home/abuild/rpmbuild/BUILD/allocator-shootout-demo-1.0.0/musl-inst/lib/libc.a(__set_thread_area.lo)
 .text.__set_thread_area
                0x0002282c       0x10 /home/abuild/rpmbuild/BUILD/allocator-shootout-demo-1.0.0/musl-inst/lib/libc.a(__set_thread_area.lo)
                0x0002282c                __set_thread_area
 .text          0x0002283c        0xc /home/abuild/rpmbuild/BUILD/allocator-shootout-demo-1.0.0/musl-inst/lib/libc.a(__unmapself.lo)
                0x0002283c                __unmapself
 .text          0x00022848       0x34 /home/abuild/rpmbuild/BUILD/allocator-shootout-demo-1.0.0/musl-inst/lib/libc.a(clone.lo)
                0x00022848                __clone
 .text          0x0002287c        0x0 /home/abuild/rpmbuild/BUILD/allocator-shootout-demo-1.0.0/musl-inst/lib/libc.a(default_attr.lo)
 .text          0x0002287c        0x0 /home/abuild/rpmbuild/BUILD/allocator-shootout-demo-1.0.0/musl-inst/lib/libc.a(__map_file.lo)
 .text.__map_file
                0x0002287c       0x64 /home/abuild/rpmbuild/BUILD/allocator-shootout-demo-1.0.0/musl-inst/lib/libc.a(__map_file.lo)
                0x0002287c                __map_file
 .text          0x000228e0        0x0 /home/abuild/rpmbuild/BUILD/allocator-shootout-demo-1.0.0/musl-inst/lib/libc.a(__secs_to_tm.lo)
 .text.__secs_to_tm
                0x000228e0      0x228 /home/abuild/rpmbuild/BUILD/allocator-shootout-demo-1.0.0/musl-inst/lib/libc.a(__secs_to_tm.lo)
                0x000228e0                __secs_to_tm
 .text          0x00022b08        0x0 /home/abuild/rpmbuild/BUILD/allocator-shootout-demo-1.0.0/musl-inst/lib/libc.a(__tm_to_secs.lo)
 .text.__tm_to_secs
                0x00022b08       0x84 /home/abuild/rpmbuild/BUILD/allocator-shootout-demo-1.0.0/musl-inst/lib/libc.a(__tm_to_secs.lo)
                0x00022b08                __tm_to_secs
 .text          0x00022b8c        0x0 /home/abuild/rpmbuild/BUILD/allocator-shootout-demo-1.0.0/musl-inst/lib/libc.a(__tz.lo)
 .text.__secs_to_zone
                0x00022b8c      0x384 /home/abuild/rpmbuild/BUILD/allocator-shootout-demo-1.0.0/musl-inst/lib/libc.a(__tz.lo)
                0x00022b8c                __secs_to_zone
 .text.rule_to_secs
                0x00022f10       0xdc /home/abuild/rpmbuild/BUILD/allocator-shootout-demo-1.0.0/musl-inst/lib/libc.a(__tz.lo)
 .text.__tzset  0x00022fec       0x20 /home/abuild/rpmbuild/BUILD/allocator-shootout-demo-1.0.0/musl-inst/lib/libc.a(__tz.lo)
                0x00022fec                tzset
 .text.__tm_to_tzname
                0x0002300c       0x7c /home/abuild/rpmbuild/BUILD/allocator-shootout-demo-1.0.0/musl-inst/lib/libc.a(__tz.lo)
                0x0002300c                __tm_to_tzname
 .text.do_tzset
                0x00023088      0x524 /home/abuild/rpmbuild/BUILD/allocator-shootout-demo-1.0.0/musl-inst/lib/libc.a(__tz.lo)
 .text.getname  0x000235ac       0x7a /home/abuild/rpmbuild/BUILD/allocator-shootout-demo-1.0.0/musl-inst/lib/libc.a(__tz.lo)
 .text.getoff   0x00023626       0xc4 /home/abuild/rpmbuild/BUILD/allocator-shootout-demo-1.0.0/musl-inst/lib/libc.a(__tz.lo)
 .text.getrule  0x000236ea       0xf0 /home/abuild/rpmbuild/BUILD/allocator-shootout-demo-1.0.0/musl-inst/lib/libc.a(__tz.lo)
 *fill*         0x000237da        0x2 
 .text          0x000237dc        0x0 /home/abuild/rpmbuild/BUILD/allocator-shootout-demo-1.0.0/musl-inst/lib/libc.a(__year_to_secs.lo)
 .text.__year_to_secs
                0x000237dc      0x10e /home/abuild/rpmbuild/BUILD/allocator-shootout-demo-1.0.0/musl-inst/lib/libc.a(__year_to_secs.lo)
                0x000237dc                __year_to_secs
 *fill*         0x000238ea        0x2 
 .text          0x000238ec        0x0 /home/abuild/rpmbuild/BUILD/allocator-shootout-demo-1.0.0/musl-inst/lib/libc.a(getenv.lo)
 .text.getenv   0x000238ec       0x50 /home/abuild/rpmbuild/BUILD/allocator-shootout-demo-1.0.0/musl-inst/lib/libc.a(getenv.lo)
                0x000238ec                getenv
 .text          0x0002393c        0x0 /home/abuild/rpmbuild/BUILD/allocator-shootout-demo-1.0.0/musl-inst/lib/libc.a(__mo_lookup.lo)
 .text.__mo_lookup
                0x0002393c       0xe2 /home/abuild/rpmbuild/BUILD/allocator-shootout-demo-1.0.0/musl-inst/lib/libc.a(__mo_lookup.lo)
                0x0002393c                __mo_lookup
 *fill*         0x00023a1e        0x2 
 .text          0x00023a20        0x0 /home/abuild/rpmbuild/BUILD/allocator-shootout-demo-1.0.0/musl-inst/lib/libc.a(frexp.lo)
 .text.frexp    0x00023a20       0x68 /home/abuild/rpmbuild/BUILD/allocator-shootout-demo-1.0.0/musl-inst/lib/libc.a(frexp.lo)
                0x00023a20                frexp
 .text          0x00023a88        0x0 /home/abuild/rpmbuild/BUILD/allocator-shootout-demo-1.0.0/musl-inst/lib/libc.a(mbsrtowcs.lo)
 .text.mbsrtowcs
                0x00023a88      0x228 /home/abuild/rpmbuild/BUILD/allocator-shootout-demo-1.0.0/musl-inst/lib/libc.a(mbsrtowcs.lo)
                0x00023a88                mbsrtowcs
 .text          0x00023cb0        0x0 /home/abuild/rpmbuild/BUILD/allocator-shootout-demo-1.0.0/musl-inst/lib/libc.a(fstat.lo)
 .text.__fstat  0x00023cb0       0x20 /home/abuild/rpmbuild/BUILD/allocator-shootout-demo-1.0.0/musl-inst/lib/libc.a(fstat.lo)
                0x00023cb0                __fstat_time64
                0x00023cb0                __fstat
 .text          0x00023cd0        0x0 /home/abuild/rpmbuild/BUILD/allocator-shootout-demo-1.0.0/musl-inst/lib/libc.a(fstatat.lo)
 .text.__fstatat
                0x00023cd0      0x2dc /home/abuild/rpmbuild/BUILD/allocator-shootout-demo-1.0.0/musl-inst/lib/libc.a(fstatat.lo)
                0x00023cd0                __fstatat
                0x00023cd0                __fstatat_time64
 .text          0x00023fac        0x0 /home/abuild/rpmbuild/BUILD/allocator-shootout-demo-1.0.0/musl-inst/lib/libc.a(__stdio_exit.lo)
 .text.__stdio_exit
                0x00023fac       0x44 /home/abuild/rpmbuild/BUILD/allocator-shootout-demo-1.0.0/musl-inst/lib/libc.a(__stdio_exit.lo)
                0x00023fac                __stdio_exit
                0x00023fac                __stdio_exit_needed
 .text.close_file
                0x00023ff0       0x42 /home/abuild/rpmbuild/BUILD/allocator-shootout-demo-1.0.0/musl-inst/lib/libc.a(__stdio_exit.lo)
 *fill*         0x00024032        0x2 
 .text          0x00024034        0x0 /home/abuild/rpmbuild/BUILD/allocator-shootout-demo-1.0.0/musl-inst/lib/libc.a(__toread.lo)
 .text.__toread
                0x00024034       0x48 /home/abuild/rpmbuild/BUILD/allocator-shootout-demo-1.0.0/musl-inst/lib/libc.a(__toread.lo)
                0x00024034                __toread
 .text.__toread_needs_stdio_exit
                0x0002407c        0x4 /home/abuild/rpmbuild/BUILD/allocator-shootout-demo-1.0.0/musl-inst/lib/libc.a(__toread.lo)
                0x0002407c                __toread_needs_stdio_exit
 .text          0x00024080        0x0 /home/abuild/rpmbuild/BUILD/allocator-shootout-demo-1.0.0/musl-inst/lib/libc.a(__month_to_secs.lo)
 .text.__month_to_secs
                0x00024080       0x24 /home/abuild/rpmbuild/BUILD/allocator-shootout-demo-1.0.0/musl-inst/lib/libc.a(__month_to_secs.lo)
                0x00024080                __month_to_secs
 .text          0x000240a4        0x0 /home/abuild/rpmbuild/BUILD/allocator-shootout-demo-1.0.0/musl-inst/lib/libc.a(procfdname.lo)
 .text.__procfdname
                0x000240a4       0x60 /home/abuild/rpmbuild/BUILD/allocator-shootout-demo-1.0.0/musl-inst/lib/libc.a(procfdname.lo)
                0x000240a4                __procfdname
 *fill*         0x00024104        0x4 
 .text          0x00024108      0x2b0 /usr/lib/gcc/armv7l-tizen-linux-gnueabi/14.2.0/libgcc.a(_divsi3.o)
                0x00024108                __aeabi_idiv
                0x00024108                __divsi3
                0x0002439c                __aeabi_idivmod
 .text          0x000243b8       0xa0 /usr/lib/gcc/armv7l-tizen-linux-gnueabi/14.2.0/libgcc.a(_aeabi_ldivmod.o)
                0x000243b8                __aeabi_ldivmod
 .text          0x00024458       0x30 /usr/lib/gcc/armv7l-tizen-linux-gnueabi/14.2.0/libgcc.a(_aeabi_uldivmod.o)
                0x00024458                __aeabi_uldivmod
 .text          0x00024488      0x100 /usr/lib/gcc/armv7l-tizen-linux-gnueabi/14.2.0/libgcc.a(_udivmoddi4.o)
                0x00024488                __udivmoddi4
 *(.gnu.warning)
 *(.glue_7t)
 .glue_7t       0x00024588        0x0 linker stubs
 *(.glue_7)
 .glue_7        0x00024588        0x0 linker stubs
 *(.vfp11_veneer)
 .vfp11_veneer  0x00024588        0x0 linker stubs
 *(.v4_bx)
 .v4_bx         0x00024588        0x0 linker stubs

.fini           0x00024588        0x8
 *(SORT_NONE(.fini))
 .fini          0x00024588        0x2 /home/abuild/rpmbuild/BUILD/allocator-shootout-demo-1.0.0/musl-inst/lib/../lib/crti.o
                0x00024588                _fini
 .fini          0x0002458a        0x6 /home/abuild/rpmbuild/BUILD/allocator-shootout-demo-1.0.0/musl-inst/lib/../lib/crtn.o
                [!provide]                        PROVIDE (__etext = .)
                [!provide]                        PROVIDE (_etext = .)
                [!provide]                        PROVIDE (etext = .)

.rodata         0x00024590    0x23a14
 *(.rodata .rodata.* .gnu.linkonce.r.*)
 .rodata.str1.1
                0x00024590      0x555 /tmp/micro-fe2092.o
                                0x355 (size before relaxing)
 *fill*         0x00024ae5        0x3 
 .rodata        0x00024ae8       0x34 /tmp/micro-fe2092.o
 .rodata.str1.1
                0x00024b1c       0x1e /home/abuild/rpmbuild/BUILD/allocator-shootout-demo-1.0.0/rpmalloc.o
 .rodata.sysconf.values
                0x00024b1c      0x1f6 /home/abuild/rpmbuild/BUILD/allocator-shootout-demo-1.0.0/musl-inst/lib/libc.a(sysconf.lo)
 .rodata.str1.1
                0x00024d12        0xb /home/abuild/rpmbuild/BUILD/allocator-shootout-demo-1.0.0/musl-inst/lib/libc.a(__libc_start_main.lo)
 *fill*         0x00024d12        0x6 
 .rodata..L__const.__init_libc.pfd
                0x00024d18       0x18 /home/abuild/rpmbuild/BUILD/allocator-shootout-demo-1.0.0/musl-inst/lib/libc.a(__libc_start_main.lo)
 .rodata.errmsgstr
                0x00024d30      0x77a /home/abuild/rpmbuild/BUILD/allocator-shootout-demo-1.0.0/musl-inst/lib/libc.a(strerror.lo)
 .rodata.errmsgidx
                0x000254aa      0x108 /home/abuild/rpmbuild/BUILD/allocator-shootout-demo-1.0.0/musl-inst/lib/libc.a(strerror.lo)
 .rodata.charmaps
                0x000255b2     0x131a /home/abuild/rpmbuild/BUILD/allocator-shootout-demo-1.0.0/musl-inst/lib/libc.a(iconv.lo)
 .rodata.gb18030
                0x000268cc     0xbb08 /home/abuild/rpmbuild/BUILD/allocator-shootout-demo-1.0.0/musl-inst/lib/libc.a(iconv.lo)
 .rodata.hkscs  0x000323d4     0x2868 /home/abuild/rpmbuild/BUILD/allocator-shootout-demo-1.0.0/musl-inst/lib/libc.a(iconv.lo)
 .rodata.str1.1
                0x00034c3c       0x16 /home/abuild/rpmbuild/BUILD/allocator-shootout-demo-1.0.0/musl-inst/lib/libc.a(iconv.lo)
 .rodata.jis0208
                0x00034c3c     0x3db0 /home/abuild/rpmbuild/BUILD/allocator-shootout-demo-1.0.0/musl-inst/lib/libc.a(iconv.lo)
 .rodata.big5   0x000389ec     0x6d2a /home/abuild/rpmbuild/BUILD/allocator-shootout-demo-1.0.0/musl-inst/lib/libc.a(iconv.lo)
 .rodata.ksc    0x0003f716     0x444c /home/abuild/rpmbuild/BUILD/allocator-shootout-demo-1.0.0/musl-inst/lib/libc.a(iconv.lo)
 .rodata.legacy_chars
                0x00043b62      0x4c8 /home/abuild/rpmbuild/BUILD/allocator-shootout-demo-1.0.0/musl-inst/lib/libc.a(iconv.lo)
 .rodata.rev_jis
                0x0004402a     0x35be /home/abuild/rpmbuild/BUILD/allocator-shootout-demo-1.0.0/musl-inst/lib/libc.a(iconv.lo)
 .rodata.str1.1
                0x000475e8        0xf /home/abuild/rpmbuild/BUILD/allocator-shootout-demo-1.0.0/musl-inst/lib/libc.a(langinfo.lo)
 .rodata.c_numeric
                0x000475e8        0x3 /home/abuild/rpmbuild/BUILD/allocator-shootout-demo-1.0.0/musl-inst/lib/libc.a(langinfo.lo)
 .rodata.c_time
                0x000475eb      0x13c /home/abuild/rpmbuild/BUILD/allocator-shootout-demo-1.0.0/musl-inst/lib/libc.a(langinfo.lo)
 .rodata.c_messages
                0x00047727       0x13 /home/abuild/rpmbuild/BUILD/allocator-shootout-demo-1.0.0/musl-inst/lib/libc.a(langinfo.lo)
 *fill*         0x0004773a        0x6 
 .rodata..L__const.setlocale.part
                0x00047740       0x18 /home/abuild/rpmbuild/BUILD/allocator-shootout-demo-1.0.0/musl-inst/lib/libc.a(setlocale.lo)
 .rodata.str1.1
                0x00047758        0x2 /home/abuild/rpmbuild/BUILD/allocator-shootout-demo-1.0.0/musl-inst/lib/libc.a(setlocale.lo)
 .rodata.msgs   0x00047758       0xfc /home/abuild/rpmbuild/BUILD/allocator-shootout-demo-1.0.0/musl-inst/lib/libc.a(gai_strerror.lo)
 .rodata.getaddrinfo.lo4
                0x00047854       0x10 /home/abuild/rpmbuild/BUILD/allocator-shootout-demo-1.0.0/musl-inst/lib/libc.a(getaddrinfo.lo)
 .rodata.getaddrinfo.lo6
                0x00047864       0x1c /home/abuild/rpmbuild/BUILD/allocator-shootout-demo-1.0.0/musl-inst/lib/libc.a(getaddrinfo.lo)
 .rodata.cst8   0x00047880       0x10 /home/abuild/rpmbuild/BUILD/allocator-shootout-demo-1.0.0/musl-inst/lib/libc.a(getaddrinfo.lo)
 .rodata..L.str
                0x00047890        0xd /home/abuild/rpmbuild/BUILD/allocator-shootout-demo-1.0.0/musl-inst/lib/libc.a(getnameinfo.lo)
 .rodata.str1.1
                0x0004789d       0x56 /home/abuild/rpmbuild/BUILD/allocator-shootout-demo-1.0.0/musl-inst/lib/libc.a(getnameinfo.lo)
 .rodata.str1.1
                0x0004789d       0x45 /home/abuild/rpmbuild/BUILD/allocator-shootout-demo-1.0.0/musl-inst/lib/libc.a(inet_ntop.lo)
 .rodata..L.str.1
                0x0004789d        0xd /home/abuild/rpmbuild/BUILD/allocator-shootout-demo-1.0.0/musl-inst/lib/libc.a(inet_ntop.lo)
 .rodata..L.str
                0x000478aa        0xd /home/abuild/rpmbuild/BUILD/allocator-shootout-demo-1.0.0/musl-inst/lib/libc.a(lookup_name.lo)
 *fill*         0x000478b7        0x1 
 .rodata.cst16  0x000478b8       0x20 /home/abuild/rpmbuild/BUILD/allocator-shootout-demo-1.0.0/musl-inst/lib/libc.a(lookup_name.lo)
 .rodata.str1.1
                0x000478d8        0xb /home/abuild/rpmbuild/BUILD/allocator-shootout-demo-1.0.0/musl-inst/lib/libc.a(lookup_name.lo)