Archive member included to satisfy reference by file (symbol)

/home/abuild/rpmbuild/BUILD/allocator-shootout-demo-1.0.0/libscudo_standalone.a(wrappers_c.o)
                              /tmp/micro-045f8b.o (calloc)
/home/abuild/rpmbuild/BUILD/allocator-shootout-demo-1.0.0/libscudo_standalone.a(checksum.o)
                              /home/abuild/rpmbuild/BUILD/allocator-shootout-demo-1.0.0/libscudo_standalone.a(wrappers_c.o) (scudo::hasHardwareCRC32())
/home/abuild/rpmbuild/BUILD/allocator-shootout-demo-1.0.0/libscudo_standalone.a(common.o)
                              /home/abuild/rpmbuild/BUILD/allocator-shootout-demo-1.0.0/libscudo_standalone.a(wrappers_c.o) (scudo::getPageSizeSlow())
/home/abuild/rpmbuild/BUILD/allocator-shootout-demo-1.0.0/libscudo_standalone.a(flags_parser.o)
                              /home/abuild/rpmbuild/BUILD/allocator-shootout-demo-1.0.0/libscudo_standalone.a(wrappers_c.o) (scudo::reportUnrecognizedFlags())
/home/abuild/rpmbuild/BUILD/allocator-shootout-demo-1.0.0/libscudo_standalone.a(flags.o)
                              /home/abuild/rpmbuild/BUILD/allocator-shootout-demo-1.0.0/libscudo_standalone.a(wrappers_c.o) (scudo::getFlags())
/home/abuild/rpmbuild/BUILD/allocator-shootout-demo-1.0.0/libscudo_standalone.a(linux.o)
                              /home/abuild/rpmbuild/BUILD/allocator-shootout-demo-1.0.0/libscudo_standalone.a(common.o) (scudo::getPageSize())
/home/abuild/rpmbuild/BUILD/allocator-shootout-demo-1.0.0/libscudo_standalone.a(mem_map_linux.o)
                              /home/abuild/rpmbuild/BUILD/allocator-shootout-demo-1.0.0/libscudo_standalone.a(wrappers_c.o) (scudo::MemMapLinux::mapImpl(unsigned int, unsigned int, char const*, unsigned int))
/home/abuild/rpmbuild/BUILD/allocator-shootout-demo-1.0.0/libscudo_standalone.a(release.o)
                              /home/abuild/rpmbuild/BUILD/allocator-shootout-demo-1.0.0/libscudo_standalone.a(wrappers_c.o) (scudo::RegionPageMap::Buffers)
/home/abuild/rpmbuild/BUILD/allocator-shootout-demo-1.0.0/libscudo_standalone.a(report.o)
                              /home/abuild/rpmbuild/BUILD/allocator-shootout-demo-1.0.0/libscudo_standalone.a(wrappers_c.o) (scudo::reportCheckFailed(char const*, int, char const*, unsigned long long, unsigned long long))
/home/abuild/rpmbuild/BUILD/allocator-shootout-demo-1.0.0/libscudo_standalone.a(report_linux.o)
                              /home/abuild/rpmbuild/BUILD/allocator-shootout-demo-1.0.0/libscudo_standalone.a(linux.o) (scudo::reportMapError(unsigned int))
/home/abuild/rpmbuild/BUILD/allocator-shootout-demo-1.0.0/libscudo_standalone.a(string_utils.o)
                              /home/abuild/rpmbuild/BUILD/allocator-shootout-demo-1.0.0/libscudo_standalone.a(report.o) (scudo::ScopedString::vappend(char const*, std::__va_list&))
/usr/bin/../lib/gcc/armv7l-tizen-linux-gnueabi/14.2.0/libgcc.a(_udivsi3.o)
                              /home/abuild/rpmbuild/BUILD/allocator-shootout-demo-1.0.0/libscudo_standalone.a(wrappers_c.o) (__aeabi_uidiv)
/usr/bin/../lib/gcc/armv7l-tizen-linux-gnueabi/14.2.0/libgcc.a(_arm_addsubdf3.o)
                              /tmp/micro-045f8b.o (__aeabi_ul2d)
/usr/bin/../lib/gcc/armv7l-tizen-linux-gnueabi/14.2.0/libgcc.a(_aeabi_uldivmod.o)
                              /home/abuild/rpmbuild/BUILD/allocator-shootout-demo-1.0.0/libscudo_standalone.a(string_utils.o) (__aeabi_uldivmod)
/usr/bin/../lib/gcc/armv7l-tizen-linux-gnueabi/14.2.0/libgcc.a(_dvmd_lnx.o)
                              /usr/bin/../lib/gcc/armv7l-tizen-linux-gnueabi/14.2.0/libgcc.a(_aeabi_uldivmod.o) (__aeabi_ldiv0)
/usr/bin/../lib/gcc/armv7l-tizen-linux-gnueabi/14.2.0/libgcc.a(_udivmoddi4.o)
                              /usr/bin/../lib/gcc/armv7l-tizen-linux-gnueabi/14.2.0/libgcc.a(_aeabi_uldivmod.o) (__udivmoddi4)
/usr/bin/../lib/gcc/armv7l-tizen-linux-gnueabi/14.2.0/libgcc_eh.a(unwind-arm.o)
                              /home/abuild/rpmbuild/BUILD/allocator-shootout-demo-1.0.0/musl-inst/lib/../lib/crt1.o (__aeabi_unwind_cpp_pr0)
/usr/bin/../lib/gcc/armv7l-tizen-linux-gnueabi/14.2.0/libgcc_eh.a(libunwind.o)
                              /usr/bin/../lib/gcc/armv7l-tizen-linux-gnueabi/14.2.0/libgcc_eh.a(unwind-arm.o) (restore_core_regs)
/usr/bin/../lib/gcc/armv7l-tizen-linux-gnueabi/14.2.0/libgcc_eh.a(pr-support.o)
                              /usr/bin/../lib/gcc/armv7l-tizen-linux-gnueabi/14.2.0/libgcc_eh.a(unwind-arm.o) (__gnu_unwind_execute)
/home/abuild/rpmbuild/BUILD/allocator-shootout-demo-1.0.0/musl-inst/lib/libc.a(sysconf.lo)
                              /home/abuild/rpmbuild/BUILD/allocator-shootout-demo-1.0.0/libscudo_standalone.a(linux.o) (sysconf)
/home/abuild/rpmbuild/BUILD/allocator-shootout-demo-1.0.0/musl-inst/lib/libc.a(__libc_start_main.lo)
                              /home/abuild/rpmbuild/BUILD/allocator-shootout-demo-1.0.0/musl-inst/lib/../lib/crt1.o (__libc_start_main)
[...]
Memory Configuration

Name             Origin             Length             Attributes
*default*        0x00000000         0xffffffff

Linker script and memory map

LOAD /home/abuild/rpmbuild/BUILD/allocator-shootout-demo-1.0.0/musl-inst/lib/../lib/crt1.o
LOAD /home/abuild/rpmbuild/BUILD/allocator-shootout-demo-1.0.0/musl-inst/lib/../lib/crti.o
LOAD /usr/bin/../lib/gcc/armv7l-tizen-linux-gnueabi/14.2.0/crtbeginT.o
LOAD /tmp/micro-045f8b.o
LOAD /home/abuild/rpmbuild/BUILD/allocator-shootout-demo-1.0.0/libscudo_standalone.a
START GROUP
LOAD /usr/bin/../lib/gcc/armv7l-tizen-linux-gnueabi/14.2.0/libgcc.a
LOAD /usr/bin/../lib/gcc/armv7l-tizen-linux-gnueabi/14.2.0/libgcc_eh.a
END GROUP
LOAD /usr/bin/../lib/gcc/armv7l-tizen-linux-gnueabi/14.2.0/crtend.o
LOAD /home/abuild/rpmbuild/BUILD/allocator-shootout-demo-1.0.0/musl-inst/lib/../lib/crtn.o
START GROUP
LOAD /home/abuild/rpmbuild/BUILD/allocator-shootout-demo-1.0.0/musl-inst/lib/libc.a
LOAD /usr/lib/gcc/armv7l-tizen-linux-gnueabi/14.2.0/libgcc.a
LOAD /usr/lib/gcc/armv7l-tizen-linux-gnueabi/14.2.0/libgcc_eh.a
END GROUP
                [!provide]                        PROVIDE (__executable_start = SEGMENT_START ("text-segment", 0x10000))
                0x000100d4                        . = (SEGMENT_START ("text-segment", 0x10000) + SIZEOF_HEADERS)

.interp
 *(.interp)

.note.gnu.build-id
 *(.note.gnu.build-id)

.hash
 *(.hash)

.gnu.hash
 *(.gnu.hash)

.dynsym
 *(.dynsym)

.dynstr
 *(.dynstr)

.gnu.version
 *(.gnu.version)

.gnu.version_d
 *(.gnu.version_d)

.gnu.version_r
 *(.gnu.version_r)

.rel.dyn        0x000100d4        0x0
 *(.rel.init)
 *(.rel.text .rel.text.* .rel.gnu.linkonce.t.*)
 *(.rel.fini)
 *(.rel.rodata .rel.rodata.* .rel.gnu.linkonce.r.*)
 *(.rel.data.rel.ro .rel.data.rel.ro.* .rel.gnu.linkonce.d.rel.ro.*)
 *(.rel.data .rel.data.* .rel.gnu.linkonce.d.*)
 *(.rel.tdata .rel.tdata.* .rel.gnu.linkonce.td.*)
 *(.rel.tbss .rel.tbss.* .rel.gnu.linkonce.tb.*)
 *(.rel.ctors)
 *(.rel.dtors)
 *(.rel.got)
 .rel.got       0x000100d4        0x0 /home/abuild/rpmbuild/BUILD/allocator-shootout-demo-1.0.0/musl-inst/lib/../lib/crt1.o
 *(.rel.bss .rel.bss.* .rel.gnu.linkonce.b.*)
                [!provide]                        PROVIDE (__rel_iplt_start = .)
 *(.rel.iplt)
 .rel.iplt      0x000100d4        0x0 /home/abuild/rpmbuild/BUILD/allocator-shootout-demo-1.0.0/musl-inst/lib/../lib/crt1.o
                [!provide]                        PROVIDE (__rel_iplt_end = .)

.rela.dyn       0x000100d4        0x0
 *(.rela.init)
 *(.rela.text .rela.text.* .rela.gnu.linkonce.t.*)
 *(.rela.fini)
 *(.rela.rodata .rela.rodata.* .rela.gnu.linkonce.r.*)
 *(.rela.data .rela.data.* .rela.gnu.linkonce.d.*)
 *(.rela.tdata .rela.tdata.* .rela.gnu.linkonce.td.*)
 *(.rela.tbss .rela.tbss.* .rela.gnu.linkonce.tb.*)
 *(.rela.ctors)
 *(.rela.dtors)
 *(.rela.got)
 *(.rela.bss .rela.bss.* .rela.gnu.linkonce.b.*)
                [!provide]                        PROVIDE (__rela_iplt_start = .)
 *(.rela.iplt)
                [!provide]                        PROVIDE (__rela_iplt_end = .)

.rel.plt
 *(.rel.plt)

.rela.plt
 *(.rela.plt)

.init           0x000100d4        0x8
 *(SORT_NONE(.init))
 .init          0x000100d4        0x2 /home/abuild/rpmbuild/BUILD/allocator-shootout-demo-1.0.0/musl-inst/lib/../lib/crti.o
                0x000100d4                _init
 .init          0x000100d6        0x6 /home/abuild/rpmbuild/BUILD/allocator-shootout-demo-1.0.0/musl-inst/lib/../lib/crtn.o

.plt
 *(.plt)

.iplt           0x000100dc        0x0
 *(.iplt)
 .iplt          0x000100dc        0x0 /home/abuild/rpmbuild/BUILD/allocator-shootout-demo-1.0.0/musl-inst/lib/../lib/crt1.o

.text           0x000100e0    0x163d8
 *(.text.unlikely .text.*_unlikely .text.unlikely.*)
 .text.unlikely._ZN5scudo3dieEv
                0x000100e0        0x4 /home/abuild/rpmbuild/BUILD/allocator-shootout-demo-1.0.0/libscudo_standalone.a(linux.o)
                0x000100e0                scudo::die()
 .text.unlikely
                0x000100e4        0xc /usr/bin/../lib/gcc/armv7l-tizen-linux-gnueabi/14.2.0/libgcc_eh.a(pr-support.o)
                0x000100e4                _Unwind_GetDataRelBase
                0x000100ea                _Unwind_GetTextRelBase
 *(.text.exit .text.exit.*)
 .text.exit     0x000100f0       0x16 /home/abuild/rpmbuild/BUILD/allocator-shootout-demo-1.0.0/musl-inst/lib/libc.a(exit.lo)
                0x000100f0                exit
 *(.text.startup .text.startup.*)
 *fill*         0x00010106        0x2 
 .text.startup  0x00010108       0x14 /home/abuild/rpmbuild/BUILD/allocator-shootout-demo-1.0.0/libscudo_standalone.a(release.o)
 *(.text.hot .text.hot.*)
 *(SORT_BY_NAME(.text.sorted.*))
 *(.text .stub .text.* .gnu.linkonce.t.*)
 .text          0x0001011c       0x1c /home/abuild/rpmbuild/BUILD/allocator-shootout-demo-1.0.0/musl-inst/lib/../lib/crt1.o
                0x0001011c                _start
 .text._start_c
                0x00010138       0x38 /home/abuild/rpmbuild/BUILD/allocator-shootout-demo-1.0.0/musl-inst/lib/../lib/crt1.o
                0x00010138                _start_c
 .text          0x00010170        0x0 /home/abuild/rpmbuild/BUILD/allocator-shootout-demo-1.0.0/musl-inst/lib/../lib/crti.o
 .text          0x00010170       0xa8 /usr/bin/../lib/gcc/armv7l-tizen-linux-gnueabi/14.2.0/crtbeginT.o
 .text          0x00010218      0x968 /tmp/micro-045f8b.o
                0x00010218                main
 .text          0x00010b80        0x0 /home/abuild/rpmbuild/BUILD/allocator-shootout-demo-1.0.0/libscudo_standalone.a(wrappers_c.o)
 .text.malloc_postinit
                0x00010b80       0x18 /home/abuild/rpmbuild/BUILD/allocator-shootout-demo-1.0.0/libscudo_standalone.a(wrappers_c.o)
                0x00010b80                malloc_postinit
 .text.calloc   0x00010b98       0x4c /home/abuild/rpmbuild/BUILD/allocator-shootout-demo-1.0.0/libscudo_standalone.a(wrappers_c.o)
                0x00010b98                calloc
 .text._ZN5scudo9AllocatorINS_13DefaultConfigEXadL_Z15malloc_postinitEEE13canReturnNullEv
                0x00010be4       0x34 /home/abuild/rpmbuild/BUILD/allocator-shootout-demo-1.0.0/libscudo_standalone.a(wrappers_c.o)
                0x00010be4                scudo::Allocator<scudo::DefaultConfig, &malloc_postinit>::canReturnNull()
 .text._ZN5scudo9AllocatorINS_13DefaultConfigEXadL_Z15malloc_postinitEEE8allocateEjNS_5Chunk6OriginEjb
                0x00010c18      0x394 /home/abuild/rpmbuild/BUILD/allocator-shootout-demo-1.0.0/libscudo_standalone.a(wrappers_c.o)
                0x00010c18                scudo::Allocator<scudo::DefaultConfig, &malloc_postinit>::allocate(unsigned int, scudo::Chunk::Origin, unsigned int, bool)
 .text.free     0x00010fac       0x20 /home/abuild/rpmbuild/BUILD/allocator-shootout-demo-1.0.0/libscudo_standalone.a(wrappers_c.o)
                0x00010fac                free
 .text._ZN5scudo9AllocatorINS_13DefaultConfigEXadL_Z15malloc_postinitEEE10deallocateEPvNS_5Chunk6OriginEjj
                0x00010fcc       0xcc /home/abuild/rpmbuild/BUILD/allocator-shootout-demo-1.0.0/libscudo_standalone.a(wrappers_c.o)
                0x00010fcc                scudo::Allocator<scudo::DefaultConfig, &malloc_postinit>::deallocate(void*, scudo::Chunk::Origin, unsigned int, unsigned int)
 .text.mallinfo
                0x00011098       0x90 /home/abuild/rpmbuild/BUILD/allocator-shootout-demo-1.0.0/libscudo_standalone.a(wrappers_c.o)
                0x00011098                mallinfo
 .text.mallinfo2
                0x00011128       0x90 /home/abuild/rpmbuild/BUILD/allocator-shootout-demo-1.0.0/libscudo_standalone.a(wrappers_c.o)
                0x00011128                mallinfo2
 .text.malloc   0x000111b8       0x30 /home/abuild/rpmbuild/BUILD/allocator-shootout-demo-1.0.0/libscudo_standalone.a(wrappers_c.o)
                0x000111b8                malloc
 .text.malloc_usable_size
                0x000111e8       0x7c /home/abuild/rpmbuild/BUILD/allocator-shootout-demo-1.0.0/libscudo_standalone.a(wrappers_c.o)
                0x000111e8                malloc_usable_size
 .text.memalign
                0x00011264       0x4c /home/abuild/rpmbuild/BUILD/allocator-shootout-demo-1.0.0/libscudo_standalone.a(wrappers_c.o)
                0x00011264                memalign
 .text.posix_memalign
                0x000112b0       0x58 /home/abuild/rpmbuild/BUILD/allocator-shootout-demo-1.0.0/libscudo_standalone.a(wrappers_c.o)
                0x000112b0                posix_memalign
 .text.pvalloc  0x00011308       0x70 /home/abuild/rpmbuild/BUILD/allocator-shootout-demo-1.0.0/libscudo_standalone.a(wrappers_c.o)
                0x00011308                pvalloc
 .text._ZN5scudo17getPageSizeCachedEv
                0x00011378       0x18 /home/abuild/rpmbuild/BUILD/allocator-shootout-demo-1.0.0/libscudo_standalone.a(wrappers_c.o)
                0x00011378                scudo::getPageSizeCached()
 .text.realloc  0x00011390       0xac /home/abuild/rpmbuild/BUILD/allocator-shootout-demo-1.0.0/libscudo_standalone.a(wrappers_c.o)
                0x00011390                realloc
 .text._ZN5scudo9AllocatorINS_13DefaultConfigEXadL_Z15malloc_postinitEEE10reallocateEPvjj
                0x0001143c      0x294 /home/abuild/rpmbuild/BUILD/allocator-shootout-demo-1.0.0/libscudo_standalone.a(wrappers_c.o)
                0x0001143c                scudo::Allocator<scudo::DefaultConfig, &malloc_postinit>::reallocate(void*, unsigned int, unsigned int)
 .text.valloc   0x000116d0       0x48 /home/abuild/rpmbuild/BUILD/allocator-shootout-demo-1.0.0/libscudo_standalone.a(wrappers_c.o)
                0x000116d0                valloc
 .text.malloc_iterate
                0x00011718       0xc4 /home/abuild/rpmbuild/BUILD/allocator-shootout-demo-1.0.0/libscudo_standalone.a(wrappers_c.o)
                0x00011718                malloc_iterate
 .text.malloc_enable
                0x000117dc        0xc /home/abuild/rpmbuild/BUILD/allocator-shootout-demo-1.0.0/libscudo_standalone.a(wrappers_c.o)
                0x000117dc                malloc_enable
 .text._ZN5scudo9AllocatorINS_13DefaultConfigEXadL_Z15malloc_postinitEEE6enableEv
                0x000117e8       0xc0 /home/abuild/rpmbuild/BUILD/allocator-shootout-demo-1.0.0/libscudo_standalone.a(wrappers_c.o)
                0x000117e8                scudo::Allocator<scudo::DefaultConfig, &malloc_postinit>::enable()
 .text.malloc_disable
                0x000118a8        0xc /home/abuild/rpmbuild/BUILD/allocator-shootout-demo-1.0.0/libscudo_standalone.a(wrappers_c.o)
                0x000118a8                malloc_disable
 .text._ZN5scudo9AllocatorINS_13DefaultConfigEXadL_Z15malloc_postinitEEE7disableEv
                0x000118b4       0xcc /home/abuild/rpmbuild/BUILD/allocator-shootout-demo-1.0.0/libscudo_standalone.a(wrappers_c.o)
                0x000118b4                scudo::Allocator<scudo::DefaultConfig, &malloc_postinit>::disable()
 .text.mallopt  0x00011980      0x17c /home/abuild/rpmbuild/BUILD/allocator-shootout-demo-1.0.0/libscudo_standalone.a(wrappers_c.o)
                0x00011980                mallopt
 .text._ZN5scudo9AllocatorINS_13DefaultConfigEXadL_Z15malloc_postinitEEE11releaseToOSENS_11ReleaseToOSE
                0x00011afc       0xb8 /home/abuild/rpmbuild/BUILD/allocator-shootout-demo-1.0.0/libscudo_standalone.a(wrappers_c.o)
                0x00011afc                scudo::Allocator<scudo::DefaultConfig, &malloc_postinit>::releaseToOS(scudo::ReleaseToOS)
 .text._ZN5scudo9AllocatorINS_13DefaultConfigEXadL_Z15malloc_postinitEEE10printStatsEv
                0x00011bb4       0xa0 /home/abuild/rpmbuild/BUILD/allocator-shootout-demo-1.0.0/libscudo_standalone.a(wrappers_c.o)
                0x00011bb4                scudo::Allocator<scudo::DefaultConfig, &malloc_postinit>::printStats()
 .text._ZN5scudo9AllocatorINS_13DefaultConfigEXadL_Z15malloc_postinitEEE22printFragmentationInfoEv
                0x00011c54       0xc8 /home/abuild/rpmbuild/BUILD/allocator-shootout-demo-1.0.0/libscudo_standalone.a(wrappers_c.o)
                0x00011c54                scudo::Allocator<scudo::DefaultConfig, &malloc_postinit>::printFragmentationInfo()
 .text.aligned_alloc
                0x00011d1c       0x58 /home/abuild/rpmbuild/BUILD/allocator-shootout-demo-1.0.0/libscudo_standalone.a(wrappers_c.o)
                0x00011d1c                aligned_alloc
 .text.malloc_info
                0x00011d74       0xdc /home/abuild/rpmbuild/BUILD/allocator-shootout-demo-1.0.0/libscudo_standalone.a(wrappers_c.o)
                0x00011d74                malloc_info
 .text.malloc_disable_memory_tagging
                0x00011e50       0x1c /home/abuild/rpmbuild/BUILD/allocator-shootout-demo-1.0.0/libscudo_standalone.a(wrappers_c.o)
                0x00011e50                malloc_disable_memory_tagging
 .text.malloc_set_track_allocation_stacks
                0x00011e6c       0x74 /home/abuild/rpmbuild/BUILD/allocator-shootout-demo-1.0.0/libscudo_standalone.a(wrappers_c.o)
                0x00011e6c                malloc_set_track_allocation_stacks
 .text.malloc_set_zero_contents
                0x00011ee0       0x74 /home/abuild/rpmbuild/BUILD/allocator-shootout-demo-1.0.0/libscudo_standalone.a(wrappers_c.o)
                0x00011ee0                malloc_set_zero_contents
 .text.malloc_set_pattern_fill_contents
                0x00011f54       0x74 /home/abuild/rpmbuild/BUILD/allocator-shootout-demo-1.0.0/libscudo_standalone.a(wrappers_c.o)
                0x00011f54                malloc_set_pattern_fill_contents
 .text.malloc_set_add_large_allocation_slack
                0x00011fc8       0x68 /home/abuild/rpmbuild/BUILD/allocator-shootout-demo-1.0.0/libscudo_standalone.a(wrappers_c.o)
                0x00011fc8                malloc_set_add_large_allocation_slack
 .text.__scudo_print_stats
                0x00012030        0xc /home/abuild/rpmbuild/BUILD/allocator-shootout-demo-1.0.0/libscudo_standalone.a(wrappers_c.o)
                0x00012030                __scudo_print_stats
 .text._ZZ11malloc_infoEN3$_08__invokeEjjPv
                0x0001203c       0x16 /home/abuild/rpmbuild/BUILD/allocator-shootout-demo-1.0.0/libscudo_standalone.a(wrappers_c.o)
 *fill*         0x00012052        0x2 
 .text._ZTWN5scudo14TSDRegistryExTINS_9AllocatorINS_13DefaultConfigEXadL_Z15malloc_postinitEEEEE5StateE
                0x00012054       0x10 /home/abuild/rpmbuild/BUILD/allocator-shootout-demo-1.0.0/libscudo_standalone.a(wrappers_c.o)
                0x00012054                TLS wrapper function for scudo::TSDRegistryExT<scudo::Allocator<scudo::DefaultConfig, &malloc_postinit> >::State
 .text._ZN5scudo14TSDRegistryExTINS_9AllocatorINS_13DefaultConfigEXadL_Z15malloc_postinitEEEEE10initThreadEPS3_b
                0x00012064       0xd8 /home/abuild/rpmbuild/BUILD/allocator-shootout-demo-1.0.0/libscudo_standalone.a(wrappers_c.o)
                0x00012064                scudo::TSDRegistryExT<scudo::Allocator<scudo::DefaultConfig, &malloc_postinit> >::initThread(scudo::Allocator<scudo::DefaultConfig, &malloc_postinit>*, bool)
 .text._ZN5scudo14TSDRegistryExTINS_9AllocatorINS_13DefaultConfigEXadL_Z15malloc_postinitEEEEE4initEPS3_
                0x0001213c       0xb4 /home/abuild/rpmbuild/BUILD/allocator-shootout-demo-1.0.0/libscudo_standalone.a(wrappers_c.o)
                0x0001213c                scudo::TSDRegistryExT<scudo::Allocator<scudo::DefaultConfig, &malloc_postinit> >::init(scudo::Allocator<scudo::DefaultConfig, &malloc_postinit>*)
 .text._ZN5scudo9AllocatorINS_13DefaultConfigEXadL_Z15malloc_postinitEEE4initEv
                0x000121f0      0x258 /home/abuild/rpmbuild/BUILD/allocator-shootout-demo-1.0.0/libscudo_standalone.a(wrappers_c.o)
                0x000121f0                scudo::Allocator<scudo::DefaultConfig, &malloc_postinit>::init()
 .text._ZN5scudo14teardownThreadINS_9AllocatorINS_13DefaultConfigEXadL_Z15malloc_postinitEEEEEEvPv
                0x00012448       0x4c /home/abuild/rpmbuild/BUILD/allocator-shootout-demo-1.0.0/libscudo_standalone.a(wrappers_c.o)
                0x00012448                void scudo::teardownThread<scudo::Allocator<scudo::DefaultConfig, &malloc_postinit> >(void*)
 .text._ZN5scudo11HybridMutex4lockEv
                0x00012494       0x32 /home/abuild/rpmbuild/BUILD/allocator-shootout-demo-1.0.0/libscudo_standalone.a(wrappers_c.o)
                0x00012494                scudo::HybridMutex::lock()
 .text._ZN5scudo11HybridMutex9delayLoopEv
                0x000124c6       0x6a /home/abuild/rpmbuild/BUILD/allocator-shootout-demo-1.0.0/libscudo_standalone.a(wrappers_c.o)
                0x000124c6                scudo::HybridMutex::delayLoop()
 .text._ZN5scudo9AllocatorINS_13DefaultConfigEXadL_Z15malloc_postinitEEE19performSanityChecksEv
                0x00012530        0x2 /home/abuild/rpmbuild/BUILD/allocator-shootout-demo-1.0.0/libscudo_standalone.a(wrappers_c.o)
                0x00012530                scudo::Allocator<scudo::DefaultConfig, &malloc_postinit>::performSanityChecks()
 .text._ZN5scudo12MapAllocatorINS_15SecondaryConfigINS_13DefaultConfigEEEE4initEPNS_11GlobalStatsEi
                0x00012532      0x18a /home/abuild/rpmbuild/BUILD/allocator-shootout-demo-1.0.0/libscudo_standalone.a(wrappers_c.o)
                0x00012532                scudo::MapAllocator<scudo::SecondaryConfig<scudo::DefaultConfig> >::init(scudo::GlobalStats*, int)
 .text._ZN5scudo9AllocatorINS_13DefaultConfigEXadL_Z15malloc_postinitEEE10commitBackEPNS_3TSDIS2_EE
                0x000126bc       0x68 /home/abuild/rpmbuild/BUILD/allocator-shootout-demo-1.0.0/libscudo_standalone.a(wrappers_c.o)
                0x000126bc                scudo::Allocator<scudo::DefaultConfig, &malloc_postinit>::commitBack(scudo::TSD<scudo::Allocator<scudo::DefaultConfig, &malloc_postinit> >*)
 .text._ZN5scudo16GlobalQuarantineINS_9AllocatorINS_13DefaultConfigEXadL_Z15malloc_postinitEEE18QuarantineCallbackEvE5drainEPNS_15QuarantineCacheIS4_EES4_
                0x00012724       0x76 /home/abuild/rpmbuild/BUILD/allocator-shootout-demo-1.0.0/libscudo_standalone.a(wrappers_c.o)
                0x00012724                scudo::GlobalQuarantine<scudo::Allocator<scudo::DefaultConfig, &malloc_postinit>::QuarantineCallback, void>::drain(scudo::QuarantineCache<scudo::Allocator<scudo::DefaultConfig, &malloc_postinit>::QuarantineCallback>*, scudo::Allocator<scudo::DefaultConfig, &malloc_postinit>::QuarantineCallback)
 .text._ZN5scudo16GlobalQuarantineINS_9AllocatorINS_13DefaultConfigEXadL_Z15malloc_postinitEEE18QuarantineCallbackEvE7recycleEjS4_
                0x0001279a      0x1da /home/abuild/rpmbuild/BUILD/allocator-shootout-demo-1.0.0/libscudo_standalone.a(wrappers_c.o)
                0x0001279a                scudo::GlobalQuarantine<scudo::Allocator<scudo::DefaultConfig, &malloc_postinit>::QuarantineCallback, void>::recycle(unsigned int, scudo::Allocator<scudo::DefaultConfig, &malloc_postinit>::QuarantineCallback)
 .text._ZN5scudo16GlobalQuarantineINS_9AllocatorINS_13DefaultConfigEXadL_Z15malloc_postinitEEE18QuarantineCallbackEvE9doRecycleEPNS_15QuarantineCacheIS4_EES4_
                0x00012974       0xfe /home/abuild/rpmbuild/BUILD/allocator-shootout-demo-1.0.0/libscudo_standalone.a(wrappers_c.o)
                0x00012974                scudo::GlobalQuarantine<scudo::Allocator<scudo::DefaultConfig, &malloc_postinit>::QuarantineCallback, void>::doRecycle(scudo::QuarantineCache<scudo::Allocator<scudo::DefaultConfig, &malloc_postinit>::QuarantineCallback>*, scudo::Allocator<scudo::DefaultConfig, &malloc_postinit>::QuarantineCallback)
 *fill*         0x00012a72        0x2 
 .text._ZN5scudo9AllocatorINS_13DefaultConfigEXadL_Z15malloc_postinitEEE18QuarantineCallback7recycleEPv
                0x00012a74      0x174 /home/abuild/rpmbuild/BUILD/allocator-shootout-demo-1.0.0/libscudo_standalone.a(wrappers_c.o)
                0x00012a74                scudo::Allocator<scudo::DefaultConfig, &malloc_postinit>::QuarantineCallback::recycle(void*)
 .text._ZN5scudo9AllocatorINS_13DefaultConfigEXadL_Z15malloc_postinitEEE18QuarantineCallback10deallocateEPv
                0x00012be8      0x144 /home/abuild/rpmbuild/BUILD/allocator-shootout-demo-1.0.0/libscudo_standalone.a(wrappers_c.o)
                0x00012be8                scudo::Allocator<scudo::DefaultConfig, &malloc_postinit>::QuarantineCallback::deallocate(void*)
 .text._ZN5scudo5Chunk10loadHeaderEjPKvPNS0_14UnpackedHeaderE
                0x00012d2c       0xdc /home/abuild/rpmbuild/BUILD/allocator-shootout-demo-1.0.0/libscudo_standalone.a(wrappers_c.o)
                0x00012d2c                scudo::Chunk::loadHeader(unsigned int, void const*, scudo::Chunk::UnpackedHeader*)
 .text._ZN5scudo5Chunk11storeHeaderEjPvPNS0_14UnpackedHeaderE
                0x00012e08       0xd8 /home/abuild/rpmbuild/BUILD/allocator-shootout-demo-1.0.0/libscudo_standalone.a(wrappers_c.o)
                0x00012e08                scudo::Chunk::storeHeader(unsigned int, void*, scudo::Chunk::UnpackedHeader*)
 .text._ZN5scudo28SizeClassAllocatorLocalCacheINS_20SizeClassAllocator32INS_13PrimaryConfigINS_13DefaultConfigEEEEEE5drainEPNS6_8PerClassEj
                0x00012ee0       0x70 /home/abuild/rpmbuild/BUILD/allocator-shootout-demo-1.0.0/libscudo_standalone.a(wrappers_c.o)
                0x00012ee0                scudo::SizeClassAllocatorLocalCache<scudo::SizeClassAllocator32<scudo::PrimaryConfig<scudo::DefaultConfig> > >::drain(scudo::SizeClassAllocatorLocalCache<scudo::SizeClassAllocator32<scudo::PrimaryConfig<scudo::DefaultConfig> > >::PerClass*, unsigned int)
 .text._ZN5scudo20SizeClassAllocator32INS_13PrimaryConfigINS_13DefaultConfigEEEE10pushBlocksEPNS_28SizeClassAllocatorLocalCacheIS4_EEjPjj
                0x00012f50       0xbc /home/abuild/rpmbuild/BUILD/allocator-shootout-demo-1.0.0/libscudo_standalone.a(wrappers_c.o)
                0x00012f50                scudo::SizeClassAllocator32<scudo::PrimaryConfig<scudo::DefaultConfig> >::pushBlocks(scudo::SizeClassAllocatorLocalCache<scudo::SizeClassAllocator32<scudo::PrimaryConfig<scudo::DefaultConfig> > >*, unsigned int, unsigned int*, unsigned int)
 .text._ZN5scudo20SizeClassAllocator32INS_13PrimaryConfigINS_13DefaultConfigEEEE20pushBatchClassBlocksEPNS4_13SizeClassInfoEPjj
                0x0001300c      0x106 /home/abuild/rpmbuild/BUILD/allocator-shootout-demo-1.0.0/libscudo_standalone.a(wrappers_c.o)
                0x0001300c                scudo::SizeClassAllocator32<scudo::PrimaryConfig<scudo::DefaultConfig> >::pushBatchClassBlocks(scudo::SizeClassAllocator32<scudo::PrimaryConfig<scudo::DefaultConfig> >::SizeClassInfo*, unsigned int*, unsigned int)
 .text._ZN5scudo20SizeClassAllocator32INS_13PrimaryConfigINS_13DefaultConfigEEEE14pushBlocksImplEPNS_28SizeClassAllocatorLocalCacheIS4_EEjPNS4_13SizeClassInfoEPjjb
                0x00013112      0x4c6 /home/abuild/rpmbuild/BUILD/allocator-shootout-demo-1.0.0/libscudo_standalone.a(wrappers_c.o)
                0x00013112                scudo::SizeClassAllocator32<scudo::PrimaryConfig<scudo::DefaultConfig> >::pushBlocksImpl(scudo::SizeClassAllocatorLocalCache<scudo::SizeClassAllocator32<scudo::PrimaryConfig<scudo::DefaultConfig> > >*, unsigned int, scudo::SizeClassAllocator32<scudo::PrimaryConfig<scudo::DefaultConfig> >::SizeClassInfo*, unsigned int*, unsigned int, bool)
 .text._ZN5scudo17FixedSizeClassMapINS_22DefaultSizeClassConfigEE16getSizeByClassIdEj
                0x000135d8       0x22 /home/abuild/rpmbuild/BUILD/allocator-shootout-demo-1.0.0/libscudo_standalone.a(wrappers_c.o)
                0x000135d8                scudo::FixedSizeClassMap<scudo::DefaultSizeClassConfig>::getSizeByClassId(unsigned int)
 .text._ZN5scudo28SizeClassAllocatorLocalCacheINS_20SizeClassAllocator32INS_13PrimaryConfigINS_13DefaultConfigEEEEEE8allocateEj
                0x000135fa       0x46 /home/abuild/rpmbuild/BUILD/allocator-shootout-demo-1.0.0/libscudo_standalone.a(wrappers_c.o)
                0x000135fa                scudo::SizeClassAllocatorLocalCache<scudo::SizeClassAllocator32<scudo::PrimaryConfig<scudo::DefaultConfig> > >::allocate(unsigned int)
 .text._ZN5scudo28SizeClassAllocatorLocalCacheINS_20SizeClassAllocator32INS_13PrimaryConfigINS_13DefaultConfigEEEEEE6refillEPNS6_8PerClassEjt
                0x00013640       0x7c /home/abuild/rpmbuild/BUILD/allocator-shootout-demo-1.0.0/libscudo_standalone.a(wrappers_c.o)
                0x00013640                scudo::SizeClassAllocatorLocalCache<scudo::SizeClassAllocator32<scudo::PrimaryConfig<scudo::DefaultConfig> > >::refill(scudo::SizeClassAllocatorLocalCache<scudo::SizeClassAllocator32<scudo::PrimaryConfig<scudo::DefaultConfig> > >::PerClass*, unsigned int, unsigned short)
 .text._ZN5scudo20SizeClassAllocator32INS_13PrimaryConfigINS_13DefaultConfigEEEE13popBlocksImplEPNS_28SizeClassAllocatorLocalCacheIS4_EEjPNS4_13SizeClassInfoEPjt
                0x000136bc      0x13e /home/abuild/rpmbuild/BUILD/allocator-shootout-demo-1.0.0/libscudo_standalone.a(wrappers_c.o)
                0x000136bc                scudo::SizeClassAllocator32<scudo::PrimaryConfig<scudo::DefaultConfig> >::popBlocksImpl(scudo::SizeClassAllocatorLocalCache<scudo::SizeClassAllocator32<scudo::PrimaryConfig<scudo::DefaultConfig> > >*, unsigned int, scudo::SizeClassAllocator32<scudo::PrimaryConfig<scudo::DefaultConfig> >::SizeClassInfo*, unsigned int*, unsigned short)
 *fill*         0x000137fa        0x6 
 .text._ZN5scudo20SizeClassAllocator32INS_13PrimaryConfigINS_13DefaultConfigEEEE16populateFreeListEPNS_28SizeClassAllocatorLocalCacheIS4_EEjPNS4_13SizeClassInfoE
                0x00013800      0x240 /home/abuild/rpmbuild/BUILD/allocator-shootout-demo-1.0.0/libscudo_standalone.a(wrappers_c.o)
                0x00013800                scudo::SizeClassAllocator32<scudo::PrimaryConfig<scudo::DefaultConfig> >::populateFreeList(scudo::SizeClassAllocatorLocalCache<scudo::SizeClassAllocator32<scudo::PrimaryConfig<scudo::DefaultConfig> > >*, unsigned int, scudo::SizeClassAllocator32<scudo::PrimaryConfig<scudo::DefaultConfig> >::SizeClassInfo*)
 .text._ZN5scudo20SizeClassAllocator32INS_13PrimaryConfigINS_13DefaultConfigEEEE14allocateRegionEPNS4_13SizeClassInfoEj
                0x00013a40       0x8e /home/abuild/rpmbuild/BUILD/allocator-shootout-demo-1.0.0/libscudo_standalone.a(wrappers_c.o)
                0x00013a40                scudo::SizeClassAllocator32<scudo::PrimaryConfig<scudo::DefaultConfig> >::allocateRegion(scudo::SizeClassAllocator32<scudo::PrimaryConfig<scudo::DefaultConfig> >::SizeClassInfo*, unsigned int)
 .text._ZN5scudo7shuffleIjEEvPT_jPj
                0x00013ace       0x48 /home/abuild/rpmbuild/BUILD/allocator-shootout-demo-1.0.0/libscudo_standalone.a(wrappers_c.o)
                0x00013ace                void scudo::shuffle<unsigned int>(unsigned int*, unsigned int, unsigned int*)
 *fill*         0x00013b16        0x2 
 .text._ZN5scudo20SizeClassAllocator32INS_13PrimaryConfigINS_13DefaultConfigEEEE18allocateRegionSlowEv
                0x00013b18       0xa0 /home/abuild/rpmbuild/BUILD/allocator-shootout-demo-1.0.0/libscudo_standalone.a(wrappers_c.o)
                0x00013b18                scudo::SizeClassAllocator32<scudo::PrimaryConfig<scudo::DefaultConfig> >::allocateRegionSlow()
 .text._ZN5scudo11GlobalStats6unlinkEPNS_10LocalStatsE
                0x00013bb8       0xa8 /home/abuild/rpmbuild/BUILD/allocator-shootout-demo-1.0.0/libscudo_standalone.a(wrappers_c.o)
                0x00013bb8                scudo::GlobalStats::unlink(scudo::LocalStats*)
 .text._ZN5scudo28SizeClassAllocatorLocalCacheINS_20SizeClassAllocator32INS_13PrimaryConfigINS_13DefaultConfigEEEEEE13initAllocatorEv
                0x00013c60       0x70 /home/abuild/rpmbuild/BUILD/allocator-shootout-demo-1.0.0/libscudo_standalone.a(wrappers_c.o)
                0x00013c60                scudo::SizeClassAllocatorLocalCache<scudo::SizeClassAllocator32<scudo::PrimaryConfig<scudo::DefaultConfig> > >::initAllocator()
 .text._ZN5scudo12MapAllocatorINS_15SecondaryConfigINS_13DefaultConfigEEEE8allocateERKNS_7OptionsEjjPjNS_16FillContentsModeE
                0x00013cd0      0x24c /home/abuild/rpmbuild/BUILD/allocator-shootout-demo-1.0.0/libscudo_standalone.a(wrappers_c.o)
                0x00013cd0                scudo::MapAllocator<scudo::SecondaryConfig<scudo::DefaultConfig> >::allocate(scudo::Options const&, unsigned int, unsigned int, unsigned int*, scudo::FillContentsMode)
 .text._ZN5scudo12MapAllocatorINS_15SecondaryConfigINS_13DefaultConfigEEEE20tryAllocateFromCacheERKNS_7OptionsEjjPjNS_16FillContentsModeE
                0x00013f1c      0x230 /home/abuild/rpmbuild/BUILD/allocator-shootout-demo-1.0.0/libscudo_standalone.a(wrappers_c.o)
                0x00013f1c                scudo::MapAllocator<scudo::SecondaryConfig<scudo::DefaultConfig> >::tryAllocateFromCache(scudo::Options const&, unsigned int, unsigned int, unsigned int*, scudo::FillContentsMode)
 .text._ZN5scudo17MapAllocatorCacheINS_15SecondaryConfigINS_13DefaultConfigEE11CacheConfigEXadL_ZNS_L5unmapERNS_11MemMapLinuxEEEE6removeEPNS_12_GLOBAL__N_111CachedBlockE
                0x0001414c      0x150 /home/abuild/rpmbuild/BUILD/allocator-shootout-demo-1.0.0/libscudo_standalone.a(wrappers_c.o)
 .text._ZN5scudo9AllocatorINS_13DefaultConfigEXadL_Z15malloc_postinitEEE17getChunkFromBlockEjPjPNS_5Chunk14UnpackedHeaderE
                0x0001429c       0xe8 /home/abuild/rpmbuild/BUILD/allocator-shootout-demo-1.0.0/libscudo_standalone.a(wrappers_c.o)
                0x0001429c                scudo::Allocator<scudo::DefaultConfig, &malloc_postinit>::getChunkFromBlock(unsigned int, unsigned int*, scudo::Chunk::UnpackedHeader*)
 .text._ZN5scudo9AllocatorINS_13DefaultConfigEXadL_Z15malloc_postinitEEE27quarantineOrDeallocateChunkERKNS_7OptionsEPvPNS_5Chunk14UnpackedHeaderEj
                0x00014384      0x270 /home/abuild/rpmbuild/BUILD/allocator-shootout-demo-1.0.0/libscudo_standalone.a(wrappers_c.o)
                0x00014384                scudo::Allocator<scudo::DefaultConfig, &malloc_postinit>::quarantineOrDeallocateChunk(scudo::Options const&, void*, scudo::Chunk::UnpackedHeader*, unsigned int)
 .text._ZN5scudo12MapAllocatorINS_15SecondaryConfigINS_13DefaultConfigEEEE10deallocateERKNS_7OptionsEPv
                0x000145f4      0x2c4 /home/abuild/rpmbuild/BUILD/allocator-shootout-demo-1.0.0/libscudo_standalone.a(wrappers_c.o)
                0x000145f4                scudo::MapAllocator<scudo::SecondaryConfig<scudo::DefaultConfig> >::deallocate(scudo::Options const&, void*)
 .text._ZN5scudo20SizeClassAllocator32INS_13PrimaryConfigINS_13DefaultConfigEEEE16releaseToOSMaybeEPNS4_13SizeClassInfoEjNS_11ReleaseToOSE
                0x000148b8      0x108 /home/abuild/rpmbuild/BUILD/allocator-shootout-demo-1.0.0/libscudo_standalone.a(wrappers_c.o)
                0x000148b8                scudo::SizeClassAllocator32<scudo::PrimaryConfig<scudo::DefaultConfig> >::releaseToOSMaybe(scudo::SizeClassAllocator32<scudo::PrimaryConfig<scudo::DefaultConfig> >::SizeClassInfo*, unsigned int, scudo::ReleaseToOS)
 .text._ZN5scudo20SizeClassAllocator32INS_13PrimaryConfigINS_13DefaultConfigEEEE23hasChanceToReleasePagesEPNS4_13SizeClassInfoEjjNS_11ReleaseToOSE
                0x000149c0       0xbc /home/abuild/rpmbuild/BUILD/allocator-shootout-demo-1.0.0/libscudo_standalone.a(wrappers_c.o)
                0x000149c0                scudo::SizeClassAllocator32<scudo::PrimaryConfig<scudo::DefaultConfig> >::hasChanceToReleasePages(scudo::SizeClassAllocator32<scudo::PrimaryConfig<scudo::DefaultConfig> >::SizeClassInfo*, unsigned int, unsigned int, scudo::ReleaseToOS)
 .text._ZN5scudo20SizeClassAllocator32INS_13PrimaryConfigINS_13DefaultConfigEEEE14markFreeBlocksEPNS4_13SizeClassInfoEjjjjNS_11ReleaseToOSE
                0x00014a7c      0x12c /home/abuild/rpmbuild/BUILD/allocator-shootout-demo-1.0.0/libscudo_standalone.a(wrappers_c.o)
                0x00014a7c                scudo::SizeClassAllocator32<scudo::PrimaryConfig<scudo::DefaultConfig> >::markFreeBlocks(scudo::SizeClassAllocator32<scudo::PrimaryConfig<scudo::DefaultConfig> >::SizeClassInfo*, unsigned int, unsigned int, unsigned int, unsigned int, scudo::ReleaseToOS)
 .text._ZN5scudo21releaseFreeMemoryToOSINS_15ReleaseRecorderEZNS_20SizeClassAllocator32INS_13PrimaryConfigINS_13DefaultConfigEEEE16releaseToOSMaybeEPNS6_13SizeClassInfoEjNS_11ReleaseToOSEEUljE_EEvRNS_18PageReleaseContextERT_T0_
                0x00014ba8      0x3f4 /home/abuild/rpmbuild/BUILD/allocator-shootout-demo-1.0.0/libscudo_standalone.a(wrappers_c.o)
                0x00014ba8                void scudo::releaseFreeMemoryToOS<scudo::ReleaseRecorder, scudo::SizeClassAllocator32<scudo::PrimaryConfig<scudo::DefaultConfig> >::releaseToOSMaybe(scudo::SizeClassAllocator32<scudo::PrimaryConfig<scudo::DefaultConfig> >::SizeClassInfo*, unsigned int, scudo::ReleaseToOS)::{lambda(unsigned int)#1}>(scudo::PageReleaseContext&, scudo::ReleaseRecorder&, scudo::SizeClassAllocator32<scudo::PrimaryConfig<scudo::DefaultConfig> >::releaseToOSMaybe(scudo::SizeClassAllocator32<scudo::PrimaryConfig<scudo::DefaultConfig> >::SizeClassInfo*, unsigned int, scudo::ReleaseToOS)::{lambda(unsigned int)#1})
 .text._ZN5scudo18PageReleaseContextC2Ejjjj
                0x00014f9c       0xd8 /home/abuild/rpmbuild/BUILD/allocator-shootout-demo-1.0.0/libscudo_standalone.a(wrappers_c.o)
                0x00014f9c                scudo::PageReleaseContext::PageReleaseContext(unsigned int, unsigned int, unsigned int, unsigned int)
 .text._ZN5scudo18PageReleaseContext21markRangeAsAllCountedEjjjjj
                0x00015074      0x2bc /home/abuild/rpmbuild/BUILD/allocator-shootout-demo-1.0.0/libscudo_standalone.a(wrappers_c.o)
                0x00015074                scudo::PageReleaseContext::markRangeAsAllCounted(unsigned int, unsigned int, unsigned int, unsigned int, unsigned int)
 .text._ZN5scudo18PageReleaseContext22markFreeBlocksInRegionINS_5BatchINS_20SizeClassAllocator32INS_13PrimaryConfigINS_13DefaultConfigEEEEEEEZNS7_14markFreeBlocksEPNS7_13SizeClassInfoEjjjjNS_11ReleaseToOSEEUljE_EEbRKNS_13IntrusiveListIT_EET0_jjjb
                0x00015330      0x338 /home/abuild/rpmbuild/BUILD/allocator-shootout-demo-1.0.0/libscudo_standalone.a(wrappers_c.o)
                0x00015330                bool scudo::PageReleaseContext::markFreeBlocksInRegion<scudo::Batch<scudo::SizeClassAllocator32<scudo::PrimaryConfig<scudo::DefaultConfig> > >, scudo::SizeClassAllocator32<scudo::PrimaryConfig<scudo::DefaultConfig> >::markFreeBlocks(scudo::SizeClassAllocator32<scudo::PrimaryConfig<scudo::DefaultConfig> >::SizeClassInfo*, unsigned int, unsigned int, unsigned int, unsigned int, scudo::ReleaseToOS)::{lambda(unsigned int)#1}>(scudo::IntrusiveList<scudo::Batch<scudo::SizeClassAllocator32<scudo::PrimaryConfig<scudo::DefaultConfig> > > > const&, scudo::SizeClassAllocator32<scudo::PrimaryConfig<scudo::DefaultConfig> >::markFreeBlocks(scudo::SizeClassAllocator32<scudo::PrimaryConfig<scudo::DefaultConfig> >::SizeClassInfo*, unsigned int, unsigned int, unsigned int, unsigned int, scudo::ReleaseToOS)::{lambda(unsigned int)#1}, unsigned int, unsigned int, unsigned int, bool)
 .text._ZN5scudo10BufferPoolILj2ELj512EE9getBufferEj
                0x00015668       0xb8 /home/abuild/rpmbuild/BUILD/allocator-shootout-demo-1.0.0/libscudo_standalone.a(wrappers_c.o)
                0x00015668                scudo::BufferPool<2u, 512u>::getBuffer(unsigned int)
 .text._ZN5scudo10BufferPoolILj2ELj512EE16getDynamicBufferEj
                0x00015720       0x5c /home/abuild/rpmbuild/BUILD/allocator-shootout-demo-1.0.0/libscudo_standalone.a(wrappers_c.o)
                0x00015720                scudo::BufferPool<2u, 512u>::getDynamicBuffer(unsigned int)
 .text._ZN5scudo12VectorNoCtorINS_11MemMapLinuxELj1EE9push_backERKS1_
                0x0001577c       0xb0 /home/abuild/rpmbuild/BUILD/allocator-shootout-demo-1.0.0/libscudo_standalone.a(wrappers_c.o)
                0x0001577c                scudo::VectorNoCtor<scudo::MemMapLinux, 1u>::push_back(scudo::MemMapLinux const&)
 .text._ZN5scudo9AllocatorINS_13DefaultConfigEXadL_Z15malloc_postinitEEE18QuarantineCallback8allocateEj
                0x0001582c      0x108 /home/abuild/rpmbuild/BUILD/allocator-shootout-demo-1.0.0/libscudo_standalone.a(wrappers_c.o)
                0x0001582c                scudo::Allocator<scudo::DefaultConfig, &malloc_postinit>::QuarantineCallback::allocate(unsigned int)
 .text._ZN5scudo20SizeClassAllocator32INS_13PrimaryConfigINS_13DefaultConfigEEEE17iterateOverBlocksIZNS_9AllocatorIS2_XadL_Z15malloc_postinitEEE17iterateOverChunksEjjPFvjjPvES8_EUljE_EEvT_
                0x00015934      0x10e /home/abuild/rpmbuild/BUILD/allocator-shootout-demo-1.0.0/libscudo_standalone.a(wrappers_c.o)
                0x00015934                void scudo::SizeClassAllocator32<scudo::PrimaryConfig<scudo::DefaultConfig> >::iterateOverBlocks<scudo::Allocator<scudo::DefaultConfig, &malloc_postinit>::iterateOverChunks(unsigned int, unsigned int, void (*)(unsigned int, unsigned int, void*), void*)::{lambda(unsigned int)#1}>(scudo::Allocator<scudo::DefaultConfig, &malloc_postinit>::iterateOverChunks(unsigned int, unsigned int, void (*)(unsigned int, unsigned int, void*), void*)::{lambda(unsigned int)#1})
 .text._ZNK5scudo12MapAllocatorINS_15SecondaryConfigINS_13DefaultConfigEEEE17iterateOverBlocksIZNS_9AllocatorIS2_XadL_Z15malloc_postinitEEE17iterateOverChunksEjjPFvjjPvES8_EUljE_EEvT_
                0x00015a42       0x9e /home/abuild/rpmbuild/BUILD/allocator-shootout-demo-1.0.0/libscudo_standalone.a(wrappers_c.o)
                0x00015a42                void scudo::MapAllocator<scudo::SecondaryConfig<scudo::DefaultConfig> >::iterateOverBlocks<scudo::Allocator<scudo::DefaultConfig, &malloc_postinit>::iterateOverChunks(unsigned int, unsigned int, void (*)(unsigned int, unsigned int, void*), void*)::{lambda(unsigned int)#1}>(scudo::Allocator<scudo::DefaultConfig, &malloc_postinit>::iterateOverChunks(unsigned int, unsigned int, void (*)(unsigned int, unsigned int, void*), void*)::{lambda(unsigned int)#1}) const
 .text._ZN5scudo14TSDRegistryExTINS_9AllocatorINS_13DefaultConfigEXadL_Z15malloc_postinitEEEEE11drainCachesEPS3_
                0x00015ae0       0xcc /home/abuild/rpmbuild/BUILD/allocator-shootout-demo-1.0.0/libscudo_standalone.a(wrappers_c.o)
                0x00015ae0                scudo::TSDRegistryExT<scudo::Allocator<scudo::DefaultConfig, &malloc_postinit> >::drainCaches(scudo::Allocator<scudo::DefaultConfig, &malloc_postinit>*)
 .text._ZN5scudo16GlobalQuarantineINS_9AllocatorINS_13DefaultConfigEXadL_Z15malloc_postinitEEE18QuarantineCallbackEvE15drainAndRecycleEPNS_15QuarantineCacheIS4_EES4_
                0x00015bac       0x68 /home/abuild/rpmbuild/BUILD/allocator-shootout-demo-1.0.0/libscudo_standalone.a(wrappers_c.o)
                0x00015bac                scudo::GlobalQuarantine<scudo::Allocator<scudo::DefaultConfig, &malloc_postinit>::QuarantineCallback, void>::drainAndRecycle(scudo::QuarantineCache<scudo::Allocator<scudo::DefaultConfig, &malloc_postinit>::QuarantineCallback>*, scudo::Allocator<scudo::DefaultConfig, &malloc_postinit>::QuarantineCallback)
 .text._ZN5scudo12VectorNoCtorIcLj256EE9push_backERKc
                0x00015c14       0xac /home/abuild/rpmbuild/BUILD/allocator-shootout-demo-1.0.0/libscudo_standalone.a(wrappers_c.o)
                0x00015c14                scudo::VectorNoCtor<char, 256u>::push_back(char const&)
 .text._ZN5scudo20SizeClassAllocator32INS_13PrimaryConfigINS_13DefaultConfigEEEE8getStatsEPNS_12ScopedStringE
                0x00015cc0       0x90 /home/abuild/rpmbuild/BUILD/allocator-shootout-demo-1.0.0/libscudo_standalone.a(wrappers_c.o)
                0x00015cc0                scudo::SizeClassAllocator32<scudo::PrimaryConfig<scudo::DefaultConfig> >::getStats(scudo::ScopedString*)
 .text._ZN5scudo12MapAllocatorINS_15SecondaryConfigINS_13DefaultConfigEEEE8getStatsEPNS_12ScopedStringE
                0x00015d50      0x194 /home/abuild/rpmbuild/BUILD/allocator-shootout-demo-1.0.0/libscudo_standalone.a(wrappers_c.o)
                0x00015d50                scudo::MapAllocator<scudo::SecondaryConfig<scudo::DefaultConfig> >::getStats(scudo::ScopedString*)
 .text._ZN5scudo16GlobalQuarantineINS_9AllocatorINS_13DefaultConfigEXadL_Z15malloc_postinitEEE18QuarantineCallbackEvE8getStatsEPNS_12ScopedStringE
                0x00015ee4       0xe0 /home/abuild/rpmbuild/BUILD/allocator-shootout-demo-1.0.0/libscudo_standalone.a(wrappers_c.o)
                0x00015ee4                scudo::GlobalQuarantine<scudo::Allocator<scudo::DefaultConfig, &malloc_postinit>::QuarantineCallback, void>::getStats(scudo::ScopedString*)
 .text._ZN5scudo20SizeClassAllocator32INS_13PrimaryConfigINS_13DefaultConfigEEEE8getStatsEPNS_12ScopedStringEjPNS4_13SizeClassInfoE
                0x00015fc4       0xac /home/abuild/rpmbuild/BUILD/allocator-shootout-demo-1.0.0/libscudo_standalone.a(wrappers_c.o)
                0x00015fc4                scudo::SizeClassAllocator32<scudo::PrimaryConfig<scudo::DefaultConfig> >::getStats(scudo::ScopedString*, unsigned int, scudo::SizeClassAllocator32<scudo::PrimaryConfig<scudo::DefaultConfig> >::SizeClassInfo*)
 .text._ZN5scudo20SizeClassAllocator32INS_13PrimaryConfigINS_13DefaultConfigEEEE29getSizeClassFragmentationInfoEPNS4_13SizeClassInfoEjPNS_12ScopedStringE
                0x00016070      0x1a8 /home/abuild/rpmbuild/BUILD/allocator-shootout-demo-1.0.0/libscudo_standalone.a(wrappers_c.o)
                0x00016070                scudo::SizeClassAllocator32<scudo::PrimaryConfig<scudo::DefaultConfig> >::getSizeClassFragmentationInfo(scudo::SizeClassAllocator32<scudo::PrimaryConfig<scudo::DefaultConfig> >::SizeClassInfo*, unsigned int, scudo::ScopedString*)
 .text._ZN5scudo21releaseFreeMemoryToOSINS_21FragmentationRecorderEZNS_20SizeClassAllocator32INS_13PrimaryConfigINS_13DefaultConfigEEEE29getSizeClassFragmentationInfoEPNS6_13SizeClassInfoEjPNS_12ScopedStringEEUljE_EEvRNS_18PageReleaseContextERT_T0_
                0x00016218      0x3f6 /home/abuild/rpmbuild/BUILD/allocator-shootout-demo-1.0.0/libscudo_standalone.a(wrappers_c.o)
                0x00016218                void scudo::releaseFreeMemoryToOS<scudo::FragmentationRecorder, scudo::SizeClassAllocator32<scudo::PrimaryConfig<scudo::DefaultConfig> >::getSizeClassFragmentationInfo(scudo::SizeClassAllocator32<scudo::PrimaryConfig<scudo::DefaultConfig> >::SizeClassInfo*, unsigned int, scudo::ScopedString*)::{lambda(unsigned int)#1}>(scudo::PageReleaseContext&, scudo::FragmentationRecorder&, scudo::SizeClassAllocator32<scudo::PrimaryConfig<scudo::DefaultConfig> >::getSizeClassFragmentationInfo(scudo::SizeClassAllocator32<scudo::PrimaryConfig<scudo::DefaultConfig> >::SizeClassInfo*, unsigned int, scudo::ScopedString*)::{lambda(unsigned int)#1})
 *fill*         0x0001660e        0x2 
 .text._ZN5scudo9AllocatorINS_13DefaultConfigEXadL_Z15malloc_postinitEEE19initRingBufferMaybeEv
                0x00016610      0x124 /home/abuild/rpmbuild/BUILD/allocator-shootout-demo-1.0.0/libscudo_standalone.a(wrappers_c.o)
                0x00016610                scudo::Allocator<scudo::DefaultConfig, &malloc_postinit>::initRingBufferMaybe()
 .text          0x00016734        0x0 /home/abuild/rpmbuild/BUILD/allocator-shootout-demo-1.0.0/libscudo_standalone.a(checksum.o)
 .text._ZN5scudo16hasHardwareCRC32Ev
                0x00016734        0xe /home/abuild/rpmbuild/BUILD/allocator-shootout-demo-1.0.0/libscudo_standalone.a(checksum.o)
                0x00016734                scudo::hasHardwareCRC32()
 *fill*         0x00016742        0x2 
 .text          0x00016744        0x0 /home/abuild/rpmbuild/BUILD/allocator-shootout-demo-1.0.0/libscudo_standalone.a(common.o)
 .text._ZN5scudo15getPageSizeSlowEv
                0x00016744       0x4c /home/abuild/rpmbuild/BUILD/allocator-shootout-demo-1.0.0/libscudo_standalone.a(common.o)
                0x00016744                scudo::getPageSizeSlow()
 .text          0x00016790        0x0 /home/abuild/rpmbuild/BUILD/allocator-shootout-demo-1.0.0/libscudo_standalone.a(flags_parser.o)
 .text._ZN5scudo23reportUnrecognizedFlagsEv
                0x00016790       0x40 /home/abuild/rpmbuild/BUILD/allocator-shootout-demo-1.0.0/libscudo_standalone.a(flags_parser.o)
                0x00016790                scudo::reportUnrecognizedFlags()
 .text._ZN5scudo10FlagParser21printFlagDescriptionsEv
                0x000167d0       0x40 /home/abuild/rpmbuild/BUILD/allocator-shootout-demo-1.0.0/libscudo_standalone.a(flags_parser.o)
                0x000167d0                scudo::FlagParser::printFlagDescriptions()
 .text._ZN5scudo10FlagParser14skipWhitespaceEv
                0x00016810       0x28 /home/abuild/rpmbuild/BUILD/allocator-shootout-demo-1.0.0/libscudo_standalone.a(flags_parser.o)
                0x00016810                scudo::FlagParser::skipWhitespace()
 .text._ZN5scudoL11isSeparatorEc
                0x00016838       0x46 /home/abuild/rpmbuild/BUILD/allocator-shootout-demo-1.0.0/libscudo_standalone.a(flags_parser.o)
 *fill*         0x0001687e        0x2 
 .text._ZN5scudo10FlagParser9parseFlagEv
                0x00016880       0xd8 /home/abuild/rpmbuild/BUILD/allocator-shootout-demo-1.0.0/libscudo_standalone.a(flags_parser.o)
                0x00016880                scudo::FlagParser::parseFlag()
 .text._ZN5scudo10FlagParser10runHandlerEPKcS2_c
                0x00016958      0x158 /home/abuild/rpmbuild/BUILD/allocator-shootout-demo-1.0.0/libscudo_standalone.a(flags_parser.o)
                0x00016958                scudo::FlagParser::runHandler(char const*, char const*, char)
 .text._ZN5scudo10FlagParser10parseFlagsEv
                0x00016ab0       0x36 /home/abuild/rpmbuild/BUILD/allocator-shootout-demo-1.0.0/libscudo_standalone.a(flags_parser.o)
                0x00016ab0                scudo::FlagParser::parseFlags()
 .text._ZN5scudo10FlagParser11parseStringEPKc
                0x00016ae6       0x52 /home/abuild/rpmbuild/BUILD/allocator-shootout-demo-1.0.0/libscudo_standalone.a(flags_parser.o)
                0x00016ae6                scudo::FlagParser::parseString(char const*)
 .text._ZN5scudo10FlagParser15parseStringPairEPKcS2_
                0x00016b38       0x1c /home/abuild/rpmbuild/BUILD/allocator-shootout-demo-1.0.0/libscudo_standalone.a(flags_parser.o)
                0x00016b38                scudo::FlagParser::parseStringPair(char const*, char const*)
 .text._ZN5scudo10FlagParser12registerFlagEPKcS2_NS_8FlagTypeEPv
                0x00016b54       0x58 /home/abuild/rpmbuild/BUILD/allocator-shootout-demo-1.0.0/libscudo_standalone.a(flags_parser.o)
                0x00016b54                scudo::FlagParser::registerFlag(char const*, char const*, scudo::FlagType, void*)
 .text          0x00016bac        0x0 /home/abuild/rpmbuild/BUILD/allocator-shootout-demo-1.0.0/libscudo_standalone.a(flags.o)
 .text._ZN5scudo8getFlagsEv
                0x00016bac        0xc /home/abuild/rpmbuild/BUILD/allocator-shootout-demo-1.0.0/libscudo_standalone.a(flags.o)
                0x00016bac                scudo::getFlags()
 .text._ZN5scudo5Flags11setDefaultsEv
                0x00016bb8       0x26 /home/abuild/rpmbuild/BUILD/allocator-shootout-demo-1.0.0/libscudo_standalone.a(flags.o)
                0x00016bb8                scudo::Flags::setDefaults()
 *fill*         0x00016bde        0x2 
 .text._ZN5scudo13registerFlagsEPNS_10FlagParserEPNS_5FlagsE
                0x00016be0      0x130 /home/abuild/rpmbuild/BUILD/allocator-shootout-demo-1.0.0/libscudo_standalone.a(flags.o)
                0x00016be0                scudo::registerFlags(scudo::FlagParser*, scudo::Flags*)
 .text._ZN5scudo9initFlagsEv
                0x00016d10       0xa0 /home/abuild/rpmbuild/BUILD/allocator-shootout-demo-1.0.0/libscudo_standalone.a(flags.o)
                0x00016d10                scudo::initFlags()
 .text          0x00016db0        0x0 /home/abuild/rpmbuild/BUILD/allocator-shootout-demo-1.0.0/libscudo_standalone.a(linux.o)
 .text._ZN5scudo11getPageSizeEv
                0x00016db0        0x6 /home/abuild/rpmbuild/BUILD/allocator-shootout-demo-1.0.0/libscudo_standalone.a(linux.o)
                0x00016db0                scudo::getPageSize()
 .text._ZN5scudo3mapEPvjPKcjPNS_15MapPlatformDataE
                0x00016db6       0x5a /home/abuild/rpmbuild/BUILD/allocator-shootout-demo-1.0.0/libscudo_standalone.a(linux.o)
                0x00016db6                scudo::map(void*, unsigned int, char const*, unsigned int, scudo::MapPlatformData*)
 .text._ZN5scudo5unmapEPvjjPNS_15MapPlatformDataE
                0x00016e10       0x18 /home/abuild/rpmbuild/BUILD/allocator-shootout-demo-1.0.0/libscudo_standalone.a(linux.o)
                0x00016e10                scudo::unmap(void*, unsigned int, unsigned int, scudo::MapPlatformData*)
 .text._ZN5scudo19setMemoryPermissionEjjjPNS_15MapPlatformDataE
                0x00016e28       0x28 /home/abuild/rpmbuild/BUILD/allocator-shootout-demo-1.0.0/libscudo_standalone.a(linux.o)
                0x00016e28                scudo::setMemoryPermission(unsigned int, unsigned int, unsigned int, scudo::MapPlatformData*)
 .text._ZN5scudo16releasePagesToOSEjjjPNS_15MapPlatformDataE
                0x00016e50       0x20 /home/abuild/rpmbuild/BUILD/allocator-shootout-demo-1.0.0/libscudo_standalone.a(linux.o)
                0x00016e50                scudo::releasePagesToOS(unsigned int, unsigned int, unsigned int, scudo::MapPlatformData*)
 .text._ZN5scudo6getEnvEPKc
                0x00016e70        0x4 /home/abuild/rpmbuild/BUILD/allocator-shootout-demo-1.0.0/libscudo_standalone.a(linux.o)
                0x00016e70                scudo::getEnv(char const*)
 .text._ZN5scudo11HybridMutex7tryLockEv
                0x00016e74       0x22 /home/abuild/rpmbuild/BUILD/allocator-shootout-demo-1.0.0/libscudo_standalone.a(linux.o)
                0x00016e74                scudo::HybridMutex::tryLock()
 .text._ZN5scudo11HybridMutex8lockSlowEv
                0x00016e96       0x70 /home/abuild/rpmbuild/BUILD/allocator-shootout-demo-1.0.0/libscudo_standalone.a(linux.o)
                0x00016e96                scudo::HybridMutex::lockSlow()
 .text._ZN5scudo11HybridMutex6unlockEv
                0x00016f06       0x38 /home/abuild/rpmbuild/BUILD/allocator-shootout-demo-1.0.0/libscudo_standalone.a(linux.o)
                0x00016f06                scudo::HybridMutex::unlock()
 *fill*         0x00016f3e        0x2 
 .text._ZN5scudo11HybridMutex14assertHeldImplEv
                0x00016f40       0x40 /home/abuild/rpmbuild/BUILD/allocator-shootout-demo-1.0.0/libscudo_standalone.a(linux.o)
                0x00016f40                scudo::HybridMutex::assertHeldImpl()
 .text._ZN5scudo16getMonotonicTimeEv
                0x00016f80       0x2a /home/abuild/rpmbuild/BUILD/allocator-shootout-demo-1.0.0/libscudo_standalone.a(linux.o)
                0x00016f80                scudo::getMonotonicTime()
 .text._ZN5scudo20getMonotonicTimeFastEv
                0x00016faa       0x2a /home/abuild/rpmbuild/BUILD/allocator-shootout-demo-1.0.0/libscudo_standalone.a(linux.o)
                0x00016faa                scudo::getMonotonicTimeFast()
 .text._ZN5scudo15getNumberOfCPUsEv
                0x00016fd4       0x22 /home/abuild/rpmbuild/BUILD/allocator-shootout-demo-1.0.0/libscudo_standalone.a(linux.o)
                0x00016fd4                scudo::getNumberOfCPUs()
 .text._ZN5scudo11getThreadIDEv
                0x00016ff6        0x6 /home/abuild/rpmbuild/BUILD/allocator-shootout-demo-1.0.0/libscudo_standalone.a(linux.o)
                0x00016ff6                scudo::getThreadID()
 .text._ZN5scudo9getRandomEPvjb
                0x00016ffc       0x70 /home/abuild/rpmbuild/BUILD/allocator-shootout-demo-1.0.0/libscudo_standalone.a(linux.o)
                0x00016ffc                scudo::getRandom(void*, unsigned int, bool)
 .text._ZN5scudo9outputRawEPKc
                0x0001706c       0xf0 /home/abuild/rpmbuild/BUILD/allocator-shootout-demo-1.0.0/libscudo_standalone.a(linux.o)
                0x0001706c                scudo::outputRaw(char const*)
 .text._ZN5scudo15setAbortMessageEPKc
                0x0001715c       0x18 /home/abuild/rpmbuild/BUILD/allocator-shootout-demo-1.0.0/libscudo_standalone.a(linux.o)
                0x0001715c                scudo::setAbortMessage(char const*)
 *fill*         0x00017174        0xc 
 .text._ZN5scudo16getResidentPagesEjj
                0x00017180      0x1d4 /home/abuild/rpmbuild/BUILD/allocator-shootout-demo-1.0.0/libscudo_standalone.a(linux.o)
                0x00017180                scudo::getResidentPages(unsigned int, unsigned int)
 .text          0x00017354        0x0 /home/abuild/rpmbuild/BUILD/allocator-shootout-demo-1.0.0/libscudo_standalone.a(mem_map_linux.o)
 .text._ZN5scudo11MemMapLinux7mapImplEjjPKcj
                0x00017354       0x66 /home/abuild/rpmbuild/BUILD/allocator-shootout-demo-1.0.0/libscudo_standalone.a(mem_map_linux.o)
                0x00017354                scudo::MemMapLinux::mapImpl(unsigned int, unsigned int, char const*, unsigned int)
 .text._ZN5scudo11MemMapLinux9unmapImplEjj
                0x000173ba       0x36 /home/abuild/rpmbuild/BUILD/allocator-shootout-demo-1.0.0/libscudo_standalone.a(mem_map_linux.o)
                0x000173ba                scudo::MemMapLinux::unmapImpl(unsigned int, unsigned int)
 .text._ZN5scudo11MemMapLinux9remapImplEjjPKcj
                0x000173f0       0x62 /home/abuild/rpmbuild/BUILD/allocator-shootout-demo-1.0.0/libscudo_standalone.a(mem_map_linux.o)
                0x000173f0                scudo::MemMapLinux::remapImpl(unsigned int, unsigned int, char const*, unsigned int)
 .text._ZN5scudo11MemMapLinux23setMemoryPermissionImplEjjj
                0x00017452       0x2a /home/abuild/rpmbuild/BUILD/allocator-shootout-demo-1.0.0/libscudo_standalone.a(mem_map_linux.o)
                0x00017452                scudo::MemMapLinux::setMemoryPermissionImpl(unsigned int, unsigned int, unsigned int)
 .text._ZN5scudo11MemMapLinux27releaseAndZeroPagesToOSImplEjj
                0x0001747c       0x2e /home/abuild/rpmbuild/BUILD/allocator-shootout-demo-1.0.0/libscudo_standalone.a(mem_map_linux.o)
                0x0001747c                scudo::MemMapLinux::releaseAndZeroPagesToOSImpl(unsigned int, unsigned int)
 .text._ZN5scudo19ReservedMemoryLinux10createImplEjjPKcj
                0x000174aa       0x5c /home/abuild/rpmbuild/BUILD/allocator-shootout-demo-1.0.0/libscudo_standalone.a(mem_map_linux.o)
                0x000174aa                scudo::ReservedMemoryLinux::createImpl(unsigned int, unsigned int, char const*, unsigned int)
 .text._ZN5scudo19ReservedMemoryLinux11releaseImplEv
                0x00017506       0x1a /home/abuild/rpmbuild/BUILD/allocator-shootout-demo-1.0.0/libscudo_standalone.a(mem_map_linux.o)
                0x00017506                scudo::ReservedMemoryLinux::releaseImpl()
 .text._ZN5scudo19ReservedMemoryLinux12dispatchImplEjj
                0x00017520        0x6 /home/abuild/rpmbuild/BUILD/allocator-shootout-demo-1.0.0/libscudo_standalone.a(mem_map_linux.o)
                0x00017520                scudo::ReservedMemoryLinux::dispatchImpl(unsigned int, unsigned int)
 *fill*         0x00017526        0x2 
 .text          0x00017528        0x0 /home/abuild/rpmbuild/BUILD/allocator-shootout-demo-1.0.0/libscudo_standalone.a(release.o)
 .text          0x00017528        0x0 /home/abuild/rpmbuild/BUILD/allocator-shootout-demo-1.0.0/libscudo_standalone.a(report.o)
 .text._ZN5scudo17reportCheckFailedEPKciS1_yy
                0x00017528       0x54 /home/abuild/rpmbuild/BUILD/allocator-shootout-demo-1.0.0/libscudo_standalone.a(report.o)
                0x00017528                scudo::reportCheckFailed(char const*, int, char const*, unsigned long long, unsigned long long)
 .text._ZN5scudo17ScopedErrorReportC2Ev
                0x0001757c       0x44 /home/abuild/rpmbuild/BUILD/allocator-shootout-demo-1.0.0/libscudo_standalone.a(report.o)
                0x0001757c                scudo::ScopedErrorReport::ScopedErrorReport()
 .text._ZN5scudo17ScopedErrorReport6appendEPKcz
                0x000175c0       0x1e /home/abuild/rpmbuild/BUILD/allocator-shootout-demo-1.0.0/libscudo_standalone.a(report.o)
                0x000175c0                scudo::ScopedErrorReport::append(char const*, ...)
 .text._ZN5scudo17ScopedErrorReportD2Ev
                0x000175de        0x6 /home/abuild/rpmbuild/BUILD/allocator-shootout-demo-1.0.0/libscudo_standalone.a(report.o)
                0x000175de                scudo::ScopedErrorReport::~ScopedErrorReport()
 .text._ZN5scudo11reportErrorEPKc
                0x000175e4       0x20 /home/abuild/rpmbuild/BUILD/allocator-shootout-demo-1.0.0/libscudo_standalone.a(report.o)
                0x000175e4                scudo::reportError(char const*)
 .text._ZN5scudo14reportRawErrorEPKc
                0x00017604       0x10 /home/abuild/rpmbuild/BUILD/allocator-shootout-demo-1.0.0/libscudo_standalone.a(report.o)
                0x00017604                scudo::reportRawError(char const*)
 .text._ZN5scudo17reportInvalidFlagEPKcS1_
                0x00017614       0x24 /home/abuild/rpmbuild/BUILD/allocator-shootout-demo-1.0.0/libscudo_standalone.a(report.o)
                0x00017614                scudo::reportInvalidFlag(char const*, char const*)
 .text._ZN5scudo22reportHeaderCorruptionEPvPKv
                0x00017638       0x78 /home/abuild/rpmbuild/BUILD/allocator-shootout-demo-1.0.0/libscudo_standalone.a(report.o)
                0x00017638                scudo::reportHeaderCorruption(void*, void const*)
 .text._ZN5scudo22reportSanityCheckErrorEPKc
                0x000176b0       0x20 /home/abuild/rpmbuild/BUILD/allocator-shootout-demo-1.0.0/libscudo_standalone.a(report.o)
                0x000176b0                scudo::reportSanityCheckError(char const*)
 .text._ZN5scudo21reportAlignmentTooBigEjj
                0x000176d0       0x24 /home/abuild/rpmbuild/BUILD/allocator-shootout-demo-1.0.0/libscudo_standalone.a(report.o)
                0x000176d0                scudo::reportAlignmentTooBig(unsigned int, unsigned int)
 .text._ZN5scudo26reportAllocationSizeTooBigEjjj
                0x000176f4       0x28 /home/abuild/rpmbuild/BUILD/allocator-shootout-demo-1.0.0/libscudo_standalone.a(report.o)
                0x000176f4                scudo::reportAllocationSizeTooBig(unsigned int, unsigned int, unsigned int)
 .text._ZN5scudo21reportOutOfBatchClassEv
                0x0001771c       0x1c /home/abuild/rpmbuild/BUILD/allocator-shootout-demo-1.0.0/libscudo_standalone.a(report.o)
                0x0001771c                scudo::reportOutOfBatchClass()
 .text._ZN5scudo17reportOutOfMemoryEj
                0x00017738       0x20 /home/abuild/rpmbuild/BUILD/allocator-shootout-demo-1.0.0/libscudo_standalone.a(report.o)
                0x00017738                scudo::reportOutOfMemory(unsigned int)
 .text._ZN5scudo23reportInvalidChunkStateENS_15AllocatorActionEPKv
                0x00017758       0x2c /home/abuild/rpmbuild/BUILD/allocator-shootout-demo-1.0.0/libscudo_standalone.a(report.o)
                0x00017758                scudo::reportInvalidChunkState(scudo::AllocatorAction, void const*)
 .text._ZN5scudoL15stringifyActionENS_15AllocatorActionE
                0x00017784       0x1c /home/abuild/rpmbuild/BUILD/allocator-shootout-demo-1.0.0/libscudo_standalone.a(report.o)
 .text._ZN5scudo23reportMisalignedPointerENS_15AllocatorActionEPKv
                0x000177a0       0x2c /home/abuild/rpmbuild/BUILD/allocator-shootout-demo-1.0.0/libscudo_standalone.a(report.o)
                0x000177a0                scudo::reportMisalignedPointer(scudo::AllocatorAction, void const*)
 .text._ZN5scudo25reportDeallocTypeMismatchENS_15AllocatorActionEPKvhh
                0x000177cc       0x38 /home/abuild/rpmbuild/BUILD/allocator-shootout-demo-1.0.0/libscudo_standalone.a(report.o)
                0x000177cc                scudo::reportDeallocTypeMismatch(scudo::AllocatorAction, void const*, unsigned char, unsigned char)
 .text._ZN5scudo24reportDeleteSizeMismatchEPKvjj
                0x00017804       0x28 /home/abuild/rpmbuild/BUILD/allocator-shootout-demo-1.0.0/libscudo_standalone.a(report.o)
                0x00017804                scudo::reportDeleteSizeMismatch(void const*, unsigned int, unsigned int)
 .text._ZN5scudo28reportAlignmentNotPowerOfTwoEj
                0x0001782c       0x20 /home/abuild/rpmbuild/BUILD/allocator-shootout-demo-1.0.0/libscudo_standalone.a(report.o)
                0x0001782c                scudo::reportAlignmentNotPowerOfTwo(unsigned int)
 .text._ZN5scudo20reportCallocOverflowEjj
                0x0001784c       0x24 /home/abuild/rpmbuild/BUILD/allocator-shootout-demo-1.0.0/libscudo_standalone.a(report.o)
                0x0001784c                scudo::reportCallocOverflow(unsigned int, unsigned int)
 .text._ZN5scudo35reportInvalidPosixMemalignAlignmentEj
                0x00017870       0x24 /home/abuild/rpmbuild/BUILD/allocator-shootout-demo-1.0.0/libscudo_standalone.a(report.o)
                0x00017870                scudo::reportInvalidPosixMemalignAlignment(unsigned int)
 .text._ZN5scudo21reportPvallocOverflowEj
                0x00017894       0x28 /home/abuild/rpmbuild/BUILD/allocator-shootout-demo-1.0.0/libscudo_standalone.a(report.o)
                0x00017894                scudo::reportPvallocOverflow(unsigned int)
 .text._ZN5scudo34reportInvalidAlignedAllocAlignmentEjj
                0x000178bc       0x24 /home/abuild/rpmbuild/BUILD/allocator-shootout-demo-1.0.0/libscudo_standalone.a(report.o)
                0x000178bc                scudo::reportInvalidAlignedAllocAlignment(unsigned int, unsigned int)
 .text          0x000178e0        0x0 /home/abuild/rpmbuild/BUILD/allocator-shootout-demo-1.0.0/libscudo_standalone.a(report_linux.o)
 .text._ZN5scudo14reportMapErrorEj
                0x000178e0       0x70 /home/abuild/rpmbuild/BUILD/allocator-shootout-demo-1.0.0/libscudo_standalone.a(report_linux.o)
                0x000178e0                scudo::reportMapError(unsigned int)
 .text._ZN5scudo12ScopedStringC2Ev
                0x00017950       0x34 /home/abuild/rpmbuild/BUILD/allocator-shootout-demo-1.0.0/libscudo_standalone.a(report_linux.o)
                0x00017950                scudo::ScopedString::ScopedString()
 .text._ZN5scudo16reportUnmapErrorEjj
                0x00017984       0x34 /home/abuild/rpmbuild/BUILD/allocator-shootout-demo-1.0.0/libscudo_standalone.a(report_linux.o)
                0x00017984                scudo::reportUnmapError(unsigned int, unsigned int)
 .text._ZN5scudo18reportProtectErrorEjji
                0x000179b8       0x38 /home/abuild/rpmbuild/BUILD/allocator-shootout-demo-1.0.0/libscudo_standalone.a(report_linux.o)
                0x000179b8                scudo::reportProtectError(unsigned int, unsigned int, int)
 .text          0x000179f0        0x0 /home/abuild/rpmbuild/BUILD/allocator-shootout-demo-1.0.0/libscudo_standalone.a(string_utils.o)
 .text._ZN5scudo12ScopedString12appendNumberEyhhbbb
                0x000179f0      0x19c /home/abuild/rpmbuild/BUILD/allocator-shootout-demo-1.0.0/libscudo_standalone.a(string_utils.o)
                0x000179f0                scudo::ScopedString::appendNumber(unsigned long long, unsigned char, unsigned char, bool, bool, bool)
 .text._ZN5scudo12ScopedString14appendUnsignedEyhhbb
                0x00017b8c       0x20 /home/abuild/rpmbuild/BUILD/allocator-shootout-demo-1.0.0/libscudo_standalone.a(string_utils.o)
                0x00017b8c                scudo::ScopedString::appendUnsigned(unsigned long long, unsigned char, unsigned char, bool, bool)
 .text._ZN5scudo12ScopedString19appendSignedDecimalExhb
                0x00017bac       0x46 /home/abuild/rpmbuild/BUILD/allocator-shootout-demo-1.0.0/libscudo_standalone.a(string_utils.o)
                0x00017bac                scudo::ScopedString::appendSignedDecimal(long long, unsigned char, bool)
 *fill*         0x00017bf2        0x2 
 .text._ZN5scudo12ScopedString12appendStringEiiPKc
                0x00017bf4       0x78 /home/abuild/rpmbuild/BUILD/allocator-shootout-demo-1.0.0/libscudo_standalone.a(string_utils.o)
                0x00017bf4                scudo::ScopedString::appendString(int, int, char const*)
 .text._ZN5scudo12ScopedString13appendPointerEy
                0x00017c6c       0x40 /home/abuild/rpmbuild/BUILD/allocator-shootout-demo-1.0.0/libscudo_standalone.a(string_utils.o)
                0x00017c6c                scudo::ScopedString::appendPointer(unsigned long long)
 .text._ZN5scudo12ScopedString7vappendEPKcRSt9__va_list
                0x00017cac      0x4c8 /home/abuild/rpmbuild/BUILD/allocator-shootout-demo-1.0.0/libscudo_standalone.a(string_utils.o)
                0x00017cac                scudo::ScopedString::vappend(char const*, std::__va_list&)
 .text._ZN5scudo12ScopedString6appendEPKcz
                0x00018174       0x1e /home/abuild/rpmbuild/BUILD/allocator-shootout-demo-1.0.0/libscudo_standalone.a(string_utils.o)
                0x00018174                scudo::ScopedString::append(char const*, ...)
 *fill*         0x00018192        0x2 
 .text._ZN5scudo6PrintfEPKcz
                0x00018194       0x8c /home/abuild/rpmbuild/BUILD/allocator-shootout-demo-1.0.0/libscudo_standalone.a(string_utils.o)
                0x00018194                scudo::Printf(char const*, ...)
 .text._ZN5scudo12VectorNoCtorIcLj256EE7reserveEj
                0x00018220       0x88 /home/abuild/rpmbuild/BUILD/allocator-shootout-demo-1.0.0/libscudo_standalone.a(string_utils.o)
                0x00018220                scudo::VectorNoCtor<char, 256u>::reserve(unsigned int)
 .text          0x000182a8      0x278 /usr/bin/../lib/gcc/armv7l-tizen-linux-gnueabi/14.2.0/libgcc.a(_udivsi3.o)
                0x000182a8                __udivsi3
                0x000182a8                __aeabi_uidiv
                0x00018504                __aeabi_uidivmod
 .text          0x00018520      0x378 /usr/bin/../lib/gcc/armv7l-tizen-linux-gnueabi/14.2.0/libgcc.a(_arm_addsubdf3.o)
                0x00018520                __aeabi_drsub
                0x00018528                __aeabi_dsub
                0x00018528                __subdf3
                0x0001852c                __adddf3
                0x0001852c                __aeabi_dadd
                0x000187a4                __aeabi_ui2d
                0x000187a4                __floatunsidf
                0x000187c4                __floatsidf
                0x000187c4                __aeabi_i2d
                0x000187e8                __extendsfdf2
                0x000187e8                __aeabi_f2d
                0x0001882c                __aeabi_ul2d
                0x0001882c                __floatundidf
                0x0001883c                __floatdidf
                0x0001883c                __aeabi_l2d
 .text          0x00018898       0x30 /usr/bin/../lib/gcc/armv7l-tizen-linux-gnueabi/14.2.0/libgcc.a(_aeabi_uldivmod.o)
                0x00018898                __aeabi_uldivmod
 .text          0x000188c8        0xc /usr/bin/../lib/gcc/armv7l-tizen-linux-gnueabi/14.2.0/libgcc.a(_dvmd_lnx.o)
                0x000188c8                __aeabi_ldiv0
                0x000188c8                __aeabi_idiv0
 .text          0x000188d4      0x100 /usr/bin/../lib/gcc/armv7l-tizen-linux-gnueabi/14.2.0/libgcc.a(_udivmoddi4.o)
                0x000188d4                __udivmoddi4
 .text          0x000189d4      0xad0 /usr/bin/../lib/gcc/armv7l-tizen-linux-gnueabi/14.2.0/libgcc_eh.a(unwind-arm.o)
                0x00018ca4                _Unwind_GetCFA
                0x00018ca8                __gnu_Unwind_RaiseException
                0x00018d14                __gnu_Unwind_ForcedUnwind
                0x00018d28                __gnu_Unwind_Resume
                0x00018d6c                __gnu_Unwind_Resume_or_Rethrow
                0x00018d8c                _Unwind_Complete
                0x00018d90                _Unwind_DeleteException
                0x00018d9c                _Unwind_VRS_Get
                0x00018dec                _Unwind_VRS_Set
                0x00018e40                __gnu_Unwind_Backtrace
                0x0001918c                __aeabi_unwind_cpp_pr0
                0x00019190                __aeabi_unwind_cpp_pr1
                0x00019194                __aeabi_unwind_cpp_pr2
                0x00019198                _Unwind_VRS_Pop
 .text          0x000194a4      0x1ac /usr/bin/../lib/gcc/armv7l-tizen-linux-gnueabi/14.2.0/libgcc_eh.a(libunwind.o)
                0x000194a4                __restore_core_regs
                0x000194a4                restore_core_regs
                0x000194bc                __gnu_Unwind_Restore_VFP
                0x000194c4                __gnu_Unwind_Save_VFP
                0x000194cc                __gnu_Unwind_Restore_VFP_D
                0x000194d4                __gnu_Unwind_Save_VFP_D
                0x000194dc                __gnu_Unwind_Restore_VFP_D_16_to_31
                0x000194e4                __gnu_Unwind_Save_VFP_D_16_to_31
                0x000194ec                __gnu_Unwind_Restore_WMMXD
                0x00019530                __gnu_Unwind_Save_WMMXD
                0x00019574                __gnu_Unwind_Restore_WMMXC
                0x00019588                __gnu_Unwind_Save_WMMXC
                0x0001959c                ___Unwind_RaiseException
                0x0001959c                _Unwind_RaiseException
                0x000195c0                ___Unwind_Resume
                0x000195c0                _Unwind_Resume
                0x000195e4                _Unwind_Resume_or_Rethrow
                0x000195e4                ___Unwind_Resume_or_Rethrow
                0x00019608                ___Unwind_ForcedUnwind
                0x00019608                _Unwind_ForcedUnwind
                0x0001962c                _Unwind_Backtrace
                0x0001962c                ___Unwind_Backtrace
 .text          0x00019650      0x3a8 /usr/bin/../lib/gcc/armv7l-tizen-linux-gnueabi/14.2.0/libgcc_eh.a(pr-support.o)
                0x000196a8                __gnu_unwind_execute
                0x000199a8                __gnu_unwind_frame
                0x000199d8                _Unwind_GetRegionStart
                0x000199e4                _Unwind_GetLanguageSpecificData
 .text          0x000199f8        0x0 /usr/bin/../lib/gcc/armv7l-tizen-linux-gnueabi/14.2.0/crtend.o
 .text          0x000199f8        0x0 /home/abuild/rpmbuild/BUILD/allocator-shootout-demo-1.0.0/musl-inst/lib/../lib/crtn.o
 .text          0x000199f8        0x0 /home/abuild/rpmbuild/BUILD/allocator-shootout-demo-1.0.0/musl-inst/lib/libc.a(sysconf.lo)
 .text.sysconf  0x000199f8      0x16c /home/abuild/rpmbuild/BUILD/allocator-shootout-demo-1.0.0/musl-inst/lib/libc.a(sysconf.lo)
                0x000199f8                sysconf
 .text          0x00019b64        0x0 /home/abuild/rpmbuild/BUILD/allocator-shootout-demo-1.0.0/musl-inst/lib/libc.a(__libc_start_main.lo)
 .text.dummy    0x00019b64        0x2 /home/abuild/rpmbuild/BUILD/allocator-shootout-demo-1.0.0/musl-inst/lib/libc.a(__libc_start_main.lo)
 .text.dummy1   0x00019b66        0x2 /home/abuild/rpmbuild/BUILD/allocator-shootout-demo-1.0.0/musl-inst/lib/libc.a(__libc_start_main.lo)
 .text.__init_libc
                0x00019b68      0x14c /home/abuild/rpmbuild/BUILD/allocator-shootout-demo-1.0.0/musl-inst/lib/libc.a(__libc_start_main.lo)
                0x00019b68                __init_libc
 .text.libc_start_init
                0x00019cb4       0x28 /home/abuild/rpmbuild/BUILD/allocator-shootout-demo-1.0.0/musl-inst/lib/libc.a(__libc_start_main.lo)
                0x00019cb4                __libc_start_init
 .text.__libc_start_main
                0x00019cdc       0x28 /home/abuild/rpmbuild/BUILD/allocator-shootout-demo-1.0.0/musl-inst/lib/libc.a(__libc_start_main.lo)
                0x00019cdc                __libc_start_main
 .text.libc_start_main_stage2
                0x00019d04       0x20 /home/abuild/rpmbuild/BUILD/allocator-shootout-demo-1.0.0/musl-inst/lib/libc.a(__libc_start_main.lo)
 .text          0x00019d24        0x0 /home/abuild/rpmbuild/BUILD/allocator-shootout-demo-1.0.0/musl-inst/lib/libc.a(__stack_chk_fail.lo)
 .text.__init_ssp
                0x00019d24       0x3c /home/abuild/rpmbuild/BUILD/allocator-shootout-demo-1.0.0/musl-inst/lib/libc.a(__stack_chk_fail.lo)
                0x00019d24                __init_ssp
 .text.__stack_chk_fail
                0x00019d60        0x4 /home/abuild/rpmbuild/BUILD/allocator-shootout-demo-1.0.0/musl-inst/lib/libc.a(__stack_chk_fail.lo)
                0x00019d60                __stack_chk_fail_local
                0x00019d60                __stack_chk_fail
 .text          0x00019d64        0x0 /home/abuild/rpmbuild/BUILD/allocator-shootout-demo-1.0.0/musl-inst/lib/libc.a(getenv.lo)
 .text.getenv   0x00019d64       0x50 /home/abuild/rpmbuild/BUILD/allocator-shootout-demo-1.0.0/musl-inst/lib/libc.a(getenv.lo)
                0x00019d64                getenv
 .text          0x00019db4        0x0 /home/abuild/rpmbuild/BUILD/allocator-shootout-demo-1.0.0/musl-inst/lib/libc.a(__errno_location.lo)
 .text.__errno_location
                0x00019db4        0x8 /home/abuild/rpmbuild/BUILD/allocator-shootout-demo-1.0.0/musl-inst/lib/libc.a(__errno_location.lo)
                0x00019db4                ___errno_location
                0x00019db4                __errno_location
 .text          0x00019dbc        0x0 /home/abuild/rpmbuild/BUILD/allocator-shootout-demo-1.0.0/musl-inst/lib/libc.a(strerror.lo)
 .text.__strerror_l
                0x00019dbc       0x24 /home/abuild/rpmbuild/BUILD/allocator-shootout-demo-1.0.0/musl-inst/lib/libc.a(strerror.lo)
                0x00019dbc                strerror_l
                0x00019dbc                __strerror_l
 .text.strerror
                0x00019de0       0x2c /home/abuild/rpmbuild/BUILD/allocator-shootout-demo-1.0.0/musl-inst/lib/libc.a(strerror.lo)
                0x00019de0                strerror
 .text          0x00019e0c        0x0 /home/abuild/rpmbuild/BUILD/allocator-shootout-demo-1.0.0/musl-inst/lib/libc.a(abort.lo)
 .text.abort    0x00019e0c       0x74 /home/abuild/rpmbuild/BUILD/allocator-shootout-demo-1.0.0/musl-inst/lib/libc.a(abort.lo)
                0x00019e0c                abort
 .text          0x00019e80        0x0 /home/abuild/rpmbuild/BUILD/allocator-shootout-demo-1.0.0/musl-inst/lib/libc.a(abort_lock.lo)
 .text          0x00019e80        0x0 /home/abuild/rpmbuild/BUILD/allocator-shootout-demo-1.0.0/musl-inst/lib/libc.a(exit.lo)
 .text.dummy    0x00019e80        0x2 /home/abuild/rpmbuild/BUILD/allocator-shootout-demo-1.0.0/musl-inst/lib/libc.a(exit.lo)
                0x00019e80                __funcs_on_exit
 *fill*         0x00019e82        0x2 
 .text.libc_exit_fini
                0x00019e84       0x2c /home/abuild/rpmbuild/BUILD/allocator-shootout-demo-1.0.0/musl-inst/lib/libc.a(exit.lo)
                0x00019e84                __libc_exit_fini
 .text          0x00019eb0        0x0 /home/abuild/rpmbuild/BUILD/allocator-shootout-demo-1.0.0/musl-inst/lib/libc.a(open.lo)
 .text.open     0x00019eb0       0x64 /home/abuild/rpmbuild/BUILD/allocator-shootout-demo-1.0.0/musl-inst/lib/libc.a(open.lo)
                0x00019eb0                open
 .text          0x00019f14        0x0 /home/abuild/rpmbuild/BUILD/allocator-shootout-demo-1.0.0/musl-inst/lib/libc.a(defsysinfo.lo)
 .text          0x00019f14        0x0 /home/abuild/rpmbuild/BUILD/allocator-shootout-demo-1.0.0/musl-inst/lib/libc.a(libc.lo)
 .text          0x00019f14        0x0 /home/abuild/rpmbuild/BUILD/allocator-shootout-demo-1.0.0/musl-inst/lib/libc.a(syscall_ret.lo)
 .text.__syscall_ret
                0x00019f14       0x1c /home/abuild/rpmbuild/BUILD/allocator-shootout-demo-1.0.0/musl-inst/lib/libc.a(syscall_ret.lo)
                0x00019f14                __syscall_ret
 .text          0x00019f30        0x0 /home/abuild/rpmbuild/BUILD/allocator-shootout-demo-1.0.0/musl-inst/lib/libc.a(sysinfo.lo)
 .text.__lsysinfo
                0x00019f30        0xe /home/abuild/rpmbuild/BUILD/allocator-shootout-demo-1.0.0/musl-inst/lib/libc.a(sysinfo.lo)
                0x00019f30                __lsysinfo
                0x00019f30                sysinfo
 *fill*         0x00019f3e        0x2 
 .text          0x00019f40        0x0 /home/abuild/rpmbuild/BUILD/allocator-shootout-demo-1.0.0/musl-inst/lib/libc.a(__lctrans.lo)
 .text.dummy    0x00019f40        0x2 /home/abuild/rpmbuild/BUILD/allocator-shootout-demo-1.0.0/musl-inst/lib/libc.a(__lctrans.lo)
 .text.__lctrans
                0x00019f42        0x4 /home/abuild/rpmbuild/BUILD/allocator-shootout-demo-1.0.0/musl-inst/lib/libc.a(__lctrans.lo)
                0x00019f42                __lctrans
 .text.__lctrans_cur
                0x00019f46        0xe /home/abuild/rpmbuild/BUILD/allocator-shootout-demo-1.0.0/musl-inst/lib/libc.a(__lctrans.lo)
                0x00019f46                __lctrans_cur
 .text          0x00019f54        0x0 /home/abuild/rpmbuild/BUILD/allocator-shootout-demo-1.0.0/musl-inst/lib/libc.a(iconv.lo)
 .text.iconv_open
                0x00019f54       0x6c /home/abuild/rpmbuild/BUILD/allocator-shootout-demo-1.0.0/musl-inst/lib/libc.a(iconv.lo)
                0x00019f54                iconv_open
 .text.find_charmap
                0x00019fc0       0xb4 /home/abuild/rpmbuild/BUILD/allocator-shootout-demo-1.0.0/musl-inst/lib/libc.a(iconv.lo)
 .text.iconv    0x0001a074      0xcdc /home/abuild/rpmbuild/BUILD/allocator-shootout-demo-1.0.0/musl-inst/lib/libc.a(iconv.lo)
                0x0001a074                iconv
 .text.legacy_map
                0x0001ad50       0x50 /home/abuild/rpmbuild/BUILD/allocator-shootout-demo-1.0.0/musl-inst/lib/libc.a(iconv.lo)
 .text.uni_to_jis
                0x0001ada0       0x78 /home/abuild/rpmbuild/BUILD/allocator-shootout-demo-1.0.0/musl-inst/lib/libc.a(iconv.lo)
 .text          0x0001ae18        0x0 /home/abuild/rpmbuild/BUILD/allocator-shootout-demo-1.0.0/musl-inst/lib/libc.a(iconv_close.lo)
 .text.iconv_close
                0x0001ae18       0x12 /home/abuild/rpmbuild/BUILD/allocator-shootout-demo-1.0.0/musl-inst/lib/libc.a(iconv_close.lo)
                0x0001ae18                iconv_close
 *fill*         0x0001ae2a        0x2 
 .text          0x0001ae2c        0x0 /home/abuild/rpmbuild/BUILD/allocator-shootout-demo-1.0.0/musl-inst/lib/libc.a(langinfo.lo)
 .text.__nl_langinfo_l
                0x0001ae2c       0xbc /home/abuild/rpmbuild/BUILD/allocator-shootout-demo-1.0.0/musl-inst/lib/libc.a(langinfo.lo)
                0x0001ae2c                __nl_langinfo_l
                0x0001ae2c                nl_langinfo_l
 .text.__nl_langinfo
                0x0001aee8        0xc /home/abuild/rpmbuild/BUILD/allocator-shootout-demo-1.0.0/musl-inst/lib/libc.a(langinfo.lo)
                0x0001aee8                nl_langinfo
                0x0001aee8                __nl_langinfo
 .text          0x0001aef4        0x0 /home/abuild/rpmbuild/BUILD/allocator-shootout-demo-1.0.0/musl-inst/lib/libc.a(setlocale.lo)
 .text.setlocale
                0x0001aef4      0x1a8 /home/abuild/rpmbuild/BUILD/allocator-shootout-demo-1.0.0/musl-inst/lib/libc.a(setlocale.lo)
                0x0001aef4                setlocale
 .text          0x0001b09c        0x0 /home/abuild/rpmbuild/BUILD/allocator-shootout-demo-1.0.0/musl-inst/lib/libc.a(strcoll.lo)
 .text.__strcoll_l
                0x0001b09c        0x4 /home/abuild/rpmbuild/BUILD/allocator-shootout-demo-1.0.0/musl-inst/lib/libc.a(strcoll.lo)
                0x0001b09c                __strcoll_l
                0x0001b09c                strcoll_l
 .text.strcoll  0x0001b0a0        0x4 /home/abuild/rpmbuild/BUILD/allocator-shootout-demo-1.0.0/musl-inst/lib/libc.a(strcoll.lo)
                0x0001b0a0                strcoll
 .text          0x0001b0a4        0x0 /home/abuild/rpmbuild/BUILD/allocator-shootout-demo-1.0.0/musl-inst/lib/libc.a(getauxval.lo)
 .text.__getauxval
                0x0001b0a4       0x40 /home/abuild/rpmbuild/BUILD/allocator-shootout-demo-1.0.0/musl-inst/lib/libc.a(getauxval.lo)
                0x0001b0a4                getauxval
                0x0001b0a4                __getauxval
 .text          0x0001b0e4        0x0 /home/abuild/rpmbuild/BUILD/allocator-shootout-demo-1.0.0/musl-inst/lib/libc.a(getrlimit.lo)
 .text.getrlimit
                0x0001b0e4       0x8a /home/abuild/rpmbuild/BUILD/allocator-shootout-demo-1.0.0/musl-inst/lib/libc.a(getrlimit.lo)
                0x0001b0e4                getrlimit
 *fill*         0x0001b16e        0x2 
 .text          0x0001b170        0x0 /home/abuild/rpmbuild/BUILD/allocator-shootout-demo-1.0.0/musl-inst/lib/libc.a(syscall.lo)
 .text.syscall  0x0001b170       0x3c /home/abuild/rpmbuild/BUILD/allocator-shootout-demo-1.0.0/musl-inst/lib/libc.a(syscall.lo)
                0x0001b170                syscall
 .text          0x0001b1ac        0x0 /home/abuild/rpmbuild/BUILD/allocator-shootout-demo-1.0.0/musl-inst/lib/libc.a(madvise.lo)
 .text.__madvise
                0x0001b1ac        0xe /home/abuild/rpmbuild/BUILD/allocator-shootout-demo-1.0.0/musl-inst/lib/libc.a(madvise.lo)
                0x0001b1ac                madvise
                0x0001b1ac                __madvise
 *fill*         0x0001b1ba        0x2 
 .text          0x0001b1bc        0x0 /home/abuild/rpmbuild/BUILD/allocator-shootout-demo-1.0.0/musl-inst/lib/libc.a(mincore.lo)
 .text.mincore  0x0001b1bc        0xe /home/abuild/rpmbuild/BUILD/allocator-shootout-demo-1.0.0/musl-inst/lib/libc.a(mincore.lo)
                0x0001b1bc                mincore
 *fill*         0x0001b1ca        0x2 
 .text          0x0001b1cc        0x0 /home/abuild/rpmbuild/BUILD/allocator-shootout-demo-1.0.0/musl-inst/lib/libc.a(mmap.lo)
 .text.dummy    0x0001b1cc        0x2 /home/abuild/rpmbuild/BUILD/allocator-shootout-demo-1.0.0/musl-inst/lib/libc.a(mmap.lo)
 .text.__mmap   0x0001b1ce       0x84 /home/abuild/rpmbuild/BUILD/allocator-shootout-demo-1.0.0/musl-inst/lib/libc.a(mmap.lo)
                0x0001b1ce                __mmap
                0x0001b1ce                mmap
 *fill*         0x0001b252        0x2 
 .text          0x0001b254        0x0 /home/abuild/rpmbuild/BUILD/allocator-shootout-demo-1.0.0/musl-inst/lib/libc.a(mprotect.lo)
 .text.__mprotect
                0x0001b254       0x38 /home/abuild/rpmbuild/BUILD/allocator-shootout-demo-1.0.0/musl-inst/lib/libc.a(mprotect.lo)
                0x0001b254                __mprotect
                0x0001b254                mprotect
 .text          0x0001b28c        0x0 /home/abuild/rpmbuild/BUILD/allocator-shootout-demo-1.0.0/musl-inst/lib/libc.a(munmap.lo)
 .text.dummy    0x0001b28c        0x2 /home/abuild/rpmbuild/BUILD/allocator-shootout-demo-1.0.0/musl-inst/lib/libc.a(munmap.lo)
 .text.__munmap
                0x0001b28e       0x20 /home/abuild/rpmbuild/BUILD/allocator-shootout-demo-1.0.0/musl-inst/lib/libc.a(munmap.lo)
                0x0001b28e                munmap
                0x0001b28e                __munmap
 *fill*         0x0001b2ae        0x2 
 .text          0x0001b2b0        0x0 /home/abuild/rpmbuild/BUILD/allocator-shootout-demo-1.0.0/musl-inst/lib/libc.a(mbrtowc.lo)
 .text.mbrtowc  0x0001b2b0       0xd4 /home/abuild/rpmbuild/BUILD/allocator-shootout-demo-1.0.0/musl-inst/lib/libc.a(mbrtowc.lo)
                0x0001b2b0                mbrtowc
 .text          0x0001b384        0x0 /home/abuild/rpmbuild/BUILD/allocator-shootout-demo-1.0.0/musl-inst/lib/libc.a(wctomb.lo)
 .text.wctomb   0x0001b384        0xc /home/abuild/rpmbuild/BUILD/allocator-shootout-demo-1.0.0/musl-inst/lib/libc.a(wctomb.lo)
                0x0001b384                wctomb
 .text          0x0001b390        0x0 /home/abuild/rpmbuild/BUILD/allocator-shootout-demo-1.0.0/musl-inst/lib/libc.a(freeaddrinfo.lo)
 .text.freeaddrinfo
                0x0001b390       0x4a /home/abuild/rpmbuild/BUILD/allocator-shootout-demo-1.0.0/musl-inst/lib/libc.a(freeaddrinfo.lo)
                0x0001b390                freeaddrinfo
 *fill*         0x0001b3da        0x2 
 .text          0x0001b3dc        0x0 /home/abuild/rpmbuild/BUILD/allocator-shootout-demo-1.0.0/musl-inst/lib/libc.a(gai_strerror.lo)
 .text.gai_strerror
                0x0001b3dc       0x2c /home/abuild/rpmbuild/BUILD/allocator-shootout-demo-1.0.0/musl-inst/lib/libc.a(gai_strerror.lo)
                0x0001b3dc                gai_strerror
 .text          0x0001b408        0x0 /home/abuild/rpmbuild/BUILD/allocator-shootout-demo-1.0.0/musl-inst/lib/libc.a(getaddrinfo.lo)
 .text.getaddrinfo
                0x0001b408      0x2e4 /home/abuild/rpmbuild/BUILD/allocator-shootout-demo-1.0.0/musl-inst/lib/libc.a(getaddrinfo.lo)
                0x0001b408                getaddrinfo
 .text          0x0001b6ec        0x0 /home/abuild/rpmbuild/BUILD/allocator-shootout-demo-1.0.0/musl-inst/lib/libc.a(getnameinfo.lo)
 .text.getnameinfo
                0x0001b6ec      0x528 /home/abuild/rpmbuild/BUILD/allocator-shootout-demo-1.0.0/musl-inst/lib/libc.a(getnameinfo.lo)
                0x0001b6ec                getnameinfo
 .text.dns_parse_callback
                0x0001bc14       0x2e /home/abuild/rpmbuild/BUILD/allocator-shootout-demo-1.0.0/musl-inst/lib/libc.a(getnameinfo.lo)
 *fill*         0x0001bc42        0x2 
 .text          0x0001bc44        0x0 /home/abuild/rpmbuild/BUILD/allocator-shootout-demo-1.0.0/musl-inst/lib/libc.a(htons.lo)
 .text.htons    0x0001bc44        0x4 /home/abuild/rpmbuild/BUILD/allocator-shootout-demo-1.0.0/musl-inst/lib/libc.a(htons.lo)
                0x0001bc44                htons
 .text          0x0001bc48        0x0 /home/abuild/rpmbuild/BUILD/allocator-shootout-demo-1.0.0/musl-inst/lib/libc.a(if_indextoname.lo)
 .text.if_indextoname
                0x0001bc48       0x88 /home/abuild/rpmbuild/BUILD/allocator-shootout-demo-1.0.0/musl-inst/lib/libc.a(if_indextoname.lo)
                0x0001bc48                if_indextoname
 .text          0x0001bcd0        0x0 /home/abuild/rpmbuild/BUILD/allocator-shootout-demo-1.0.0/musl-inst/lib/libc.a(inet_ntop.lo)
 .text.inet_ntop
                0x0001bcd0      0x158 /home/abuild/rpmbuild/BUILD/allocator-shootout-demo-1.0.0/musl-inst/lib/libc.a(inet_ntop.lo)
                0x0001bcd0                inet_ntop
 .text          0x0001be28        0x0 /home/abuild/rpmbuild/BUILD/allocator-shootout-demo-1.0.0/musl-inst/lib/libc.a(lookup_ipliteral.lo)
 .text.__lookup_ipliteral
                0x0001be28      0x11c /home/abuild/rpmbuild/BUILD/allocator-shootout-demo-1.0.0/musl-inst/lib/libc.a(lookup_ipliteral.lo)
                0x0001be28                __lookup_ipliteral
 .text          0x0001bf44        0x0 /home/abuild/rpmbuild/BUILD/allocator-shootout-demo-1.0.0/musl-inst/lib/libc.a(lookup_name.lo)
 .text.__lookup_name
                0x0001bf44      0x764 /home/abuild/rpmbuild/BUILD/allocator-shootout-demo-1.0.0/musl-inst/lib/libc.a(lookup_name.lo)
                0x0001bf44                __lookup_name
 .text.policyof
                0x0001c6a8       0x30 /home/abuild/rpmbuild/BUILD/allocator-shootout-demo-1.0.0/musl-inst/lib/libc.a(lookup_name.lo)
 .text.scopeof  0x0001c6d8       0x58 /home/abuild/rpmbuild/BUILD/allocator-shootout-demo-1.0.0/musl-inst/lib/libc.a(lookup_name.lo)
 .text.addrcmp  0x0001c730        0x8 /home/abuild/rpmbuild/BUILD/allocator-shootout-demo-1.0.0/musl-inst/lib/libc.a(lookup_name.lo)
 .text.is_valid_hostname
                0x0001c738       0x48 /home/abuild/rpmbuild/BUILD/allocator-shootout-demo-1.0.0/musl-inst/lib/libc.a(lookup_name.lo)
 .text.name_from_dns
                0x0001c780      0x184 /home/abuild/rpmbuild/BUILD/allocator-shootout-demo-1.0.0/musl-inst/lib/libc.a(lookup_name.lo)
 .text.dns_parse_callback
                0x0001c904       0xc0 /home/abuild/rpmbuild/BUILD/allocator-shootout-demo-1.0.0/musl-inst/lib/libc.a(lookup_name.lo)
 .text          0x0001c9c4        0x0 /home/abuild/rpmbuild/BUILD/allocator-shootout-demo-1.0.0/musl-inst/lib/libc.a(lookup_serv.lo)
 .text.__lookup_serv
                0x0001c9c4      0x288 /home/abuild/rpmbuild/BUILD/allocator-shootout-demo-1.0.0/musl-inst/lib/libc.a(lookup_serv.lo)
                0x0001c9c4                __lookup_serv
 .text          0x0001cc4c        0x0 /home/abuild/rpmbuild/BUILD/allocator-shootout-demo-1.0.0/musl-inst/lib/libc.a(ntohs.lo)
 .text.ntohs    0x0001cc4c        0x4 /home/abuild/rpmbuild/BUILD/allocator-shootout-demo-1.0.0/musl-inst/lib/libc.a(ntohs.lo)
                0x0001cc4c                ntohs
 .text          0x0001cc50        0x0 /home/abuild/rpmbuild/BUILD/allocator-shootout-demo-1.0.0/musl-inst/lib/libc.a(res_mkquery.lo)
 .text.__res_mkquery
                0x0001cc50      0x130 /home/abuild/rpmbuild/BUILD/allocator-shootout-demo-1.0.0/musl-inst/lib/libc.a(res_mkquery.lo)
                0x0001cc50                res_mkquery
                0x0001cc50                __res_mkquery
 .text          0x0001cd80        0x0 /home/abuild/rpmbuild/BUILD/allocator-shootout-demo-1.0.0/musl-inst/lib/libc.a(res_msend.lo)
 .text.__res_msend_rc
                0x0001cd80      0x8dc /home/abuild/rpmbuild/BUILD/allocator-shootout-demo-1.0.0/musl-inst/lib/libc.a(res_msend.lo)
                0x0001cd80                __res_msend_rc
 .text.cleanup  0x0001d65c       0x28 /home/abuild/rpmbuild/BUILD/allocator-shootout-demo-1.0.0/musl-inst/lib/libc.a(res_msend.lo)
 .text.__res_msend
                0x0001d684       0x44 /home/abuild/rpmbuild/BUILD/allocator-shootout-demo-1.0.0/musl-inst/lib/libc.a(res_msend.lo)
                0x0001d684                __res_msend
 .text.mtime    0x0001d6c8       0x46 /home/abuild/rpmbuild/BUILD/allocator-shootout-demo-1.0.0/musl-inst/lib/libc.a(res_msend.lo)
 *fill*         0x0001d70e        0x2 
 .text          0x0001d710        0x0 /home/abuild/rpmbuild/BUILD/allocator-shootout-demo-1.0.0/musl-inst/lib/libc.a(res_send.lo)
 .text.__res_send
                0x0001d710       0x8c /home/abuild/rpmbuild/BUILD/allocator-shootout-demo-1.0.0/musl-inst/lib/libc.a(res_send.lo)
                0x0001d710                __res_send
                0x0001d710                res_send
 .text          0x0001d79c        0x0 /home/abuild/rpmbuild/BUILD/allocator-shootout-demo-1.0.0/musl-inst/lib/libc.a(resolvconf.lo)
 .text.__get_resolv_conf
                0x0001d79c      0x2fc /home/abuild/rpmbuild/BUILD/allocator-shootout-demo-1.0.0/musl-inst/lib/libc.a(resolvconf.lo)
                0x0001d79c                __get_resolv_conf
 .text          0x0001da98        0x0 /home/abuild/rpmbuild/BUILD/allocator-shootout-demo-1.0.0/musl-inst/lib/libc.a(sendmsg.lo)
 .text.sendmsg  0x0001da98       0x24 /home/abuild/rpmbuild/BUILD/allocator-shootout-demo-1.0.0/musl-inst/lib/libc.a(sendmsg.lo)
                0x0001da98                sendmsg
 .text          0x0001dabc        0x0 /home/abuild/rpmbuild/BUILD/allocator-shootout-demo-1.0.0/musl-inst/lib/libc.a(sendto.lo)
 .text.sendto   0x0001dabc       0x2a /home/abuild/rpmbuild/BUILD/allocator-shootout-demo-1.0.0/musl-inst/lib/libc.a(sendto.lo)
                0x0001dabc                sendto
 *fill*         0x0001dae6        0x2 
 .text          0x0001dae8        0x0 /home/abuild/rpmbuild/BUILD/allocator-shootout-demo-1.0.0/musl-inst/lib/libc.a(setsockopt.lo)
 .text.setsockopt
                0x0001dae8       0xb8 /home/abuild/rpmbuild/BUILD/allocator-shootout-demo-1.0.0/musl-inst/lib/libc.a(setsockopt.lo)
                0x0001dae8                setsockopt
 .text          0x0001dba0        0x0 /home/abuild/rpmbuild/BUILD/allocator-shootout-demo-1.0.0/musl-inst/lib/libc.a(socket.lo)
 .text.socket   0x0001dba0       0x88 /home/abuild/rpmbuild/BUILD/allocator-shootout-demo-1.0.0/musl-inst/lib/libc.a(socket.lo)
                0x0001dba0                socket
 .text          0x0001dc28        0x0 /home/abuild/rpmbuild/BUILD/allocator-shootout-demo-1.0.0/musl-inst/lib/libc.a(affinity.lo)
 .text.sched_setaffinity
                0x0001dc28        0xe /home/abuild/rpmbuild/BUILD/allocator-shootout-demo-1.0.0/musl-inst/lib/libc.a(affinity.lo)
                0x0001dc28                sched_setaffinity
 .text.pthread_setaffinity_np
                0x0001dc36       0x10 /home/abuild/rpmbuild/BUILD/allocator-shootout-demo-1.0.0/musl-inst/lib/libc.a(affinity.lo)
                0x0001dc36                pthread_setaffinity_np
 .text.sched_getaffinity
                0x0001dc46        0xe /home/abuild/rpmbuild/BUILD/allocator-shootout-demo-1.0.0/musl-inst/lib/libc.a(affinity.lo)
                0x0001dc46                sched_getaffinity
 .text.do_getaffinity
                0x0001dc54       0x2a /home/abuild/rpmbuild/BUILD/allocator-shootout-demo-1.0.0/musl-inst/lib/libc.a(affinity.lo)
 .text.pthread_getaffinity_np
                0x0001dc7e        0xc /home/abuild/rpmbuild/BUILD/allocator-shootout-demo-1.0.0/musl-inst/lib/libc.a(affinity.lo)
                0x0001dc7e                pthread_getaffinity_np
 *fill*         0x0001dc8a        0x2 
 .text          0x0001dc8c        0x0 /home/abuild/rpmbuild/BUILD/allocator-shootout-demo-1.0.0/musl-inst/lib/libc.a(sched_cpucount.lo)
 *fill*         0x0001dc8c        0x4 
 .text.__sched_cpucount
                0x0001dc90       0x88 /home/abuild/rpmbuild/BUILD/allocator-shootout-demo-1.0.0/musl-inst/lib/libc.a(sched_cpucount.lo)
                0x0001dc90                __sched_cpucount
 .text          0x0001dd18        0x0 /home/abuild/rpmbuild/BUILD/allocator-shootout-demo-1.0.0/musl-inst/lib/libc.a(poll.lo)
 .text.poll     0x0001dd18       0x22 /home/abuild/rpmbuild/BUILD/allocator-shootout-demo-1.0.0/musl-inst/lib/libc.a(poll.lo)
                0x0001dd18                poll
 *fill*         0x0001dd3a        0x2 
 .text          0x0001dd3c        0x0 /home/abuild/rpmbuild/BUILD/allocator-shootout-demo-1.0.0/musl-inst/lib/libc.a(block.lo)
 .text.__block_all_sigs
                0x0001dd3c       0x1c /home/abuild/rpmbuild/BUILD/allocator-shootout-demo-1.0.0/musl-inst/lib/libc.a(block.lo)
                0x0001dd3c                __block_all_sigs
 .text.__block_app_sigs
                0x0001dd58       0x1c /home/abuild/rpmbuild/BUILD/allocator-shootout-demo-1.0.0/musl-inst/lib/libc.a(block.lo)
                0x0001dd58                __block_app_sigs
 .text.__restore_sigs
                0x0001dd74       0x14 /home/abuild/rpmbuild/BUILD/allocator-shootout-demo-1.0.0/musl-inst/lib/libc.a(block.lo)
                0x0001dd74                __restore_sigs
 .text          0x0001dd88        0x0 /home/abuild/rpmbuild/BUILD/allocator-shootout-demo-1.0.0/musl-inst/lib/libc.a(raise.lo)
 .text.raise    0x0001dd88       0x34 /home/abuild/rpmbuild/BUILD/allocator-shootout-demo-1.0.0/musl-inst/lib/libc.a(raise.lo)
                0x0001dd88                raise