mimalloc_static_audit=2026-08-06
packaging_micro_head=b93e05189e804c9907e1527471ad164531d86743
packaging_micro_worktree=b93e05189e804c9907e1527471ad164531d86743
packaging_timer_head=1edfdb12b6530b4d1b6b523ebdd8d2e913a48f70
packaging_timer_worktree=1edfdb12b6530b4d1b6b523ebdd8d2e913a48f70
probe_source_diff=EMPTY
original_results_sha256=78a1b548df00c7742e3fa5d3cca598faa1da5bdfccdf28c365e019bf5ee596f1
original_supplement_sha256=49f3210d507d7e96a855e087e5127ff2a89ac60990e79a9a020a9b7092c67ab6
mimalloc_archive_sha256=0eed39319f139afde8515010ff59baf24de9e47ea316a315398e8027d198202d
mimalloc_vcpkg_sha512=PASS
mimalloc_conan_center_sha256=PASS
mimalloc_independent_sources_confirmed=2
build_demo_bash32_feature_scan=EMPTY
spec_comment_macro_scan=EMPTY
bash_syntax=PASS
python_unit_tests=PASS count=4
existing_report_regression=BYTE_IDENTICAL
git_diff_check=PASS
review_checkbox=UNCHECKED
build_gate_rc=7
build_gate_output=MIMALLOC_BUILD_BLOCKED FatTank source digest review is not checked
formal_gbs_build=NOT_RUN reason=FatTank_source_digest_review_unchecked rerun=scripts/build_gbs.sh
board_deploy_runtime_gate=NOT_RUN reason=no_reviewed_RPM rerun=scripts/deploy.sh
four_variant_measurement=NOT_RUN reason=no_reviewed_deployment rerun=SDB_TARGET=192.168.108.25 scripts/run_board.sh
report_mimalloc_data=NOT_RUN reason=no_results_mimalloc
continuation_review_checkbox=CHECKED
continuation_frozen_sha256=PASS
formal_gbs_invoked=YES
formal_gbs_exit_code=1
formal_gbs_last_reached_stage=RPM_PREP
formal_gbs_failure=cp_cannot_stat_mimalloc-2.1.7.sha256
source5_hash_gate=NOT_REACHED
mimalloc_compile=NOT_RUN
mimalloc_link_gates=NOT_RUN
release2_rpm=NOT_GENERATED
deploy_runtime_banner_gates=NOT_RUN
four_variant_board_session=NOT_RUN
data_filled_report=NOT_RUN
continuation_disposition=PARKED_NEW_UNPREAUTHORIZED_FAILURE
